Archive member included to satisfy reference by file (symbol)

../niosHello_bsp//libhal_bsp.a(alt_load.o)
                              ../niosHello_bsp//obj/HAL/src/crt0.o (alt_load)
../niosHello_bsp//libhal_bsp.a(alt_main.o)
                              ../niosHello_bsp//obj/HAL/src/crt0.o (alt_main)
../niosHello_bsp//libhal_bsp.a(alt_usleep.o)
                              obj/default/hello_world.o (usleep)
../niosHello_bsp//libhal_bsp.a(alt_sys_init.o)
                              ../niosHello_bsp//libhal_bsp.a(alt_main.o) (alt_irq_init)
../niosHello_bsp//libhal_bsp.a(altera_avalon_jtag_uart_fd.o)
                              ../niosHello_bsp//libhal_bsp.a(alt_sys_init.o) (altera_avalon_jtag_uart_read_fd)
../niosHello_bsp//libhal_bsp.a(altera_avalon_jtag_uart_init.o)
                              ../niosHello_bsp//libhal_bsp.a(alt_sys_init.o) (altera_avalon_jtag_uart_init)
../niosHello_bsp//libhal_bsp.a(altera_avalon_jtag_uart_ioctl.o)
                              ../niosHello_bsp//libhal_bsp.a(altera_avalon_jtag_uart_fd.o) (altera_avalon_jtag_uart_ioctl)
../niosHello_bsp//libhal_bsp.a(altera_avalon_jtag_uart_read.o)
                              ../niosHello_bsp//libhal_bsp.a(altera_avalon_jtag_uart_fd.o) (altera_avalon_jtag_uart_read)
../niosHello_bsp//libhal_bsp.a(altera_avalon_jtag_uart_write.o)
                              ../niosHello_bsp//libhal_bsp.a(altera_avalon_jtag_uart_fd.o) (altera_avalon_jtag_uart_write)
../niosHello_bsp//libhal_bsp.a(alt_alarm_start.o)
                              ../niosHello_bsp//libhal_bsp.a(altera_avalon_jtag_uart_init.o) (alt_alarm_start)
../niosHello_bsp//libhal_bsp.a(alt_busy_sleep.o)
                              ../niosHello_bsp//libhal_bsp.a(alt_usleep.o) (alt_busy_sleep)
../niosHello_bsp//libhal_bsp.a(alt_close.o)
                              ../niosHello_bsp//libhal_bsp.a(alt_main.o) (close)
../niosHello_bsp//libhal_bsp.a(alt_dcache_flush_all.o)
                              ../niosHello_bsp//libhal_bsp.a(alt_load.o) (alt_dcache_flush_all)
../niosHello_bsp//libhal_bsp.a(alt_dev.o)
                              ../niosHello_bsp//libhal_bsp.a(alt_sys_init.o) (alt_dev_list)
../niosHello_bsp//libhal_bsp.a(alt_dev_llist_insert.o)
                              ../niosHello_bsp//libhal_bsp.a(alt_sys_init.o) (alt_dev_llist_insert)
../niosHello_bsp//libhal_bsp.a(alt_do_ctors.o)
                              ../niosHello_bsp//libhal_bsp.a(alt_main.o) (_do_ctors)
../niosHello_bsp//libhal_bsp.a(alt_do_dtors.o)
                              ../niosHello_bsp//libhal_bsp.a(alt_main.o) (_do_dtors)
../niosHello_bsp//libhal_bsp.a(alt_errno.o)
                              ../niosHello_bsp//libhal_bsp.a(alt_close.o) (alt_errno)
../niosHello_bsp//libhal_bsp.a(alt_icache_flush_all.o)
                              ../niosHello_bsp//libhal_bsp.a(alt_load.o) (alt_icache_flush_all)
../niosHello_bsp//libhal_bsp.a(alt_iic.o)
                              ../niosHello_bsp//libhal_bsp.a(altera_avalon_jtag_uart_init.o) (alt_ic_isr_register)
../niosHello_bsp//libhal_bsp.a(alt_iic_isr_register.o)
                              ../niosHello_bsp//libhal_bsp.a(alt_iic.o) (alt_iic_isr_register)
../niosHello_bsp//libhal_bsp.a(alt_io_redirect.o)
                              ../niosHello_bsp//libhal_bsp.a(alt_main.o) (alt_io_redirect)
../niosHello_bsp//libhal_bsp.a(alt_irq_entry.o)
                              ../niosHello_bsp//libhal_bsp.a(alt_iic_isr_register.o) (alt_irq_entry)
../niosHello_bsp//libhal_bsp.a(alt_irq_handler.o)
                              ../niosHello_bsp//libhal_bsp.a(alt_iic_isr_register.o) (alt_irq)
../niosHello_bsp//libhal_bsp.a(alt_irq_vars.o)
                              ../niosHello_bsp//libhal_bsp.a(alt_iic.o) (alt_irq_active)
../niosHello_bsp//libhal_bsp.a(alt_open.o)
                              ../niosHello_bsp//libhal_bsp.a(alt_io_redirect.o) (open)
../niosHello_bsp//libhal_bsp.a(alt_release_fd.o)
                              ../niosHello_bsp//libhal_bsp.a(alt_close.o) (alt_release_fd)
../niosHello_bsp//libhal_bsp.a(alt_tick.o)
                              ../niosHello_bsp//libhal_bsp.a(altera_avalon_jtag_uart_init.o) (_alt_tick_rate)
../niosHello_bsp//libhal_bsp.a(altera_nios2_gen2_irq.o)
                              ../niosHello_bsp//libhal_bsp.a(alt_sys_init.o) (altera_nios2_gen2_irq_init)
../niosHello_bsp//libhal_bsp.a(alt_exception_entry.o)
                              ../niosHello_bsp//libhal_bsp.a(alt_irq_entry.o) (alt_exception)
../niosHello_bsp//libhal_bsp.a(alt_find_dev.o)
                              ../niosHello_bsp//libhal_bsp.a(alt_open.o) (alt_find_dev)
../niosHello_bsp//libhal_bsp.a(alt_find_file.o)
                              ../niosHello_bsp//libhal_bsp.a(alt_open.o) (alt_find_file)
../niosHello_bsp//libhal_bsp.a(alt_get_fd.o)
                              ../niosHello_bsp//libhal_bsp.a(alt_open.o) (alt_get_fd)
../niosHello_bsp//libhal_bsp.a(alt_icache_flush.o)
                              ../niosHello_bsp//libhal_bsp.a(alt_icache_flush_all.o) (alt_icache_flush)
../niosHello_bsp//libhal_bsp.a(alt_instruction_exception_entry.o)
                              ../niosHello_bsp//libhal_bsp.a(alt_exception_entry.o) (alt_instruction_exception_entry)
/home/bruno/intelFPGA/18.1/nios2eds/bin/gnu/H-x86_64-pc-linux-gnu/bin/../lib/gcc/nios2-elf/5.3.0/../../../../../H-x86_64-pc-linux-gnu/nios2-elf/lib/libc.a(lib_a-atexit.o)
                              ../niosHello_bsp//libhal_bsp.a(alt_main.o) (atexit)
/home/bruno/intelFPGA/18.1/nios2eds/bin/gnu/H-x86_64-pc-linux-gnu/bin/../lib/gcc/nios2-elf/5.3.0/../../../../../H-x86_64-pc-linux-gnu/nios2-elf/lib/libc.a(lib_a-exit.o)
                              ../niosHello_bsp//libhal_bsp.a(alt_main.o) (exit)
/home/bruno/intelFPGA/18.1/nios2eds/bin/gnu/H-x86_64-pc-linux-gnu/bin/../lib/gcc/nios2-elf/5.3.0/../../../../../H-x86_64-pc-linux-gnu/nios2-elf/lib/libc.a(lib_a-impure.o)
                              /home/bruno/intelFPGA/18.1/nios2eds/bin/gnu/H-x86_64-pc-linux-gnu/bin/../lib/gcc/nios2-elf/5.3.0/../../../../../H-x86_64-pc-linux-gnu/nios2-elf/lib/libc.a(lib_a-exit.o) (_global_impure_ptr)
/home/bruno/intelFPGA/18.1/nios2eds/bin/gnu/H-x86_64-pc-linux-gnu/bin/../lib/gcc/nios2-elf/5.3.0/../../../../../H-x86_64-pc-linux-gnu/nios2-elf/lib/libc.a(lib_a-int_errno.o)
                              ../niosHello_bsp//libhal_bsp.a(alt_close.o) (errno)
/home/bruno/intelFPGA/18.1/nios2eds/bin/gnu/H-x86_64-pc-linux-gnu/bin/../lib/gcc/nios2-elf/5.3.0/../../../../../H-x86_64-pc-linux-gnu/nios2-elf/lib/libc.a(lib_a-memcmp.o)
                              ../niosHello_bsp//libhal_bsp.a(alt_find_dev.o) (memcmp)
/home/bruno/intelFPGA/18.1/nios2eds/bin/gnu/H-x86_64-pc-linux-gnu/bin/../lib/gcc/nios2-elf/5.3.0/../../../../../H-x86_64-pc-linux-gnu/nios2-elf/lib/libc.a(lib_a-memcpy.o)
                              ../niosHello_bsp//libhal_bsp.a(altera_avalon_jtag_uart_read.o) (memcpy)
/home/bruno/intelFPGA/18.1/nios2eds/bin/gnu/H-x86_64-pc-linux-gnu/bin/../lib/gcc/nios2-elf/5.3.0/../../../../../H-x86_64-pc-linux-gnu/nios2-elf/lib/libc.a(lib_a-strlen.o)
                              ../niosHello_bsp//libhal_bsp.a(alt_find_dev.o) (strlen)
/home/bruno/intelFPGA/18.1/nios2eds/bin/gnu/H-x86_64-pc-linux-gnu/bin/../lib/gcc/nios2-elf/5.3.0/../../../../../H-x86_64-pc-linux-gnu/nios2-elf/lib/libc.a(lib_a-__atexit.o)
                              /home/bruno/intelFPGA/18.1/nios2eds/bin/gnu/H-x86_64-pc-linux-gnu/bin/../lib/gcc/nios2-elf/5.3.0/../../../../../H-x86_64-pc-linux-gnu/nios2-elf/lib/libc.a(lib_a-atexit.o) (__register_exitproc)
/home/bruno/intelFPGA/18.1/nios2eds/bin/gnu/H-x86_64-pc-linux-gnu/bin/../lib/gcc/nios2-elf/5.3.0/../../../../../H-x86_64-pc-linux-gnu/nios2-elf/lib/libc.a(lib_a-__call_atexit.o)
                              /home/bruno/intelFPGA/18.1/nios2eds/bin/gnu/H-x86_64-pc-linux-gnu/bin/../lib/gcc/nios2-elf/5.3.0/../../../../../H-x86_64-pc-linux-gnu/nios2-elf/lib/libc.a(lib_a-exit.o) (__call_exitprocs)
/home/bruno/intelFPGA/18.1/nios2eds/bin/gnu/H-x86_64-pc-linux-gnu/bin/../lib/gcc/nios2-elf/5.3.0/libgcc.a(lib2-divmod.o)
                              ../niosHello_bsp//libhal_bsp.a(alt_busy_sleep.o) (__udivsi3)
../niosHello_bsp//libhal_bsp.a(alt_exit.o)
                              /home/bruno/intelFPGA/18.1/nios2eds/bin/gnu/H-x86_64-pc-linux-gnu/bin/../lib/gcc/nios2-elf/5.3.0/../../../../../H-x86_64-pc-linux-gnu/nios2-elf/lib/libc.a(lib_a-exit.o) (_exit)

Allocating common symbols
Common symbol       size              file

alt_irq             0x100             ../niosHello_bsp//libhal_bsp.a(alt_irq_handler.o)
errno               0x4               /home/bruno/intelFPGA/18.1/nios2eds/bin/gnu/H-x86_64-pc-linux-gnu/bin/../lib/gcc/nios2-elf/5.3.0/../../../../../H-x86_64-pc-linux-gnu/nios2-elf/lib/libc.a(lib_a-int_errno.o)

Memory Configuration

Name             Origin             Length             Attributes
reset            0x0000000000000000 0x0000000000000020
onchip_memory2_0 0x0000000000000020 0x0000000000018680
onchip_memory2_1 0x0000000000020000 0x000000000001d4c0
*default*        0x0000000000000000 0xffffffffffffffff

Linker script and memory map

LOAD ../niosHello_bsp//obj/HAL/src/crt0.o
LOAD obj/default/hello_world.o
LOAD /home/bruno/intelFPGA/18.1/nios2eds/bin/gnu/H-x86_64-pc-linux-gnu/bin/../lib/gcc/nios2-elf/5.3.0/../../../../../H-x86_64-pc-linux-gnu/nios2-elf/lib/libstdc++.a
LOAD /home/bruno/intelFPGA/18.1/nios2eds/bin/gnu/H-x86_64-pc-linux-gnu/bin/../lib/gcc/nios2-elf/5.3.0/../../../../../H-x86_64-pc-linux-gnu/nios2-elf/lib/libm.a
LOAD /home/bruno/intelFPGA/18.1/nios2eds/bin/gnu/H-x86_64-pc-linux-gnu/bin/../lib/gcc/nios2-elf/5.3.0/libgcc.a
START GROUP
LOAD /home/bruno/intelFPGA/18.1/nios2eds/bin/gnu/H-x86_64-pc-linux-gnu/bin/../lib/gcc/nios2-elf/5.3.0/../../../../../H-x86_64-pc-linux-gnu/nios2-elf/lib/libc.a
LOAD /home/bruno/intelFPGA/18.1/nios2eds/bin/gnu/H-x86_64-pc-linux-gnu/bin/../lib/gcc/nios2-elf/5.3.0/libgcc.a
LOAD ../niosHello_bsp//libhal_bsp.a
LOAD /home/bruno/intelFPGA/18.1/nios2eds/bin/gnu/H-x86_64-pc-linux-gnu/bin/../lib/gcc/nios2-elf/5.3.0/../../../../../H-x86_64-pc-linux-gnu/nios2-elf/lib/libm.a
END GROUP
LOAD /home/bruno/intelFPGA/18.1/nios2eds/bin/gnu/H-x86_64-pc-linux-gnu/bin/../lib/gcc/nios2-elf/5.3.0/libgcc.a
                0x0000000000000000                __alt_mem_onchip_memory2_0 = 0x0
                0x0000000000020000                __alt_mem_onchip_memory2_1 = 0x20000

.entry          0x0000000000000000       0x20
 *(.entry)
 .entry         0x0000000000000000       0x20 ../niosHello_bsp//obj/HAL/src/crt0.o
                0x0000000000000000                __reset

.exceptions     0x0000000000000020      0x224
                0x0000000000000020                PROVIDE (__ram_exceptions_start, ABSOLUTE (.))
                0x0000000000000020                . = ALIGN (0x20)
 *(.irq)
 *(.exceptions.entry.label)
 .exceptions.entry.label
                0x0000000000000020        0x0 ../niosHello_bsp//libhal_bsp.a(alt_irq_entry.o)
                0x0000000000000020                alt_irq_entry
 .exceptions.entry.label
                0x0000000000000020        0x0 ../niosHello_bsp//libhal_bsp.a(alt_exception_entry.o)
                0x0000000000000020                alt_exception
 *(.exceptions.entry.user)
 *(.exceptions.entry.ecc_fatal)
 *(.exceptions.entry)
 .exceptions.entry
                0x0000000000000020       0x54 ../niosHello_bsp//libhal_bsp.a(alt_exception_entry.o)
 *(.exceptions.irqtest.user)
 *(.exceptions.irqtest)
 .exceptions.irqtest
                0x0000000000000074       0x10 ../niosHello_bsp//libhal_bsp.a(alt_irq_entry.o)
 *(.exceptions.irqhandler.user)
 *(.exceptions.irqhandler)
 .exceptions.irqhandler
                0x0000000000000084        0x4 ../niosHello_bsp//libhal_bsp.a(alt_irq_entry.o)
 *(.exceptions.irqreturn.user)
 *(.exceptions.irqreturn)
 .exceptions.irqreturn
                0x0000000000000088        0x4 ../niosHello_bsp//libhal_bsp.a(alt_irq_entry.o)
 *(.exceptions.notirq.label)
 .exceptions.notirq.label
                0x000000000000008c        0x0 ../niosHello_bsp//libhal_bsp.a(alt_irq_entry.o)
 *(.exceptions.notirq.user)
 *(.exceptions.notirq)
 .exceptions.notirq
                0x000000000000008c        0x8 ../niosHello_bsp//libhal_bsp.a(alt_exception_entry.o)
 *(.exceptions.soft.user)
 *(.exceptions.soft)
 *(.exceptions.unknown.user)
 *(.exceptions.unknown)
 .exceptions.unknown
                0x0000000000000094       0x14 ../niosHello_bsp//libhal_bsp.a(alt_exception_entry.o)
 *(.exceptions.exit.label)
 .exceptions.exit.label
                0x00000000000000a8        0x0 ../niosHello_bsp//libhal_bsp.a(alt_irq_entry.o)
 .exceptions.exit.label
                0x00000000000000a8        0x0 ../niosHello_bsp//libhal_bsp.a(alt_exception_entry.o)
 *(.exceptions.exit.user)
 *(.exceptions.exit)
 .exceptions.exit
                0x00000000000000a8       0x54 ../niosHello_bsp//libhal_bsp.a(alt_exception_entry.o)
 *(.exceptions)
 .exceptions    0x00000000000000fc       0xd4 ../niosHello_bsp//libhal_bsp.a(alt_irq_handler.o)
                0x00000000000000fc                alt_irq_handler
 .exceptions    0x00000000000001d0       0x74 ../niosHello_bsp//libhal_bsp.a(alt_instruction_exception_entry.o)
                0x00000000000001d0                alt_instruction_exception_entry
                0x0000000000000244                PROVIDE (__ram_exceptions_end, ABSOLUTE (.))
                0x0000000000000020                PROVIDE (__flash_exceptions_start, LOADADDR (.exceptions))

.text           0x0000000000000244     0x2658
                [!provide]                        PROVIDE (stext, ABSOLUTE (.))
 *(.interp)
 *(.hash)
 *(.dynsym)
 *(.dynstr)
 *(.gnu.version)
 *(.gnu.version_d)
 *(.gnu.version_r)
 *(.rel.init)
 *(.rela.init)
 *(.rel.text .rel.text.* .rel.gnu.linkonce.t.*)
 *(.rela.text .rela.text.* .rela.gnu.linkonce.t.*)
 *(.rel.fini)
 *(.rela.fini)
 *(.rel.rodata .rel.rodata.* .rel.gnu.linkonce.r.*)
 *(.rela.rodata .rela.rodata.* .rela.gnu.linkonce.r.*)
 *(.rel.data .rel.data.* .rel.gnu.linkonce.d.*)
 *(.rela.data .rela.data.* .rela.gnu.linkonce.d.*)
 *(.rel.tdata .rel.tdata.* .rel.gnu.linkonce.td.*)
 *(.rela.tdata .rela.tdata.* .rela.gnu.linkonce.td.*)
 *(.rel.tbss .rel.tbss.* .rel.gnu.linkonce.tb.*)
 *(.rela.tbss .rela.tbss.* .rela.gnu.linkonce.tb.*)
 *(.rel.ctors)
 *(.rela.ctors)
 *(.rel.dtors)
 *(.rela.dtors)
 *(.rel.got)
 *(.rela.got)
 *(.rel.sdata .rel.sdata.* .rel.gnu.linkonce.s.*)
 *(.rela.sdata .rela.sdata.* .rela.gnu.linkonce.s.*)
 *(.rel.sbss .rel.sbss.* .rel.gnu.linkonce.sb.*)
 *(.rela.sbss .rela.sbss.* .rela.gnu.linkonce.sb.*)
 *(.rel.sdata2 .rel.sdata2.* .rel.gnu.linkonce.s2.*)
 *(.rela.sdata2 .rela.sdata2.* .rela.gnu.linkonce.s2.*)
 *(.rel.sbss2 .rel.sbss2.* .rel.gnu.linkonce.sb2.*)
 *(.rela.sbss2 .rela.sbss2.* .rela.gnu.linkonce.sb2.*)
 *(.rel.bss .rel.bss.* .rel.gnu.linkonce.b.*)
 *(.rela.bss .rela.bss.* .rela.gnu.linkonce.b.*)
 *(.rel.plt)
 *(.rela.plt)
 *(.rel.dyn)
 *(.init)
 *(.plt)
 *(.text .stub .text.* .gnu.linkonce.t.*)
 .text          0x0000000000000244       0x4c ../niosHello_bsp//obj/HAL/src/crt0.o
                0x0000000000000244                _start
 .text          0x0000000000000290       0x90 obj/default/hello_world.o
                0x0000000000000290                main
 .text          0x0000000000000320       0xec ../niosHello_bsp//libhal_bsp.a(alt_load.o)
                0x0000000000000388                alt_load
 .text          0x000000000000040c       0x7c ../niosHello_bsp//libhal_bsp.a(alt_main.o)
                0x000000000000040c                alt_main
 .text          0x0000000000000488       0x30 ../niosHello_bsp//libhal_bsp.a(alt_usleep.o)
                0x0000000000000488                usleep
 .text          0x00000000000004b8       0xb4 ../niosHello_bsp//libhal_bsp.a(alt_sys_init.o)
                0x00000000000004ec                alt_irq_init
                0x0000000000000524                alt_sys_init
 .text          0x000000000000056c      0x164 ../niosHello_bsp//libhal_bsp.a(altera_avalon_jtag_uart_fd.o)
                0x000000000000056c                altera_avalon_jtag_uart_read_fd
                0x00000000000005cc                altera_avalon_jtag_uart_write_fd
                0x000000000000062c                altera_avalon_jtag_uart_close_fd
                0x000000000000067c                altera_avalon_jtag_uart_ioctl_fd
 .text          0x00000000000006d0      0x3d4 ../niosHello_bsp//libhal_bsp.a(altera_avalon_jtag_uart_init.o)
                0x00000000000006d0                altera_avalon_jtag_uart_init
                0x0000000000000a3c                altera_avalon_jtag_uart_close
 .text          0x0000000000000aa4       0xf0 ../niosHello_bsp//libhal_bsp.a(altera_avalon_jtag_uart_ioctl.o)
                0x0000000000000aa4                altera_avalon_jtag_uart_ioctl
 .text          0x0000000000000b94      0x21c ../niosHello_bsp//libhal_bsp.a(altera_avalon_jtag_uart_read.o)
                0x0000000000000b94                altera_avalon_jtag_uart_read
 .text          0x0000000000000db0      0x224 ../niosHello_bsp//libhal_bsp.a(altera_avalon_jtag_uart_write.o)
                0x0000000000000db0                altera_avalon_jtag_uart_write
 .text          0x0000000000000fd4      0x12c ../niosHello_bsp//libhal_bsp.a(alt_alarm_start.o)
                0x0000000000000fd4                alt_alarm_start
 .text          0x0000000000001100      0x158 ../niosHello_bsp//libhal_bsp.a(alt_busy_sleep.o)
                0x0000000000001100                alt_busy_sleep
 .text          0x0000000000001258      0x10c ../niosHello_bsp//libhal_bsp.a(alt_close.o)
                0x0000000000001294                close
 .text          0x0000000000001364       0x48 ../niosHello_bsp//libhal_bsp.a(alt_dcache_flush_all.o)
                0x0000000000001364                alt_dcache_flush_all
 .text          0x00000000000013ac       0x2c ../niosHello_bsp//libhal_bsp.a(alt_dev.o)
 .text          0x00000000000013d8       0xe0 ../niosHello_bsp//libhal_bsp.a(alt_dev_llist_insert.o)
                0x0000000000001414                alt_dev_llist_insert
 .text          0x00000000000014b8       0x60 ../niosHello_bsp//libhal_bsp.a(alt_do_ctors.o)
                0x00000000000014b8                _do_ctors
 .text          0x0000000000001518       0x60 ../niosHello_bsp//libhal_bsp.a(alt_do_dtors.o)
                0x0000000000001518                _do_dtors
 .text          0x0000000000001578        0x0 ../niosHello_bsp//libhal_bsp.a(alt_errno.o)
 .text          0x0000000000001578       0x34 ../niosHello_bsp//libhal_bsp.a(alt_icache_flush_all.o)
                0x0000000000001578                alt_icache_flush_all
 .text          0x00000000000015ac      0x1b0 ../niosHello_bsp//libhal_bsp.a(alt_iic.o)
                0x00000000000015ac                alt_ic_isr_register
                0x00000000000015fc                alt_ic_irq_enable
                0x0000000000001684                alt_ic_irq_disable
                0x0000000000001710                alt_ic_irq_enabled
 .text          0x000000000000175c       0xf0 ../niosHello_bsp//libhal_bsp.a(alt_iic_isr_register.o)
                0x000000000000175c                alt_iic_isr_register
 .text          0x000000000000184c      0x140 ../niosHello_bsp//libhal_bsp.a(alt_io_redirect.o)
                0x0000000000001910                alt_io_redirect
 .text          0x000000000000198c        0x0 ../niosHello_bsp//libhal_bsp.a(alt_irq_entry.o)
 .text          0x000000000000198c        0x0 ../niosHello_bsp//libhal_bsp.a(alt_irq_handler.o)
 .text          0x000000000000198c        0x0 ../niosHello_bsp//libhal_bsp.a(alt_irq_vars.o)
 .text          0x000000000000198c      0x254 ../niosHello_bsp//libhal_bsp.a(alt_open.o)
                0x0000000000001a8c                open
 .text          0x0000000000001be0       0x64 ../niosHello_bsp//libhal_bsp.a(alt_release_fd.o)
                0x0000000000001be0                alt_release_fd
 .text          0x0000000000001c44      0x1a4 ../niosHello_bsp//libhal_bsp.a(alt_tick.o)
                0x0000000000001c44                alt_alarm_stop
                0x0000000000001ce0                alt_tick
 .text          0x0000000000001de8       0x24 ../niosHello_bsp//libhal_bsp.a(altera_nios2_gen2_irq.o)
                0x0000000000001de8                altera_nios2_gen2_irq_init
 .text          0x0000000000001e0c        0x0 ../niosHello_bsp//libhal_bsp.a(alt_exception_entry.o)
 .text          0x0000000000001e0c       0x90 ../niosHello_bsp//libhal_bsp.a(alt_find_dev.o)
                0x0000000000001e0c                alt_find_dev
 .text          0x0000000000001e9c      0x108 ../niosHello_bsp//libhal_bsp.a(alt_find_file.o)
                0x0000000000001e9c                alt_find_file
 .text          0x0000000000001fa4       0xa4 ../niosHello_bsp//libhal_bsp.a(alt_get_fd.o)
                0x0000000000001fa4                alt_get_fd
 .text          0x0000000000002048       0x90 ../niosHello_bsp//libhal_bsp.a(alt_icache_flush.o)
                0x0000000000002048                alt_icache_flush
 .text          0x00000000000020d8       0x9c ../niosHello_bsp//libhal_bsp.a(alt_instruction_exception_entry.o)
                0x00000000000020d8                alt_exception_cause_generated_bad_addr
 .text          0x0000000000002174        0x0 /home/bruno/intelFPGA/18.1/nios2eds/bin/gnu/H-x86_64-pc-linux-gnu/bin/../lib/gcc/nios2-elf/5.3.0/../../../../../H-x86_64-pc-linux-gnu/nios2-elf/lib/libc.a(lib_a-atexit.o)
 .text.atexit   0x0000000000002174       0x14 /home/bruno/intelFPGA/18.1/nios2eds/bin/gnu/H-x86_64-pc-linux-gnu/bin/../lib/gcc/nios2-elf/5.3.0/../../../../../H-x86_64-pc-linux-gnu/nios2-elf/lib/libc.a(lib_a-atexit.o)
                0x0000000000002174                atexit
 .text          0x0000000000002188        0x0 /home/bruno/intelFPGA/18.1/nios2eds/bin/gnu/H-x86_64-pc-linux-gnu/bin/../lib/gcc/nios2-elf/5.3.0/../../../../../H-x86_64-pc-linux-gnu/nios2-elf/lib/libc.a(lib_a-exit.o)
 .text.exit     0x0000000000002188       0x38 /home/bruno/intelFPGA/18.1/nios2eds/bin/gnu/H-x86_64-pc-linux-gnu/bin/../lib/gcc/nios2-elf/5.3.0/../../../../../H-x86_64-pc-linux-gnu/nios2-elf/lib/libc.a(lib_a-exit.o)
                0x0000000000002188                exit
 .text          0x00000000000021c0        0x0 /home/bruno/intelFPGA/18.1/nios2eds/bin/gnu/H-x86_64-pc-linux-gnu/bin/../lib/gcc/nios2-elf/5.3.0/../../../../../H-x86_64-pc-linux-gnu/nios2-elf/lib/libc.a(lib_a-impure.o)
 .text          0x00000000000021c0        0x0 /home/bruno/intelFPGA/18.1/nios2eds/bin/gnu/H-x86_64-pc-linux-gnu/bin/../lib/gcc/nios2-elf/5.3.0/../../../../../H-x86_64-pc-linux-gnu/nios2-elf/lib/libc.a(lib_a-int_errno.o)
 .text          0x00000000000021c0        0x0 /home/bruno/intelFPGA/18.1/nios2eds/bin/gnu/H-x86_64-pc-linux-gnu/bin/../lib/gcc/nios2-elf/5.3.0/../../../../../H-x86_64-pc-linux-gnu/nios2-elf/lib/libc.a(lib_a-memcmp.o)
 .text.memcmp   0x00000000000021c0       0x7c /home/bruno/intelFPGA/18.1/nios2eds/bin/gnu/H-x86_64-pc-linux-gnu/bin/../lib/gcc/nios2-elf/5.3.0/../../../../../H-x86_64-pc-linux-gnu/nios2-elf/lib/libc.a(lib_a-memcmp.o)
                0x00000000000021c0                memcmp
 .text          0x000000000000223c        0x0 /home/bruno/intelFPGA/18.1/nios2eds/bin/gnu/H-x86_64-pc-linux-gnu/bin/../lib/gcc/nios2-elf/5.3.0/../../../../../H-x86_64-pc-linux-gnu/nios2-elf/lib/libc.a(lib_a-memcpy.o)
 .text.memcpy   0x000000000000223c      0x148 /home/bruno/intelFPGA/18.1/nios2eds/bin/gnu/H-x86_64-pc-linux-gnu/bin/../lib/gcc/nios2-elf/5.3.0/../../../../../H-x86_64-pc-linux-gnu/nios2-elf/lib/libc.a(lib_a-memcpy.o)
                0x000000000000223c                memcpy
 .text          0x0000000000002384        0x0 /home/bruno/intelFPGA/18.1/nios2eds/bin/gnu/H-x86_64-pc-linux-gnu/bin/../lib/gcc/nios2-elf/5.3.0/../../../../../H-x86_64-pc-linux-gnu/nios2-elf/lib/libc.a(lib_a-strlen.o)
 .text.strlen   0x0000000000002384       0x98 /home/bruno/intelFPGA/18.1/nios2eds/bin/gnu/H-x86_64-pc-linux-gnu/bin/../lib/gcc/nios2-elf/5.3.0/../../../../../H-x86_64-pc-linux-gnu/nios2-elf/lib/libc.a(lib_a-strlen.o)
                0x0000000000002384                strlen
 .text          0x000000000000241c        0x0 /home/bruno/intelFPGA/18.1/nios2eds/bin/gnu/H-x86_64-pc-linux-gnu/bin/../lib/gcc/nios2-elf/5.3.0/../../../../../H-x86_64-pc-linux-gnu/nios2-elf/lib/libc.a(lib_a-__atexit.o)
 .text.__register_exitproc
                0x000000000000241c      0x118 /home/bruno/intelFPGA/18.1/nios2eds/bin/gnu/H-x86_64-pc-linux-gnu/bin/../lib/gcc/nios2-elf/5.3.0/../../../../../H-x86_64-pc-linux-gnu/nios2-elf/lib/libc.a(lib_a-__atexit.o)
                0x000000000000241c                __register_exitproc
 .text          0x0000000000002534        0x0 /home/bruno/intelFPGA/18.1/nios2eds/bin/gnu/H-x86_64-pc-linux-gnu/bin/../lib/gcc/nios2-elf/5.3.0/../../../../../H-x86_64-pc-linux-gnu/nios2-elf/lib/libc.a(lib_a-__call_atexit.o)
 .text.__call_exitprocs
                0x0000000000002534      0x180 /home/bruno/intelFPGA/18.1/nios2eds/bin/gnu/H-x86_64-pc-linux-gnu/bin/../lib/gcc/nios2-elf/5.3.0/../../../../../H-x86_64-pc-linux-gnu/nios2-elf/lib/libc.a(lib_a-__call_atexit.o)
                0x0000000000002534                __call_exitprocs
 .text          0x00000000000026b4      0x1b4 /home/bruno/intelFPGA/18.1/nios2eds/bin/gnu/H-x86_64-pc-linux-gnu/bin/../lib/gcc/nios2-elf/5.3.0/libgcc.a(lib2-divmod.o)
                0x00000000000026b4                __divsi3
                0x0000000000002738                __modsi3
                0x00000000000027ac                __udivsi3
                0x0000000000002810                __umodsi3
 .text          0x0000000000002868       0x34 ../niosHello_bsp//libhal_bsp.a(alt_exit.o)
                0x0000000000002868                _exit
 *(.gnu.warning.*)
 *(.fini)
                [!provide]                        PROVIDE (__etext, ABSOLUTE (.))
                [!provide]                        PROVIDE (_etext, ABSOLUTE (.))
                [!provide]                        PROVIDE (etext, ABSOLUTE (.))
 *(.eh_frame_hdr)
                0x000000000000289c                . = ALIGN (0x4)
                [!provide]                        PROVIDE (__preinit_array_start, ABSOLUTE (.))
 *(.preinit_array)
                [!provide]                        PROVIDE (__preinit_array_end, ABSOLUTE (.))
                [!provide]                        PROVIDE (__init_array_start, ABSOLUTE (.))
 *(.init_array)
                [!provide]                        PROVIDE (__init_array_end, ABSOLUTE (.))
                [!provide]                        PROVIDE (__fini_array_start, ABSOLUTE (.))
 *(.fini_array)
                [!provide]                        PROVIDE (__fini_array_end, ABSOLUTE (.))
 *(.eh_frame)
 *(.gcc_except_table .gcc_except_table.*)
 *(.dynamic)
                0x000000000000289c                PROVIDE (__CTOR_LIST__, ABSOLUTE (.))
 *(.ctors)
 *(SORT(.ctors.*))
                0x000000000000289c                PROVIDE (__CTOR_END__, ABSOLUTE (.))
                0x000000000000289c                PROVIDE (__DTOR_LIST__, ABSOLUTE (.))
 *(.dtors)
 *(SORT(.dtors.*))
                0x000000000000289c                PROVIDE (__DTOR_END__, ABSOLUTE (.))
 *(.jcr)
                0x000000000000289c                . = ALIGN (0x4)

.rodata         0x0000000000020000       0x38
                0x0000000000020000                PROVIDE (__ram_rodata_start, ABSOLUTE (.))
                0x0000000000020000                . = ALIGN (0x4)
 *(.rodata .rodata.* .gnu.linkonce.r.*)
 .rodata        0x0000000000020000       0x11 ../niosHello_bsp//libhal_bsp.a(alt_main.o)
 *fill*         0x0000000000020011        0x3 
 .rodata        0x0000000000020014       0x11 ../niosHello_bsp//libhal_bsp.a(alt_sys_init.o)
 *fill*         0x0000000000020025        0x3 
 .rodata        0x0000000000020028        0xa ../niosHello_bsp//libhal_bsp.a(alt_dev.o)
 *fill*         0x0000000000020032        0x2 
 .rodata.str1.4
                0x0000000000020034        0x4 /home/bruno/intelFPGA/18.1/nios2eds/bin/gnu/H-x86_64-pc-linux-gnu/bin/../lib/gcc/nios2-elf/5.3.0/../../../../../H-x86_64-pc-linux-gnu/nios2-elf/lib/libc.a(lib_a-impure.o)
                                          0x2 (size before relaxing)
 *(.rodata1)
                0x0000000000020038                . = ALIGN (0x4)
                0x0000000000020038                PROVIDE (__ram_rodata_end, ABSOLUTE (.))
                0x0000000000020000                PROVIDE (__flash_rodata_start, LOADADDR (.rodata))

.rwdata         0x0000000000020038     0x1658 load address 0x000000000000289c
                0x0000000000020038                PROVIDE (__ram_rwdata_start, ABSOLUTE (.))
                0x0000000000020038                . = ALIGN (0x4)
 *(.got.plt)
 *(.got)
 *(.data1)
 *(.data .data.* .gnu.linkonce.d.*)
 .data          0x0000000000020038        0x0 ../niosHello_bsp//obj/HAL/src/crt0.o
 .data          0x0000000000020038        0x0 obj/default/hello_world.o
 .data          0x0000000000020038        0x0 ../niosHello_bsp//libhal_bsp.a(alt_load.o)
 .data          0x0000000000020038        0x0 ../niosHello_bsp//libhal_bsp.a(alt_main.o)
 .data          0x0000000000020038        0x0 ../niosHello_bsp//libhal_bsp.a(alt_usleep.o)
 .data          0x0000000000020038     0x1060 ../niosHello_bsp//libhal_bsp.a(alt_sys_init.o)
 .data          0x0000000000021098        0x0 ../niosHello_bsp//libhal_bsp.a(altera_avalon_jtag_uart_fd.o)
 .data          0x0000000000021098        0x0 ../niosHello_bsp//libhal_bsp.a(altera_avalon_jtag_uart_init.o)
 .data          0x0000000000021098        0x0 ../niosHello_bsp//libhal_bsp.a(altera_avalon_jtag_uart_ioctl.o)
 .data          0x0000000000021098        0x0 ../niosHello_bsp//libhal_bsp.a(altera_avalon_jtag_uart_read.o)
 .data          0x0000000000021098        0x0 ../niosHello_bsp//libhal_bsp.a(altera_avalon_jtag_uart_write.o)
 .data          0x0000000000021098        0x0 ../niosHello_bsp//libhal_bsp.a(alt_alarm_start.o)
 .data          0x0000000000021098        0x0 ../niosHello_bsp//libhal_bsp.a(alt_busy_sleep.o)
 .data          0x0000000000021098        0x0 ../niosHello_bsp//libhal_bsp.a(alt_close.o)
 .data          0x0000000000021098        0x0 ../niosHello_bsp//libhal_bsp.a(alt_dcache_flush_all.o)
 .data          0x0000000000021098      0x1a8 ../niosHello_bsp//libhal_bsp.a(alt_dev.o)
                0x0000000000021098                alt_dev_null
                0x00000000000210c0                alt_fd_list
 .data          0x0000000000021240        0x0 ../niosHello_bsp//libhal_bsp.a(alt_dev_llist_insert.o)
 .data          0x0000000000021240        0x0 ../niosHello_bsp//libhal_bsp.a(alt_do_ctors.o)
 .data          0x0000000000021240        0x0 ../niosHello_bsp//libhal_bsp.a(alt_do_dtors.o)
 .data          0x0000000000021240        0x0 ../niosHello_bsp//libhal_bsp.a(alt_errno.o)
 .data          0x0000000000021240        0x0 ../niosHello_bsp//libhal_bsp.a(alt_icache_flush_all.o)
 .data          0x0000000000021240        0x0 ../niosHello_bsp//libhal_bsp.a(alt_iic.o)
 .data          0x0000000000021240        0x0 ../niosHello_bsp//libhal_bsp.a(alt_iic_isr_register.o)
 .data          0x0000000000021240        0x0 ../niosHello_bsp//libhal_bsp.a(alt_io_redirect.o)
 .data          0x0000000000021240        0x0 ../niosHello_bsp//libhal_bsp.a(alt_irq_entry.o)
 .data          0x0000000000021240        0x0 ../niosHello_bsp//libhal_bsp.a(alt_irq_handler.o)
 .data          0x0000000000021240        0x0 ../niosHello_bsp//libhal_bsp.a(alt_irq_vars.o)
 .data          0x0000000000021240        0x0 ../niosHello_bsp//libhal_bsp.a(alt_open.o)
 .data          0x0000000000021240        0x0 ../niosHello_bsp//libhal_bsp.a(alt_release_fd.o)
 .data          0x0000000000021240        0x0 ../niosHello_bsp//libhal_bsp.a(alt_tick.o)
 .data          0x0000000000021240        0x0 ../niosHello_bsp//libhal_bsp.a(altera_nios2_gen2_irq.o)
 .data          0x0000000000021240        0x0 ../niosHello_bsp//libhal_bsp.a(alt_exception_entry.o)
 .data          0x0000000000021240        0x0 ../niosHello_bsp//libhal_bsp.a(alt_find_dev.o)
 .data          0x0000000000021240        0x0 ../niosHello_bsp//libhal_bsp.a(alt_find_file.o)
 .data          0x0000000000021240        0x0 ../niosHello_bsp//libhal_bsp.a(alt_get_fd.o)
 .data          0x0000000000021240        0x0 ../niosHello_bsp//libhal_bsp.a(alt_icache_flush.o)
 .data          0x0000000000021240        0x0 ../niosHello_bsp//libhal_bsp.a(alt_instruction_exception_entry.o)
 .data          0x0000000000021240        0x0 /home/bruno/intelFPGA/18.1/nios2eds/bin/gnu/H-x86_64-pc-linux-gnu/bin/../lib/gcc/nios2-elf/5.3.0/../../../../../H-x86_64-pc-linux-gnu/nios2-elf/lib/libc.a(lib_a-atexit.o)
 .data          0x0000000000021240        0x0 /home/bruno/intelFPGA/18.1/nios2eds/bin/gnu/H-x86_64-pc-linux-gnu/bin/../lib/gcc/nios2-elf/5.3.0/../../../../../H-x86_64-pc-linux-gnu/nios2-elf/lib/libc.a(lib_a-exit.o)
 .data          0x0000000000021240        0x0 /home/bruno/intelFPGA/18.1/nios2eds/bin/gnu/H-x86_64-pc-linux-gnu/bin/../lib/gcc/nios2-elf/5.3.0/../../../../../H-x86_64-pc-linux-gnu/nios2-elf/lib/libc.a(lib_a-impure.o)
 .data.impure_data
                0x0000000000021240      0x424 /home/bruno/intelFPGA/18.1/nios2eds/bin/gnu/H-x86_64-pc-linux-gnu/bin/../lib/gcc/nios2-elf/5.3.0/../../../../../H-x86_64-pc-linux-gnu/nios2-elf/lib/libc.a(lib_a-impure.o)
 .data          0x0000000000021664        0x0 /home/bruno/intelFPGA/18.1/nios2eds/bin/gnu/H-x86_64-pc-linux-gnu/bin/../lib/gcc/nios2-elf/5.3.0/../../../../../H-x86_64-pc-linux-gnu/nios2-elf/lib/libc.a(lib_a-int_errno.o)
 .data          0x0000000000021664        0x0 /home/bruno/intelFPGA/18.1/nios2eds/bin/gnu/H-x86_64-pc-linux-gnu/bin/../lib/gcc/nios2-elf/5.3.0/../../../../../H-x86_64-pc-linux-gnu/nios2-elf/lib/libc.a(lib_a-memcmp.o)
 .data          0x0000000000021664        0x0 /home/bruno/intelFPGA/18.1/nios2eds/bin/gnu/H-x86_64-pc-linux-gnu/bin/../lib/gcc/nios2-elf/5.3.0/../../../../../H-x86_64-pc-linux-gnu/nios2-elf/lib/libc.a(lib_a-memcpy.o)
 .data          0x0000000000021664        0x0 /home/bruno/intelFPGA/18.1/nios2eds/bin/gnu/H-x86_64-pc-linux-gnu/bin/../lib/gcc/nios2-elf/5.3.0/../../../../../H-x86_64-pc-linux-gnu/nios2-elf/lib/libc.a(lib_a-strlen.o)
 .data          0x0000000000021664        0x0 /home/bruno/intelFPGA/18.1/nios2eds/bin/gnu/H-x86_64-pc-linux-gnu/bin/../lib/gcc/nios2-elf/5.3.0/../../../../../H-x86_64-pc-linux-gnu/nios2-elf/lib/libc.a(lib_a-__atexit.o)
 .data          0x0000000000021664        0x0 /home/bruno/intelFPGA/18.1/nios2eds/bin/gnu/H-x86_64-pc-linux-gnu/bin/../lib/gcc/nios2-elf/5.3.0/../../../../../H-x86_64-pc-linux-gnu/nios2-elf/lib/libc.a(lib_a-__call_atexit.o)
 .data          0x0000000000021664        0x0 /home/bruno/intelFPGA/18.1/nios2eds/bin/gnu/H-x86_64-pc-linux-gnu/bin/../lib/gcc/nios2-elf/5.3.0/libgcc.a(lib2-divmod.o)
 .data          0x0000000000021664        0x0 ../niosHello_bsp//libhal_bsp.a(alt_exit.o)
                0x0000000000029664                _gp = ABSOLUTE ((. + 0x8000))
                [!provide]                        PROVIDE (gp, _gp)
 *(.rwdata .rwdata.*)
 *(.sdata .sdata.* .gnu.linkonce.s.*)
 .sdata         0x0000000000021664       0x14 ../niosHello_bsp//libhal_bsp.a(alt_dev.o)
                0x0000000000021664                alt_fs_list
                0x000000000002166c                alt_dev_list
                0x0000000000021674                alt_max_fd
 .sdata         0x0000000000021678        0x4 ../niosHello_bsp//libhal_bsp.a(alt_errno.o)
                0x0000000000021678                alt_errno
 .sdata         0x000000000002167c        0x4 ../niosHello_bsp//libhal_bsp.a(alt_irq_vars.o)
                0x000000000002167c                alt_priority_mask
 .sdata         0x0000000000021680        0x8 ../niosHello_bsp//libhal_bsp.a(alt_tick.o)
                0x0000000000021680                alt_alarm_list
 .sdata._global_impure_ptr
                0x0000000000021688        0x4 /home/bruno/intelFPGA/18.1/nios2eds/bin/gnu/H-x86_64-pc-linux-gnu/bin/../lib/gcc/nios2-elf/5.3.0/../../../../../H-x86_64-pc-linux-gnu/nios2-elf/lib/libc.a(lib_a-impure.o)
                0x0000000000021688                _global_impure_ptr
 .sdata._impure_ptr
                0x000000000002168c        0x4 /home/bruno/intelFPGA/18.1/nios2eds/bin/gnu/H-x86_64-pc-linux-gnu/bin/../lib/gcc/nios2-elf/5.3.0/../../../../../H-x86_64-pc-linux-gnu/nios2-elf/lib/libc.a(lib_a-impure.o)
                0x000000000002168c                _impure_ptr
 *(.sdata2 .sdata2.* .gnu.linkonce.s2.*)
                0x0000000000021690                . = ALIGN (0x4)
                0x0000000000021690                _edata = ABSOLUTE (.)
                [!provide]                        PROVIDE (edata, ABSOLUTE (.))
                0x0000000000021690                PROVIDE (__ram_rwdata_end, ABSOLUTE (.))
                0x000000000000289c                PROVIDE (__flash_rwdata_start, LOADADDR (.rwdata))

.bss            0x0000000000021690      0x120 load address 0x0000000000003ef4
                0x0000000000021690                __bss_start = ABSOLUTE (.)
                [!provide]                        PROVIDE (__sbss_start, ABSOLUTE (.))
                [!provide]                        PROVIDE (___sbss_start, ABSOLUTE (.))
 *(.dynsbss)
 *(.sbss .sbss.* .gnu.linkonce.sb.*)
 .sbss          0x0000000000021690        0xc ../niosHello_bsp//libhal_bsp.a(alt_main.o)
                0x0000000000021690                alt_argc
                0x0000000000021694                alt_argv
                0x0000000000021698                alt_envp
 .sbss          0x000000000002169c        0x4 ../niosHello_bsp//libhal_bsp.a(alt_irq_vars.o)
                0x000000000002169c                alt_irq_active
 .sbss          0x00000000000216a0        0x8 ../niosHello_bsp//libhal_bsp.a(alt_tick.o)
                0x00000000000216a0                _alt_tick_rate
                0x00000000000216a4                _alt_nticks
 .sbss          0x00000000000216a8        0x4 ../niosHello_bsp//libhal_bsp.a(alt_instruction_exception_entry.o)
                0x00000000000216a8                alt_instruction_exception_handler
 .sbss          0x00000000000216ac        0x4 /home/bruno/intelFPGA/18.1/nios2eds/bin/gnu/H-x86_64-pc-linux-gnu/bin/../lib/gcc/nios2-elf/5.3.0/../../../../../H-x86_64-pc-linux-gnu/nios2-elf/lib/libc.a(lib_a-int_errno.o)
                0x00000000000216ac                errno
 *(.sbss2 .sbss2.* .gnu.linkonce.sb2.*)
 *(.scommon)
                [!provide]                        PROVIDE (__sbss_end, ABSOLUTE (.))
                [!provide]                        PROVIDE (___sbss_end, ABSOLUTE (.))
 *(.dynbss)
 *(.bss .bss.* .gnu.linkonce.b.*)
 .bss           0x00000000000216b0        0x0 ../niosHello_bsp//obj/HAL/src/crt0.o
 .bss           0x00000000000216b0        0x0 obj/default/hello_world.o
 .bss           0x00000000000216b0        0x0 ../niosHello_bsp//libhal_bsp.a(alt_load.o)
 .bss           0x00000000000216b0        0x0 ../niosHello_bsp//libhal_bsp.a(alt_main.o)
 .bss           0x00000000000216b0        0x0 ../niosHello_bsp//libhal_bsp.a(alt_usleep.o)
 .bss           0x00000000000216b0        0x0 ../niosHello_bsp//libhal_bsp.a(alt_sys_init.o)
 .bss           0x00000000000216b0        0x0 ../niosHello_bsp//libhal_bsp.a(altera_avalon_jtag_uart_fd.o)
 .bss           0x00000000000216b0        0x0 ../niosHello_bsp//libhal_bsp.a(altera_avalon_jtag_uart_init.o)
 .bss           0x00000000000216b0        0x0 ../niosHello_bsp//libhal_bsp.a(altera_avalon_jtag_uart_ioctl.o)
 .bss           0x00000000000216b0        0x0 ../niosHello_bsp//libhal_bsp.a(altera_avalon_jtag_uart_read.o)
 .bss           0x00000000000216b0        0x0 ../niosHello_bsp//libhal_bsp.a(altera_avalon_jtag_uart_write.o)
 .bss           0x00000000000216b0        0x0 ../niosHello_bsp//libhal_bsp.a(alt_alarm_start.o)
 .bss           0x00000000000216b0        0x0 ../niosHello_bsp//libhal_bsp.a(alt_busy_sleep.o)
 .bss           0x00000000000216b0        0x0 ../niosHello_bsp//libhal_bsp.a(alt_close.o)
 .bss           0x00000000000216b0        0x0 ../niosHello_bsp//libhal_bsp.a(alt_dcache_flush_all.o)
 .bss           0x00000000000216b0        0x0 ../niosHello_bsp//libhal_bsp.a(alt_dev.o)
 .bss           0x00000000000216b0        0x0 ../niosHello_bsp//libhal_bsp.a(alt_dev_llist_insert.o)
 .bss           0x00000000000216b0        0x0 ../niosHello_bsp//libhal_bsp.a(alt_do_ctors.o)
 .bss           0x00000000000216b0        0x0 ../niosHello_bsp//libhal_bsp.a(alt_do_dtors.o)
 .bss           0x00000000000216b0        0x0 ../niosHello_bsp//libhal_bsp.a(alt_errno.o)
 .bss           0x00000000000216b0        0x0 ../niosHello_bsp//libhal_bsp.a(alt_icache_flush_all.o)
 .bss           0x00000000000216b0        0x0 ../niosHello_bsp//libhal_bsp.a(alt_iic.o)
 .bss           0x00000000000216b0        0x0 ../niosHello_bsp//libhal_bsp.a(alt_iic_isr_register.o)
 .bss           0x00000000000216b0        0x0 ../niosHello_bsp//libhal_bsp.a(alt_io_redirect.o)
 .bss           0x00000000000216b0        0x0 ../niosHello_bsp//libhal_bsp.a(alt_irq_entry.o)
 .bss           0x00000000000216b0        0x0 ../niosHello_bsp//libhal_bsp.a(alt_irq_handler.o)
 .bss           0x00000000000216b0        0x0 ../niosHello_bsp//libhal_bsp.a(alt_irq_vars.o)
 .bss           0x00000000000216b0        0x0 ../niosHello_bsp//libhal_bsp.a(alt_open.o)
 .bss           0x00000000000216b0        0x0 ../niosHello_bsp//libhal_bsp.a(alt_release_fd.o)
 .bss           0x00000000000216b0        0x0 ../niosHello_bsp//libhal_bsp.a(alt_tick.o)
 .bss           0x00000000000216b0        0x0 ../niosHello_bsp//libhal_bsp.a(altera_nios2_gen2_irq.o)
 .bss           0x00000000000216b0        0x0 ../niosHello_bsp//libhal_bsp.a(alt_exception_entry.o)
 .bss           0x00000000000216b0        0x0 ../niosHello_bsp//libhal_bsp.a(alt_find_dev.o)
 .bss           0x00000000000216b0        0x0 ../niosHello_bsp//libhal_bsp.a(alt_find_file.o)
 .bss           0x00000000000216b0        0x0 ../niosHello_bsp//libhal_bsp.a(alt_get_fd.o)
 .bss           0x00000000000216b0        0x0 ../niosHello_bsp//libhal_bsp.a(alt_icache_flush.o)
 .bss           0x00000000000216b0        0x0 ../niosHello_bsp//libhal_bsp.a(alt_instruction_exception_entry.o)
 .bss           0x00000000000216b0        0x0 /home/bruno/intelFPGA/18.1/nios2eds/bin/gnu/H-x86_64-pc-linux-gnu/bin/../lib/gcc/nios2-elf/5.3.0/../../../../../H-x86_64-pc-linux-gnu/nios2-elf/lib/libc.a(lib_a-atexit.o)
 .bss           0x00000000000216b0        0x0 /home/bruno/intelFPGA/18.1/nios2eds/bin/gnu/H-x86_64-pc-linux-gnu/bin/../lib/gcc/nios2-elf/5.3.0/../../../../../H-x86_64-pc-linux-gnu/nios2-elf/lib/libc.a(lib_a-exit.o)
 .bss           0x00000000000216b0        0x0 /home/bruno/intelFPGA/18.1/nios2eds/bin/gnu/H-x86_64-pc-linux-gnu/bin/../lib/gcc/nios2-elf/5.3.0/../../../../../H-x86_64-pc-linux-gnu/nios2-elf/lib/libc.a(lib_a-impure.o)
 .bss           0x00000000000216b0        0x0 /home/bruno/intelFPGA/18.1/nios2eds/bin/gnu/H-x86_64-pc-linux-gnu/bin/../lib/gcc/nios2-elf/5.3.0/../../../../../H-x86_64-pc-linux-gnu/nios2-elf/lib/libc.a(lib_a-int_errno.o)
 .bss           0x00000000000216b0        0x0 /home/bruno/intelFPGA/18.1/nios2eds/bin/gnu/H-x86_64-pc-linux-gnu/bin/../lib/gcc/nios2-elf/5.3.0/../../../../../H-x86_64-pc-linux-gnu/nios2-elf/lib/libc.a(lib_a-memcmp.o)
 .bss           0x00000000000216b0        0x0 /home/bruno/intelFPGA/18.1/nios2eds/bin/gnu/H-x86_64-pc-linux-gnu/bin/../lib/gcc/nios2-elf/5.3.0/../../../../../H-x86_64-pc-linux-gnu/nios2-elf/lib/libc.a(lib_a-memcpy.o)
 .bss           0x00000000000216b0        0x0 /home/bruno/intelFPGA/18.1/nios2eds/bin/gnu/H-x86_64-pc-linux-gnu/bin/../lib/gcc/nios2-elf/5.3.0/../../../../../H-x86_64-pc-linux-gnu/nios2-elf/lib/libc.a(lib_a-strlen.o)
 .bss           0x00000000000216b0        0x0 /home/bruno/intelFPGA/18.1/nios2eds/bin/gnu/H-x86_64-pc-linux-gnu/bin/../lib/gcc/nios2-elf/5.3.0/../../../../../H-x86_64-pc-linux-gnu/nios2-elf/lib/libc.a(lib_a-__atexit.o)
 .bss           0x00000000000216b0        0x0 /home/bruno/intelFPGA/18.1/nios2eds/bin/gnu/H-x86_64-pc-linux-gnu/bin/../lib/gcc/nios2-elf/5.3.0/../../../../../H-x86_64-pc-linux-gnu/nios2-elf/lib/libc.a(lib_a-__call_atexit.o)
 .bss           0x00000000000216b0        0x0 /home/bruno/intelFPGA/18.1/nios2eds/bin/gnu/H-x86_64-pc-linux-gnu/bin/../lib/gcc/nios2-elf/5.3.0/libgcc.a(lib2-divmod.o)
 .bss           0x00000000000216b0        0x0 ../niosHello_bsp//libhal_bsp.a(alt_exit.o)
 *(COMMON)
 COMMON         0x00000000000216b0      0x100 ../niosHello_bsp//libhal_bsp.a(alt_irq_handler.o)
                0x00000000000216b0                alt_irq
                0x00000000000217b0                . = ALIGN (0x4)
                0x00000000000217b0                __bss_end = ABSOLUTE (.)

.onchip_memory2_0
                0x0000000000003ef4        0x0
                [!provide]                        PROVIDE (_alt_partition_onchip_memory2_0_start, ABSOLUTE (.))
 *(.onchip_memory2_0 .onchip_memory2_0. onchip_memory2_0.*)
                0x0000000000003ef4                . = ALIGN (0x4)
                [!provide]                        PROVIDE (_alt_partition_onchip_memory2_0_end, ABSOLUTE (.))
                [!provide]                        PROVIDE (_alt_partition_onchip_memory2_0_load_addr, LOADADDR (.onchip_memory2_0))

.onchip_memory2_1
                0x00000000000217b0        0x0 load address 0x0000000000003ef4
                [!provide]                        PROVIDE (_alt_partition_onchip_memory2_1_start, ABSOLUTE (.))
 *(.onchip_memory2_1 .onchip_memory2_1. onchip_memory2_1.*)
                0x00000000000217b0                . = ALIGN (0x4)
                [!provide]                        PROVIDE (_alt_partition_onchip_memory2_1_end, ABSOLUTE (.))
                0x00000000000217b0                _end = ABSOLUTE (.)
                0x00000000000217b0                end = ABSOLUTE (.)
                0x00000000000217b0                __alt_stack_base = ABSOLUTE (.)
                [!provide]                        PROVIDE (_alt_partition_onchip_memory2_1_load_addr, LOADADDR (.onchip_memory2_1))

.stab
 *(.stab)

.stabstr
 *(.stabstr)

.stab.excl
 *(.stab.excl)

.stab.exclstr
 *(.stab.exclstr)

.stab.index
 *(.stab.index)

.stab.indexstr
 *(.stab.indexstr)

.comment        0x0000000000000000       0x23
 *(.comment)
 .comment       0x0000000000000000       0x23 obj/default/hello_world.o
                                         0x24 (size before relaxing)
 .comment       0x0000000000000023       0x24 ../niosHello_bsp//libhal_bsp.a(alt_load.o)
 .comment       0x0000000000000023       0x24 ../niosHello_bsp//libhal_bsp.a(alt_main.o)
 .comment       0x0000000000000023       0x24 ../niosHello_bsp//libhal_bsp.a(alt_usleep.o)
 .comment       0x0000000000000023       0x24 ../niosHello_bsp//libhal_bsp.a(alt_sys_init.o)
 .comment       0x0000000000000023       0x24 ../niosHello_bsp//libhal_bsp.a(altera_avalon_jtag_uart_fd.o)
 .comment       0x0000000000000023       0x24 ../niosHello_bsp//libhal_bsp.a(altera_avalon_jtag_uart_init.o)
 .comment       0x0000000000000023       0x24 ../niosHello_bsp//libhal_bsp.a(altera_avalon_jtag_uart_ioctl.o)
 .comment       0x0000000000000023       0x24 ../niosHello_bsp//libhal_bsp.a(altera_avalon_jtag_uart_read.o)
 .comment       0x0000000000000023       0x24 ../niosHello_bsp//libhal_bsp.a(altera_avalon_jtag_uart_write.o)
 .comment       0x0000000000000023       0x24 ../niosHello_bsp//libhal_bsp.a(alt_alarm_start.o)
 .comment       0x0000000000000023       0x24 ../niosHello_bsp//libhal_bsp.a(alt_busy_sleep.o)
 .comment       0x0000000000000023       0x24 ../niosHello_bsp//libhal_bsp.a(alt_close.o)
 .comment       0x0000000000000023       0x24 ../niosHello_bsp//libhal_bsp.a(alt_dcache_flush_all.o)
 .comment       0x0000000000000023       0x24 ../niosHello_bsp//libhal_bsp.a(alt_dev.o)
 .comment       0x0000000000000023       0x24 ../niosHello_bsp//libhal_bsp.a(alt_dev_llist_insert.o)
 .comment       0x0000000000000023       0x24 ../niosHello_bsp//libhal_bsp.a(alt_do_ctors.o)
 .comment       0x0000000000000023       0x24 ../niosHello_bsp//libhal_bsp.a(alt_do_dtors.o)
 .comment       0x0000000000000023       0x24 ../niosHello_bsp//libhal_bsp.a(alt_errno.o)
 .comment       0x0000000000000023       0x24 ../niosHello_bsp//libhal_bsp.a(alt_icache_flush_all.o)
 .comment       0x0000000000000023       0x24 ../niosHello_bsp//libhal_bsp.a(alt_iic.o)
 .comment       0x0000000000000023       0x24 ../niosHello_bsp//libhal_bsp.a(alt_iic_isr_register.o)
 .comment       0x0000000000000023       0x24 ../niosHello_bsp//libhal_bsp.a(alt_io_redirect.o)
 .comment       0x0000000000000023       0x24 ../niosHello_bsp//libhal_bsp.a(alt_irq_handler.o)
 .comment       0x0000000000000023       0x24 ../niosHello_bsp//libhal_bsp.a(alt_irq_vars.o)
 .comment       0x0000000000000023       0x24 ../niosHello_bsp//libhal_bsp.a(alt_open.o)
 .comment       0x0000000000000023       0x24 ../niosHello_bsp//libhal_bsp.a(alt_release_fd.o)
 .comment       0x0000000000000023       0x24 ../niosHello_bsp//libhal_bsp.a(alt_tick.o)
 .comment       0x0000000000000023       0x24 ../niosHello_bsp//libhal_bsp.a(altera_nios2_gen2_irq.o)
 .comment       0x0000000000000023       0x24 ../niosHello_bsp//libhal_bsp.a(alt_find_dev.o)
 .comment       0x0000000000000023       0x24 ../niosHello_bsp//libhal_bsp.a(alt_find_file.o)
 .comment       0x0000000000000023       0x24 ../niosHello_bsp//libhal_bsp.a(alt_get_fd.o)
 .comment       0x0000000000000023       0x24 ../niosHello_bsp//libhal_bsp.a(alt_icache_flush.o)
 .comment       0x0000000000000023       0x24 ../niosHello_bsp//libhal_bsp.a(alt_instruction_exception_entry.o)
 .comment       0x0000000000000023       0x24 /home/bruno/intelFPGA/18.1/nios2eds/bin/gnu/H-x86_64-pc-linux-gnu/bin/../lib/gcc/nios2-elf/5.3.0/../../../../../H-x86_64-pc-linux-gnu/nios2-elf/lib/libc.a(lib_a-atexit.o)
 .comment       0x0000000000000023       0x24 /home/bruno/intelFPGA/18.1/nios2eds/bin/gnu/H-x86_64-pc-linux-gnu/bin/../lib/gcc/nios2-elf/5.3.0/../../../../../H-x86_64-pc-linux-gnu/nios2-elf/lib/libc.a(lib_a-exit.o)
 .comment       0x0000000000000023       0x24 /home/bruno/intelFPGA/18.1/nios2eds/bin/gnu/H-x86_64-pc-linux-gnu/bin/../lib/gcc/nios2-elf/5.3.0/../../../../../H-x86_64-pc-linux-gnu/nios2-elf/lib/libc.a(lib_a-impure.o)
 .comment       0x0000000000000023       0x24 /home/bruno/intelFPGA/18.1/nios2eds/bin/gnu/H-x86_64-pc-linux-gnu/bin/../lib/gcc/nios2-elf/5.3.0/../../../../../H-x86_64-pc-linux-gnu/nios2-elf/lib/libc.a(lib_a-int_errno.o)
 .comment       0x0000000000000023       0x24 /home/bruno/intelFPGA/18.1/nios2eds/bin/gnu/H-x86_64-pc-linux-gnu/bin/../lib/gcc/nios2-elf/5.3.0/../../../../../H-x86_64-pc-linux-gnu/nios2-elf/lib/libc.a(lib_a-memcmp.o)
 .comment       0x0000000000000023       0x24 /home/bruno/intelFPGA/18.1/nios2eds/bin/gnu/H-x86_64-pc-linux-gnu/bin/../lib/gcc/nios2-elf/5.3.0/../../../../../H-x86_64-pc-linux-gnu/nios2-elf/lib/libc.a(lib_a-memcpy.o)
 .comment       0x0000000000000023       0x24 /home/bruno/intelFPGA/18.1/nios2eds/bin/gnu/H-x86_64-pc-linux-gnu/bin/../lib/gcc/nios2-elf/5.3.0/../../../../../H-x86_64-pc-linux-gnu/nios2-elf/lib/libc.a(lib_a-strlen.o)
 .comment       0x0000000000000023       0x24 /home/bruno/intelFPGA/18.1/nios2eds/bin/gnu/H-x86_64-pc-linux-gnu/bin/../lib/gcc/nios2-elf/5.3.0/../../../../../H-x86_64-pc-linux-gnu/nios2-elf/lib/libc.a(lib_a-__atexit.o)
 .comment       0x0000000000000023       0x24 /home/bruno/intelFPGA/18.1/nios2eds/bin/gnu/H-x86_64-pc-linux-gnu/bin/../lib/gcc/nios2-elf/5.3.0/../../../../../H-x86_64-pc-linux-gnu/nios2-elf/lib/libc.a(lib_a-__call_atexit.o)
 .comment       0x0000000000000023       0x24 /home/bruno/intelFPGA/18.1/nios2eds/bin/gnu/H-x86_64-pc-linux-gnu/bin/../lib/gcc/nios2-elf/5.3.0/libgcc.a(lib2-divmod.o)
 .comment       0x0000000000000023       0x24 ../niosHello_bsp//libhal_bsp.a(alt_exit.o)

.debug
 *(.debug)

.line
 *(.line)

.debug_srcinfo
 *(.debug_srcinfo)

.debug_sfnames
 *(.debug_sfnames)

.debug_aranges  0x0000000000000000      0x618
 *(.debug_aranges)
 .debug_aranges
                0x0000000000000000       0x28 ../niosHello_bsp//obj/HAL/src/crt0.o
 .debug_aranges
                0x0000000000000028       0x20 obj/default/hello_world.o
 .debug_aranges
                0x0000000000000048       0x20 ../niosHello_bsp//libhal_bsp.a(alt_load.o)
 .debug_aranges
                0x0000000000000068       0x20 ../niosHello_bsp//libhal_bsp.a(alt_main.o)
 .debug_aranges
                0x0000000000000088       0x20 ../niosHello_bsp//libhal_bsp.a(alt_usleep.o)
 .debug_aranges
                0x00000000000000a8       0x20 ../niosHello_bsp//libhal_bsp.a(alt_sys_init.o)
 .debug_aranges
                0x00000000000000c8       0x20 ../niosHello_bsp//libhal_bsp.a(altera_avalon_jtag_uart_fd.o)
 .debug_aranges
                0x00000000000000e8       0x20 ../niosHello_bsp//libhal_bsp.a(altera_avalon_jtag_uart_init.o)
 .debug_aranges
                0x0000000000000108       0x20 ../niosHello_bsp//libhal_bsp.a(altera_avalon_jtag_uart_ioctl.o)
 .debug_aranges
                0x0000000000000128       0x20 ../niosHello_bsp//libhal_bsp.a(altera_avalon_jtag_uart_read.o)
 .debug_aranges
                0x0000000000000148       0x20 ../niosHello_bsp//libhal_bsp.a(altera_avalon_jtag_uart_write.o)
 .debug_aranges
                0x0000000000000168       0x20 ../niosHello_bsp//libhal_bsp.a(alt_alarm_start.o)
 .debug_aranges
                0x0000000000000188       0x20 ../niosHello_bsp//libhal_bsp.a(alt_busy_sleep.o)
 .debug_aranges
                0x00000000000001a8       0x20 ../niosHello_bsp//libhal_bsp.a(alt_close.o)
 .debug_aranges
                0x00000000000001c8       0x20 ../niosHello_bsp//libhal_bsp.a(alt_dcache_flush_all.o)
 .debug_aranges
                0x00000000000001e8       0x20 ../niosHello_bsp//libhal_bsp.a(alt_dev.o)
 .debug_aranges
                0x0000000000000208       0x20 ../niosHello_bsp//libhal_bsp.a(alt_dev_llist_insert.o)
 .debug_aranges
                0x0000000000000228       0x20 ../niosHello_bsp//libhal_bsp.a(alt_do_ctors.o)
 .debug_aranges
                0x0000000000000248       0x20 ../niosHello_bsp//libhal_bsp.a(alt_do_dtors.o)
 .debug_aranges
                0x0000000000000268       0x18 ../niosHello_bsp//libhal_bsp.a(alt_errno.o)
 .debug_aranges
                0x0000000000000280       0x20 ../niosHello_bsp//libhal_bsp.a(alt_icache_flush_all.o)
 .debug_aranges
                0x00000000000002a0       0x20 ../niosHello_bsp//libhal_bsp.a(alt_iic.o)
 .debug_aranges
                0x00000000000002c0       0x20 ../niosHello_bsp//libhal_bsp.a(alt_iic_isr_register.o)
 .debug_aranges
                0x00000000000002e0       0x20 ../niosHello_bsp//libhal_bsp.a(alt_io_redirect.o)
 .debug_aranges
                0x0000000000000300       0x30 ../niosHello_bsp//libhal_bsp.a(alt_irq_entry.o)
 .debug_aranges
                0x0000000000000330       0x20 ../niosHello_bsp//libhal_bsp.a(alt_irq_handler.o)
 .debug_aranges
                0x0000000000000350       0x18 ../niosHello_bsp//libhal_bsp.a(alt_irq_vars.o)
 .debug_aranges
                0x0000000000000368       0x20 ../niosHello_bsp//libhal_bsp.a(alt_open.o)
 .debug_aranges
                0x0000000000000388       0x20 ../niosHello_bsp//libhal_bsp.a(alt_release_fd.o)
 .debug_aranges
                0x00000000000003a8       0x20 ../niosHello_bsp//libhal_bsp.a(alt_tick.o)
 .debug_aranges
                0x00000000000003c8       0x20 ../niosHello_bsp//libhal_bsp.a(altera_nios2_gen2_irq.o)
 .debug_aranges
                0x00000000000003e8       0x38 ../niosHello_bsp//libhal_bsp.a(alt_exception_entry.o)
 .debug_aranges
                0x0000000000000420       0x20 ../niosHello_bsp//libhal_bsp.a(alt_find_dev.o)
 .debug_aranges
                0x0000000000000440       0x20 ../niosHello_bsp//libhal_bsp.a(alt_find_file.o)
 .debug_aranges
                0x0000000000000460       0x20 ../niosHello_bsp//libhal_bsp.a(alt_get_fd.o)
 .debug_aranges
                0x0000000000000480       0x20 ../niosHello_bsp//libhal_bsp.a(alt_icache_flush.o)
 .debug_aranges
                0x00000000000004a0       0x28 ../niosHello_bsp//libhal_bsp.a(alt_instruction_exception_entry.o)
 .debug_aranges
                0x00000000000004c8       0x20 /home/bruno/intelFPGA/18.1/nios2eds/bin/gnu/H-x86_64-pc-linux-gnu/bin/../lib/gcc/nios2-elf/5.3.0/../../../../../H-x86_64-pc-linux-gnu/nios2-elf/lib/libc.a(lib_a-atexit.o)
 .debug_aranges
                0x00000000000004e8       0x20 /home/bruno/intelFPGA/18.1/nios2eds/bin/gnu/H-x86_64-pc-linux-gnu/bin/../lib/gcc/nios2-elf/5.3.0/../../../../../H-x86_64-pc-linux-gnu/nios2-elf/lib/libc.a(lib_a-exit.o)
 .debug_aranges
                0x0000000000000508       0x18 /home/bruno/intelFPGA/18.1/nios2eds/bin/gnu/H-x86_64-pc-linux-gnu/bin/../lib/gcc/nios2-elf/5.3.0/../../../../../H-x86_64-pc-linux-gnu/nios2-elf/lib/libc.a(lib_a-impure.o)
 .debug_aranges
                0x0000000000000520       0x18 /home/bruno/intelFPGA/18.1/nios2eds/bin/gnu/H-x86_64-pc-linux-gnu/bin/../lib/gcc/nios2-elf/5.3.0/../../../../../H-x86_64-pc-linux-gnu/nios2-elf/lib/libc.a(lib_a-int_errno.o)
 .debug_aranges
                0x0000000000000538       0x20 /home/bruno/intelFPGA/18.1/nios2eds/bin/gnu/H-x86_64-pc-linux-gnu/bin/../lib/gcc/nios2-elf/5.3.0/../../../../../H-x86_64-pc-linux-gnu/nios2-elf/lib/libc.a(lib_a-memcmp.o)
 .debug_aranges
                0x0000000000000558       0x20 /home/bruno/intelFPGA/18.1/nios2eds/bin/gnu/H-x86_64-pc-linux-gnu/bin/../lib/gcc/nios2-elf/5.3.0/../../../../../H-x86_64-pc-linux-gnu/nios2-elf/lib/libc.a(lib_a-memcpy.o)
 .debug_aranges
                0x0000000000000578       0x20 /home/bruno/intelFPGA/18.1/nios2eds/bin/gnu/H-x86_64-pc-linux-gnu/bin/../lib/gcc/nios2-elf/5.3.0/../../../../../H-x86_64-pc-linux-gnu/nios2-elf/lib/libc.a(lib_a-strlen.o)
 .debug_aranges
                0x0000000000000598       0x20 /home/bruno/intelFPGA/18.1/nios2eds/bin/gnu/H-x86_64-pc-linux-gnu/bin/../lib/gcc/nios2-elf/5.3.0/../../../../../H-x86_64-pc-linux-gnu/nios2-elf/lib/libc.a(lib_a-__atexit.o)
 .debug_aranges
                0x00000000000005b8       0x20 /home/bruno/intelFPGA/18.1/nios2eds/bin/gnu/H-x86_64-pc-linux-gnu/bin/../lib/gcc/nios2-elf/5.3.0/../../../../../H-x86_64-pc-linux-gnu/nios2-elf/lib/libc.a(lib_a-__call_atexit.o)
 .debug_aranges
                0x00000000000005d8       0x20 /home/bruno/intelFPGA/18.1/nios2eds/bin/gnu/H-x86_64-pc-linux-gnu/bin/../lib/gcc/nios2-elf/5.3.0/libgcc.a(lib2-divmod.o)
 .debug_aranges
                0x00000000000005f8       0x20 ../niosHello_bsp//libhal_bsp.a(alt_exit.o)

.debug_pubnames
 *(.debug_pubnames)

.debug_info     0x0000000000000000     0x7a08
 *(.debug_info .gnu.linkonce.wi.*)
 .debug_info    0x0000000000000000       0x90 ../niosHello_bsp//obj/HAL/src/crt0.o
 .debug_info    0x0000000000000090       0xd5 obj/default/hello_world.o
 .debug_info    0x0000000000000165      0x145 ../niosHello_bsp//libhal_bsp.a(alt_load.o)
 .debug_info    0x00000000000002aa      0x131 ../niosHello_bsp//libhal_bsp.a(alt_main.o)
 .debug_info    0x00000000000003db       0xb0 ../niosHello_bsp//libhal_bsp.a(alt_usleep.o)
 .debug_info    0x000000000000048b      0x4c3 ../niosHello_bsp//libhal_bsp.a(alt_sys_init.o)
 .debug_info    0x000000000000094e      0x52e ../niosHello_bsp//libhal_bsp.a(altera_avalon_jtag_uart_fd.o)
 .debug_info    0x0000000000000e7c      0x3a0 ../niosHello_bsp//libhal_bsp.a(altera_avalon_jtag_uart_init.o)
 .debug_info    0x000000000000121c      0x280 ../niosHello_bsp//libhal_bsp.a(altera_avalon_jtag_uart_ioctl.o)
 .debug_info    0x000000000000149c      0x345 ../niosHello_bsp//libhal_bsp.a(altera_avalon_jtag_uart_read.o)
 .debug_info    0x00000000000017e1      0x340 ../niosHello_bsp//libhal_bsp.a(altera_avalon_jtag_uart_write.o)
 .debug_info    0x0000000000001b21      0x2cc ../niosHello_bsp//libhal_bsp.a(alt_alarm_start.o)
 .debug_info    0x0000000000001ded       0xd7 ../niosHello_bsp//libhal_bsp.a(alt_busy_sleep.o)
 .debug_info    0x0000000000001ec4      0x321 ../niosHello_bsp//libhal_bsp.a(alt_close.o)
 .debug_info    0x00000000000021e5       0xa5 ../niosHello_bsp//libhal_bsp.a(alt_dcache_flush_all.o)
 .debug_info    0x000000000000228a      0x49c ../niosHello_bsp//libhal_bsp.a(alt_dev.o)
 .debug_info    0x0000000000002726      0x1a9 ../niosHello_bsp//libhal_bsp.a(alt_dev_llist_insert.o)
 .debug_info    0x00000000000028cf       0x83 ../niosHello_bsp//libhal_bsp.a(alt_do_ctors.o)
 .debug_info    0x0000000000002952       0x83 ../niosHello_bsp//libhal_bsp.a(alt_do_dtors.o)
 .debug_info    0x00000000000029d5       0xa6 ../niosHello_bsp//libhal_bsp.a(alt_errno.o)
 .debug_info    0x0000000000002a7b       0x92 ../niosHello_bsp//libhal_bsp.a(alt_icache_flush_all.o)
 .debug_info    0x0000000000002b0d      0x350 ../niosHello_bsp//libhal_bsp.a(alt_iic.o)
 .debug_info    0x0000000000002e5d      0x1ef ../niosHello_bsp//libhal_bsp.a(alt_iic_isr_register.o)
 .debug_info    0x000000000000304c      0x4a5 ../niosHello_bsp//libhal_bsp.a(alt_io_redirect.o)
 .debug_info    0x00000000000034f1       0x99 ../niosHello_bsp//libhal_bsp.a(alt_irq_entry.o)
 .debug_info    0x000000000000358a      0x187 ../niosHello_bsp//libhal_bsp.a(alt_irq_handler.o)
 .debug_info    0x0000000000003711       0x88 ../niosHello_bsp//libhal_bsp.a(alt_irq_vars.o)
 .debug_info    0x0000000000003799      0x3bb ../niosHello_bsp//libhal_bsp.a(alt_open.o)
 .debug_info    0x0000000000003b54      0x2b0 ../niosHello_bsp//libhal_bsp.a(alt_release_fd.o)
 .debug_info    0x0000000000003e04      0x299 ../niosHello_bsp//libhal_bsp.a(alt_tick.o)
 .debug_info    0x000000000000409d       0x92 ../niosHello_bsp//libhal_bsp.a(altera_nios2_gen2_irq.o)
 .debug_info    0x000000000000412f       0x9f ../niosHello_bsp//libhal_bsp.a(alt_exception_entry.o)
 .debug_info    0x00000000000041ce      0x2e9 ../niosHello_bsp//libhal_bsp.a(alt_find_dev.o)
 .debug_info    0x00000000000044b7      0x2e6 ../niosHello_bsp//libhal_bsp.a(alt_find_file.o)
 .debug_info    0x000000000000479d      0x310 ../niosHello_bsp//libhal_bsp.a(alt_get_fd.o)
 .debug_info    0x0000000000004aad       0xdc ../niosHello_bsp//libhal_bsp.a(alt_icache_flush.o)
 .debug_info    0x0000000000004b89      0x1e7 ../niosHello_bsp//libhal_bsp.a(alt_instruction_exception_entry.o)
 .debug_info    0x0000000000004d70       0xfe /home/bruno/intelFPGA/18.1/nios2eds/bin/gnu/H-x86_64-pc-linux-gnu/bin/../lib/gcc/nios2-elf/5.3.0/../../../../../H-x86_64-pc-linux-gnu/nios2-elf/lib/libc.a(lib_a-atexit.o)
 .debug_info    0x0000000000004e6e      0x8e4 /home/bruno/intelFPGA/18.1/nios2eds/bin/gnu/H-x86_64-pc-linux-gnu/bin/../lib/gcc/nios2-elf/5.3.0/../../../../../H-x86_64-pc-linux-gnu/nios2-elf/lib/libc.a(lib_a-exit.o)
 .debug_info    0x0000000000005752      0x8a1 /home/bruno/intelFPGA/18.1/nios2eds/bin/gnu/H-x86_64-pc-linux-gnu/bin/../lib/gcc/nios2-elf/5.3.0/../../../../../H-x86_64-pc-linux-gnu/nios2-elf/lib/libc.a(lib_a-impure.o)
 .debug_info    0x0000000000005ff3       0x8a /home/bruno/intelFPGA/18.1/nios2eds/bin/gnu/H-x86_64-pc-linux-gnu/bin/../lib/gcc/nios2-elf/5.3.0/../../../../../H-x86_64-pc-linux-gnu/nios2-elf/lib/libc.a(lib_a-int_errno.o)
 .debug_info    0x000000000000607d      0x11a /home/bruno/intelFPGA/18.1/nios2eds/bin/gnu/H-x86_64-pc-linux-gnu/bin/../lib/gcc/nios2-elf/5.3.0/../../../../../H-x86_64-pc-linux-gnu/nios2-elf/lib/libc.a(lib_a-memcmp.o)
 .debug_info    0x0000000000006197      0x144 /home/bruno/intelFPGA/18.1/nios2eds/bin/gnu/H-x86_64-pc-linux-gnu/bin/../lib/gcc/nios2-elf/5.3.0/../../../../../H-x86_64-pc-linux-gnu/nios2-elf/lib/libc.a(lib_a-memcpy.o)
 .debug_info    0x00000000000062db       0xe2 /home/bruno/intelFPGA/18.1/nios2eds/bin/gnu/H-x86_64-pc-linux-gnu/bin/../lib/gcc/nios2-elf/5.3.0/../../../../../H-x86_64-pc-linux-gnu/nios2-elf/lib/libc.a(lib_a-strlen.o)
 .debug_info    0x00000000000063bd      0x934 /home/bruno/intelFPGA/18.1/nios2eds/bin/gnu/H-x86_64-pc-linux-gnu/bin/../lib/gcc/nios2-elf/5.3.0/../../../../../H-x86_64-pc-linux-gnu/nios2-elf/lib/libc.a(lib_a-__atexit.o)
 .debug_info    0x0000000000006cf1      0x965 /home/bruno/intelFPGA/18.1/nios2eds/bin/gnu/H-x86_64-pc-linux-gnu/bin/../lib/gcc/nios2-elf/5.3.0/../../../../../H-x86_64-pc-linux-gnu/nios2-elf/lib/libc.a(lib_a-__call_atexit.o)
 .debug_info    0x0000000000007656      0x2c6 /home/bruno/intelFPGA/18.1/nios2eds/bin/gnu/H-x86_64-pc-linux-gnu/bin/../lib/gcc/nios2-elf/5.3.0/libgcc.a(lib2-divmod.o)
 .debug_info    0x000000000000791c       0xec ../niosHello_bsp//libhal_bsp.a(alt_exit.o)

.debug_abbrev   0x0000000000000000     0x2b63
 *(.debug_abbrev)
 .debug_abbrev  0x0000000000000000       0x12 ../niosHello_bsp//obj/HAL/src/crt0.o
 .debug_abbrev  0x0000000000000012       0x8e obj/default/hello_world.o
 .debug_abbrev  0x00000000000000a0       0x9f ../niosHello_bsp//libhal_bsp.a(alt_load.o)
 .debug_abbrev  0x000000000000013f       0xba ../niosHello_bsp//libhal_bsp.a(alt_main.o)
 .debug_abbrev  0x00000000000001f9       0x60 ../niosHello_bsp//libhal_bsp.a(alt_usleep.o)
 .debug_abbrev  0x0000000000000259      0x187 ../niosHello_bsp//libhal_bsp.a(alt_sys_init.o)
 .debug_abbrev  0x00000000000003e0      0x127 ../niosHello_bsp//libhal_bsp.a(altera_avalon_jtag_uart_fd.o)
 .debug_abbrev  0x0000000000000507      0x19e ../niosHello_bsp//libhal_bsp.a(altera_avalon_jtag_uart_init.o)
 .debug_abbrev  0x00000000000006a5      0x111 ../niosHello_bsp//libhal_bsp.a(altera_avalon_jtag_uart_ioctl.o)
 .debug_abbrev  0x00000000000007b6      0x1aa ../niosHello_bsp//libhal_bsp.a(altera_avalon_jtag_uart_read.o)
 .debug_abbrev  0x0000000000000960      0x1a8 ../niosHello_bsp//libhal_bsp.a(altera_avalon_jtag_uart_write.o)
 .debug_abbrev  0x0000000000000b08      0x162 ../niosHello_bsp//libhal_bsp.a(alt_alarm_start.o)
 .debug_abbrev  0x0000000000000c6a       0x7e ../niosHello_bsp//libhal_bsp.a(alt_busy_sleep.o)
 .debug_abbrev  0x0000000000000ce8      0x11f ../niosHello_bsp//libhal_bsp.a(alt_close.o)
 .debug_abbrev  0x0000000000000e07       0x5a ../niosHello_bsp//libhal_bsp.a(alt_dcache_flush_all.o)
 .debug_abbrev  0x0000000000000e61       0xd9 ../niosHello_bsp//libhal_bsp.a(alt_dev.o)
 .debug_abbrev  0x0000000000000f3a      0x114 ../niosHello_bsp//libhal_bsp.a(alt_dev_llist_insert.o)
 .debug_abbrev  0x000000000000104e       0x79 ../niosHello_bsp//libhal_bsp.a(alt_do_ctors.o)
 .debug_abbrev  0x00000000000010c7       0x79 ../niosHello_bsp//libhal_bsp.a(alt_do_dtors.o)
 .debug_abbrev  0x0000000000001140       0x5a ../niosHello_bsp//libhal_bsp.a(alt_errno.o)
 .debug_abbrev  0x000000000000119a       0x42 ../niosHello_bsp//libhal_bsp.a(alt_icache_flush_all.o)
 .debug_abbrev  0x00000000000011dc      0x163 ../niosHello_bsp//libhal_bsp.a(alt_iic.o)
 .debug_abbrev  0x000000000000133f      0x169 ../niosHello_bsp//libhal_bsp.a(alt_iic_isr_register.o)
 .debug_abbrev  0x00000000000014a8      0x114 ../niosHello_bsp//libhal_bsp.a(alt_io_redirect.o)
 .debug_abbrev  0x00000000000015bc       0x12 ../niosHello_bsp//libhal_bsp.a(alt_irq_entry.o)
 .debug_abbrev  0x00000000000015ce      0x122 ../niosHello_bsp//libhal_bsp.a(alt_irq_handler.o)
 .debug_abbrev  0x00000000000016f0       0x40 ../niosHello_bsp//libhal_bsp.a(alt_irq_vars.o)
 .debug_abbrev  0x0000000000001730      0x148 ../niosHello_bsp//libhal_bsp.a(alt_open.o)
 .debug_abbrev  0x0000000000001878       0xde ../niosHello_bsp//libhal_bsp.a(alt_release_fd.o)
 .debug_abbrev  0x0000000000001956      0x15a ../niosHello_bsp//libhal_bsp.a(alt_tick.o)
 .debug_abbrev  0x0000000000001ab0       0x42 ../niosHello_bsp//libhal_bsp.a(altera_nios2_gen2_irq.o)
 .debug_abbrev  0x0000000000001af2       0x12 ../niosHello_bsp//libhal_bsp.a(alt_exception_entry.o)
 .debug_abbrev  0x0000000000001b04       0xf0 ../niosHello_bsp//libhal_bsp.a(alt_find_dev.o)
 .debug_abbrev  0x0000000000001bf4       0xf0 ../niosHello_bsp//libhal_bsp.a(alt_find_file.o)
 .debug_abbrev  0x0000000000001ce4      0x10d ../niosHello_bsp//libhal_bsp.a(alt_get_fd.o)
 .debug_abbrev  0x0000000000001df1       0x8c ../niosHello_bsp//libhal_bsp.a(alt_icache_flush.o)
 .debug_abbrev  0x0000000000001e7d       0xdc ../niosHello_bsp//libhal_bsp.a(alt_instruction_exception_entry.o)
 .debug_abbrev  0x0000000000001f59       0xaa /home/bruno/intelFPGA/18.1/nios2eds/bin/gnu/H-x86_64-pc-linux-gnu/bin/../lib/gcc/nios2-elf/5.3.0/../../../../../H-x86_64-pc-linux-gnu/nios2-elf/lib/libc.a(lib_a-atexit.o)
 .debug_abbrev  0x0000000000002003      0x1e5 /home/bruno/intelFPGA/18.1/nios2eds/bin/gnu/H-x86_64-pc-linux-gnu/bin/../lib/gcc/nios2-elf/5.3.0/../../../../../H-x86_64-pc-linux-gnu/nios2-elf/lib/libc.a(lib_a-exit.o)
 .debug_abbrev  0x00000000000021e8      0x18f /home/bruno/intelFPGA/18.1/nios2eds/bin/gnu/H-x86_64-pc-linux-gnu/bin/../lib/gcc/nios2-elf/5.3.0/../../../../../H-x86_64-pc-linux-gnu/nios2-elf/lib/libc.a(lib_a-impure.o)
 .debug_abbrev  0x0000000000002377       0x37 /home/bruno/intelFPGA/18.1/nios2eds/bin/gnu/H-x86_64-pc-linux-gnu/bin/../lib/gcc/nios2-elf/5.3.0/../../../../../H-x86_64-pc-linux-gnu/nios2-elf/lib/libc.a(lib_a-int_errno.o)
 .debug_abbrev  0x00000000000023ae       0x7f /home/bruno/intelFPGA/18.1/nios2eds/bin/gnu/H-x86_64-pc-linux-gnu/bin/../lib/gcc/nios2-elf/5.3.0/../../../../../H-x86_64-pc-linux-gnu/nios2-elf/lib/libc.a(lib_a-memcmp.o)
 .debug_abbrev  0x000000000000242d       0xa3 /home/bruno/intelFPGA/18.1/nios2eds/bin/gnu/H-x86_64-pc-linux-gnu/bin/../lib/gcc/nios2-elf/5.3.0/../../../../../H-x86_64-pc-linux-gnu/nios2-elf/lib/libc.a(lib_a-memcpy.o)
 .debug_abbrev  0x00000000000024d0       0x90 /home/bruno/intelFPGA/18.1/nios2eds/bin/gnu/H-x86_64-pc-linux-gnu/bin/../lib/gcc/nios2-elf/5.3.0/../../../../../H-x86_64-pc-linux-gnu/nios2-elf/lib/libc.a(lib_a-strlen.o)
 .debug_abbrev  0x0000000000002560      0x21e /home/bruno/intelFPGA/18.1/nios2eds/bin/gnu/H-x86_64-pc-linux-gnu/bin/../lib/gcc/nios2-elf/5.3.0/../../../../../H-x86_64-pc-linux-gnu/nios2-elf/lib/libc.a(lib_a-__atexit.o)
 .debug_abbrev  0x000000000000277e      0x22e /home/bruno/intelFPGA/18.1/nios2eds/bin/gnu/H-x86_64-pc-linux-gnu/bin/../lib/gcc/nios2-elf/5.3.0/../../../../../H-x86_64-pc-linux-gnu/nios2-elf/lib/libc.a(lib_a-__call_atexit.o)
 .debug_abbrev  0x00000000000029ac      0x10e /home/bruno/intelFPGA/18.1/nios2eds/bin/gnu/H-x86_64-pc-linux-gnu/bin/../lib/gcc/nios2-elf/5.3.0/libgcc.a(lib2-divmod.o)
 .debug_abbrev  0x0000000000002aba       0xa9 ../niosHello_bsp//libhal_bsp.a(alt_exit.o)

.debug_line     0x0000000000000000     0x2bf3
 *(.debug_line)
 .debug_line    0x0000000000000000       0x72 ../niosHello_bsp//obj/HAL/src/crt0.o
 .debug_line    0x0000000000000072       0x73 obj/default/hello_world.o
 .debug_line    0x00000000000000e5       0x8e ../niosHello_bsp//libhal_bsp.a(alt_load.o)
 .debug_line    0x0000000000000173       0xa4 ../niosHello_bsp//libhal_bsp.a(alt_main.o)
 .debug_line    0x0000000000000217       0xb6 ../niosHello_bsp//libhal_bsp.a(alt_usleep.o)
 .debug_line    0x00000000000002cd      0x136 ../niosHello_bsp//libhal_bsp.a(alt_sys_init.o)
 .debug_line    0x0000000000000403      0x12f ../niosHello_bsp//libhal_bsp.a(altera_avalon_jtag_uart_fd.o)
 .debug_line    0x0000000000000532      0x18b ../niosHello_bsp//libhal_bsp.a(altera_avalon_jtag_uart_init.o)
 .debug_line    0x00000000000006bd      0x131 ../niosHello_bsp//libhal_bsp.a(altera_avalon_jtag_uart_ioctl.o)
 .debug_line    0x00000000000007ee      0x171 ../niosHello_bsp//libhal_bsp.a(altera_avalon_jtag_uart_read.o)
 .debug_line    0x000000000000095f      0x170 ../niosHello_bsp//libhal_bsp.a(altera_avalon_jtag_uart_write.o)
 .debug_line    0x0000000000000acf       0xf9 ../niosHello_bsp//libhal_bsp.a(alt_alarm_start.o)
 .debug_line    0x0000000000000bc8       0xa0 ../niosHello_bsp//libhal_bsp.a(alt_busy_sleep.o)
 .debug_line    0x0000000000000c68      0x16e ../niosHello_bsp//libhal_bsp.a(alt_close.o)
 .debug_line    0x0000000000000dd6       0x61 ../niosHello_bsp//libhal_bsp.a(alt_dcache_flush_all.o)
 .debug_line    0x0000000000000e37      0x101 ../niosHello_bsp//libhal_bsp.a(alt_dev.o)
 .debug_line    0x0000000000000f38       0xcf ../niosHello_bsp//libhal_bsp.a(alt_dev_llist_insert.o)
 .debug_line    0x0000000000001007       0x59 ../niosHello_bsp//libhal_bsp.a(alt_do_ctors.o)
 .debug_line    0x0000000000001060       0x59 ../niosHello_bsp//libhal_bsp.a(alt_do_dtors.o)
 .debug_line    0x00000000000010b9       0x51 ../niosHello_bsp//libhal_bsp.a(alt_errno.o)
 .debug_line    0x000000000000110a       0x50 ../niosHello_bsp//libhal_bsp.a(alt_icache_flush_all.o)
 .debug_line    0x000000000000115a       0xeb ../niosHello_bsp//libhal_bsp.a(alt_iic.o)
 .debug_line    0x0000000000001245       0xdb ../niosHello_bsp//libhal_bsp.a(alt_iic_isr_register.o)
 .debug_line    0x0000000000001320      0x13c ../niosHello_bsp//libhal_bsp.a(alt_io_redirect.o)
 .debug_line    0x000000000000145c       0x6b ../niosHello_bsp//libhal_bsp.a(alt_irq_entry.o)
 .debug_line    0x00000000000014c7       0xaa ../niosHello_bsp//libhal_bsp.a(alt_irq_handler.o)
 .debug_line    0x0000000000001571       0x50 ../niosHello_bsp//libhal_bsp.a(alt_irq_vars.o)
 .debug_line    0x00000000000015c1      0x128 ../niosHello_bsp//libhal_bsp.a(alt_open.o)
 .debug_line    0x00000000000016e9       0xae ../niosHello_bsp//libhal_bsp.a(alt_release_fd.o)
 .debug_line    0x0000000000001797       0xff ../niosHello_bsp//libhal_bsp.a(alt_tick.o)
 .debug_line    0x0000000000001896       0x51 ../niosHello_bsp//libhal_bsp.a(altera_nios2_gen2_irq.o)
 .debug_line    0x00000000000018e7       0xb3 ../niosHello_bsp//libhal_bsp.a(alt_exception_entry.o)
 .debug_line    0x000000000000199a       0xb5 ../niosHello_bsp//libhal_bsp.a(alt_find_dev.o)
 .debug_line    0x0000000000001a4f       0xd1 ../niosHello_bsp//libhal_bsp.a(alt_find_file.o)
 .debug_line    0x0000000000001b20       0xd4 ../niosHello_bsp//libhal_bsp.a(alt_get_fd.o)
 .debug_line    0x0000000000001bf4       0x81 ../niosHello_bsp//libhal_bsp.a(alt_icache_flush.o)
 .debug_line    0x0000000000001c75       0xba ../niosHello_bsp//libhal_bsp.a(alt_instruction_exception_entry.o)
 .debug_line    0x0000000000001d2f       0xe4 /home/bruno/intelFPGA/18.1/nios2eds/bin/gnu/H-x86_64-pc-linux-gnu/bin/../lib/gcc/nios2-elf/5.3.0/../../../../../H-x86_64-pc-linux-gnu/nios2-elf/lib/libc.a(lib_a-atexit.o)
 .debug_line    0x0000000000001e13      0x1f9 /home/bruno/intelFPGA/18.1/nios2eds/bin/gnu/H-x86_64-pc-linux-gnu/bin/../lib/gcc/nios2-elf/5.3.0/../../../../../H-x86_64-pc-linux-gnu/nios2-elf/lib/libc.a(lib_a-exit.o)
 .debug_line    0x000000000000200c      0x15d /home/bruno/intelFPGA/18.1/nios2eds/bin/gnu/H-x86_64-pc-linux-gnu/bin/../lib/gcc/nios2-elf/5.3.0/../../../../../H-x86_64-pc-linux-gnu/nios2-elf/lib/libc.a(lib_a-impure.o)
 .debug_line    0x0000000000002169       0x5c /home/bruno/intelFPGA/18.1/nios2eds/bin/gnu/H-x86_64-pc-linux-gnu/bin/../lib/gcc/nios2-elf/5.3.0/../../../../../H-x86_64-pc-linux-gnu/nios2-elf/lib/libc.a(lib_a-int_errno.o)
 .debug_line    0x00000000000021c5      0x173 /home/bruno/intelFPGA/18.1/nios2eds/bin/gnu/H-x86_64-pc-linux-gnu/bin/../lib/gcc/nios2-elf/5.3.0/../../../../../H-x86_64-pc-linux-gnu/nios2-elf/lib/libc.a(lib_a-memcmp.o)
 .debug_line    0x0000000000002338      0x189 /home/bruno/intelFPGA/18.1/nios2eds/bin/gnu/H-x86_64-pc-linux-gnu/bin/../lib/gcc/nios2-elf/5.3.0/../../../../../H-x86_64-pc-linux-gnu/nios2-elf/lib/libc.a(lib_a-memcpy.o)
 .debug_line    0x00000000000024c1      0x16c /home/bruno/intelFPGA/18.1/nios2eds/bin/gnu/H-x86_64-pc-linux-gnu/bin/../lib/gcc/nios2-elf/5.3.0/../../../../../H-x86_64-pc-linux-gnu/nios2-elf/lib/libc.a(lib_a-strlen.o)
 .debug_line    0x000000000000262d      0x21c /home/bruno/intelFPGA/18.1/nios2eds/bin/gnu/H-x86_64-pc-linux-gnu/bin/../lib/gcc/nios2-elf/5.3.0/../../../../../H-x86_64-pc-linux-gnu/nios2-elf/lib/libc.a(lib_a-__atexit.o)
 .debug_line    0x0000000000002849      0x237 /home/bruno/intelFPGA/18.1/nios2eds/bin/gnu/H-x86_64-pc-linux-gnu/bin/../lib/gcc/nios2-elf/5.3.0/../../../../../H-x86_64-pc-linux-gnu/nios2-elf/lib/libc.a(lib_a-__call_atexit.o)
 .debug_line    0x0000000000002a80      0x102 /home/bruno/intelFPGA/18.1/nios2eds/bin/gnu/H-x86_64-pc-linux-gnu/bin/../lib/gcc/nios2-elf/5.3.0/libgcc.a(lib2-divmod.o)
 .debug_line    0x0000000000002b82       0x71 ../niosHello_bsp//libhal_bsp.a(alt_exit.o)

.debug_frame    0x0000000000000000      0xb60
 *(.debug_frame)
 .debug_frame   0x0000000000000000       0x2c obj/default/hello_world.o
 .debug_frame   0x000000000000002c       0x5c ../niosHello_bsp//libhal_bsp.a(alt_load.o)
 .debug_frame   0x0000000000000088       0x2c ../niosHello_bsp//libhal_bsp.a(alt_main.o)
 .debug_frame   0x00000000000000b4       0x38 ../niosHello_bsp//libhal_bsp.a(alt_usleep.o)
 .debug_frame   0x00000000000000ec       0x88 ../niosHello_bsp//libhal_bsp.a(alt_sys_init.o)
 .debug_frame   0x0000000000000174       0xb0 ../niosHello_bsp//libhal_bsp.a(altera_avalon_jtag_uart_fd.o)
 .debug_frame   0x0000000000000224       0xa4 ../niosHello_bsp//libhal_bsp.a(altera_avalon_jtag_uart_init.o)
 .debug_frame   0x00000000000002c8       0x34 ../niosHello_bsp//libhal_bsp.a(altera_avalon_jtag_uart_ioctl.o)
 .debug_frame   0x00000000000002fc       0x38 ../niosHello_bsp//libhal_bsp.a(altera_avalon_jtag_uart_read.o)
 .debug_frame   0x0000000000000334       0x38 ../niosHello_bsp//libhal_bsp.a(altera_avalon_jtag_uart_write.o)
 .debug_frame   0x000000000000036c       0x34 ../niosHello_bsp//libhal_bsp.a(alt_alarm_start.o)
 .debug_frame   0x00000000000003a0       0x38 ../niosHello_bsp//libhal_bsp.a(alt_busy_sleep.o)
 .debug_frame   0x00000000000003d8       0x60 ../niosHello_bsp//libhal_bsp.a(alt_close.o)
 .debug_frame   0x0000000000000438       0x34 ../niosHello_bsp//libhal_bsp.a(alt_dcache_flush_all.o)
 .debug_frame   0x000000000000046c       0x34 ../niosHello_bsp//libhal_bsp.a(alt_dev.o)
 .debug_frame   0x00000000000004a0       0x60 ../niosHello_bsp//libhal_bsp.a(alt_dev_llist_insert.o)
 .debug_frame   0x0000000000000500       0x38 ../niosHello_bsp//libhal_bsp.a(alt_do_ctors.o)
 .debug_frame   0x0000000000000538       0x38 ../niosHello_bsp//libhal_bsp.a(alt_do_dtors.o)
 .debug_frame   0x0000000000000570       0x38 ../niosHello_bsp//libhal_bsp.a(alt_icache_flush_all.o)
 .debug_frame   0x00000000000005a8       0xa4 ../niosHello_bsp//libhal_bsp.a(alt_iic.o)
 .debug_frame   0x000000000000064c       0x38 ../niosHello_bsp//libhal_bsp.a(alt_iic_isr_register.o)
 .debug_frame   0x0000000000000684       0x60 ../niosHello_bsp//libhal_bsp.a(alt_io_redirect.o)
 .debug_frame   0x00000000000006e4       0x38 ../niosHello_bsp//libhal_bsp.a(alt_irq_handler.o)
 .debug_frame   0x000000000000071c       0x84 ../niosHello_bsp//libhal_bsp.a(alt_open.o)
 .debug_frame   0x00000000000007a0       0x34 ../niosHello_bsp//libhal_bsp.a(alt_release_fd.o)
 .debug_frame   0x00000000000007d4       0x5c ../niosHello_bsp//libhal_bsp.a(alt_tick.o)
 .debug_frame   0x0000000000000830       0x34 ../niosHello_bsp//libhal_bsp.a(altera_nios2_gen2_irq.o)
 .debug_frame   0x0000000000000864       0x38 ../niosHello_bsp//libhal_bsp.a(alt_find_dev.o)
 .debug_frame   0x000000000000089c       0x38 ../niosHello_bsp//libhal_bsp.a(alt_find_file.o)
 .debug_frame   0x00000000000008d4       0x34 ../niosHello_bsp//libhal_bsp.a(alt_get_fd.o)
 .debug_frame   0x0000000000000908       0x34 ../niosHello_bsp//libhal_bsp.a(alt_icache_flush.o)
 .debug_frame   0x000000000000093c       0x5c ../niosHello_bsp//libhal_bsp.a(alt_instruction_exception_entry.o)
 .debug_frame   0x0000000000000998       0x20 /home/bruno/intelFPGA/18.1/nios2eds/bin/gnu/H-x86_64-pc-linux-gnu/bin/../lib/gcc/nios2-elf/5.3.0/../../../../../H-x86_64-pc-linux-gnu/nios2-elf/lib/libc.a(lib_a-atexit.o)
 .debug_frame   0x00000000000009b8       0x28 /home/bruno/intelFPGA/18.1/nios2eds/bin/gnu/H-x86_64-pc-linux-gnu/bin/../lib/gcc/nios2-elf/5.3.0/../../../../../H-x86_64-pc-linux-gnu/nios2-elf/lib/libc.a(lib_a-exit.o)
 .debug_frame   0x00000000000009e0       0x20 /home/bruno/intelFPGA/18.1/nios2eds/bin/gnu/H-x86_64-pc-linux-gnu/bin/../lib/gcc/nios2-elf/5.3.0/../../../../../H-x86_64-pc-linux-gnu/nios2-elf/lib/libc.a(lib_a-memcmp.o)
 .debug_frame   0x0000000000000a00       0x38 /home/bruno/intelFPGA/18.1/nios2eds/bin/gnu/H-x86_64-pc-linux-gnu/bin/../lib/gcc/nios2-elf/5.3.0/../../../../../H-x86_64-pc-linux-gnu/nios2-elf/lib/libc.a(lib_a-memcpy.o)
 .debug_frame   0x0000000000000a38       0x20 /home/bruno/intelFPGA/18.1/nios2eds/bin/gnu/H-x86_64-pc-linux-gnu/bin/../lib/gcc/nios2-elf/5.3.0/../../../../../H-x86_64-pc-linux-gnu/nios2-elf/lib/libc.a(lib_a-strlen.o)
 .debug_frame   0x0000000000000a58       0x38 /home/bruno/intelFPGA/18.1/nios2eds/bin/gnu/H-x86_64-pc-linux-gnu/bin/../lib/gcc/nios2-elf/5.3.0/../../../../../H-x86_64-pc-linux-gnu/nios2-elf/lib/libc.a(lib_a-__atexit.o)
 .debug_frame   0x0000000000000a90       0x54 /home/bruno/intelFPGA/18.1/nios2eds/bin/gnu/H-x86_64-pc-linux-gnu/bin/../lib/gcc/nios2-elf/5.3.0/../../../../../H-x86_64-pc-linux-gnu/nios2-elf/lib/libc.a(lib_a-__call_atexit.o)
 .debug_frame   0x0000000000000ae4       0x50 /home/bruno/intelFPGA/18.1/nios2eds/bin/gnu/H-x86_64-pc-linux-gnu/bin/../lib/gcc/nios2-elf/5.3.0/libgcc.a(lib2-divmod.o)
 .debug_frame   0x0000000000000b34       0x2c ../niosHello_bsp//libhal_bsp.a(alt_exit.o)

.debug_str      0x0000000000000000     0x1c15
 *(.debug_str)
 .debug_str     0x0000000000000000      0x126 obj/default/hello_world.o
                                        0x164 (size before relaxing)
 .debug_str     0x0000000000000126      0x14d ../niosHello_bsp//libhal_bsp.a(alt_load.o)
                                        0x231 (size before relaxing)
 .debug_str     0x0000000000000273       0x70 ../niosHello_bsp//libhal_bsp.a(alt_main.o)
                                        0x1bc (size before relaxing)
 .debug_str     0x00000000000002e3       0x20 ../niosHello_bsp//libhal_bsp.a(alt_usleep.o)
                                        0x167 (size before relaxing)
 .debug_str     0x0000000000000303      0x19b ../niosHello_bsp//libhal_bsp.a(alt_sys_init.o)
                                        0x377 (size before relaxing)
 .debug_str     0x000000000000049e       0xb9 ../niosHello_bsp//libhal_bsp.a(altera_avalon_jtag_uart_fd.o)
                                        0x3c3 (size before relaxing)
 .debug_str     0x0000000000000557       0xd1 ../niosHello_bsp//libhal_bsp.a(altera_avalon_jtag_uart_init.o)
                                        0x357 (size before relaxing)
 .debug_str     0x0000000000000628       0x4a ../niosHello_bsp//libhal_bsp.a(altera_avalon_jtag_uart_ioctl.o)
                                        0x2b2 (size before relaxing)
 .debug_str     0x0000000000000672       0x7f ../niosHello_bsp//libhal_bsp.a(altera_avalon_jtag_uart_read.o)
                                        0x307 (size before relaxing)
 .debug_str     0x00000000000006f1       0x4a ../niosHello_bsp//libhal_bsp.a(altera_avalon_jtag_uart_write.o)
                                        0x308 (size before relaxing)
 .debug_str     0x000000000000073b       0x59 ../niosHello_bsp//libhal_bsp.a(alt_alarm_start.o)
                                        0x29d (size before relaxing)
 .debug_str     0x0000000000000794       0x42 ../niosHello_bsp//libhal_bsp.a(alt_busy_sleep.o)
                                        0x18a (size before relaxing)
 .debug_str     0x00000000000007d6       0x44 ../niosHello_bsp//libhal_bsp.a(alt_close.o)
                                        0x22a (size before relaxing)
 .debug_str     0x000000000000081a       0x34 ../niosHello_bsp//libhal_bsp.a(alt_dcache_flush_all.o)
                                        0x174 (size before relaxing)
 .debug_str     0x000000000000084e      0x120 ../niosHello_bsp//libhal_bsp.a(alt_dev.o)
                                        0x324 (size before relaxing)
 .debug_str     0x000000000000096e       0x34 ../niosHello_bsp//libhal_bsp.a(alt_dev_llist_insert.o)
                                        0x1eb (size before relaxing)
 .debug_str     0x00000000000009a2       0x48 ../niosHello_bsp//libhal_bsp.a(alt_do_ctors.o)
                                         0xef (size before relaxing)
 .debug_str     0x00000000000009ea       0x4c ../niosHello_bsp//libhal_bsp.a(alt_do_dtors.o)
                                         0xee (size before relaxing)
 .debug_str     0x0000000000000a36       0x14 ../niosHello_bsp//libhal_bsp.a(alt_errno.o)
                                        0x164 (size before relaxing)
 .debug_str     0x0000000000000a4a       0x34 ../niosHello_bsp//libhal_bsp.a(alt_icache_flush_all.o)
                                        0x174 (size before relaxing)
 .debug_str     0x0000000000000a7e       0xc4 ../niosHello_bsp//libhal_bsp.a(alt_iic.o)
                                        0x25d (size before relaxing)
 .debug_str     0x0000000000000b42       0x4c ../niosHello_bsp//libhal_bsp.a(alt_iic_isr_register.o)
                                        0x207 (size before relaxing)
 .debug_str     0x0000000000000b8e       0x56 ../niosHello_bsp//libhal_bsp.a(alt_io_redirect.o)
                                        0x335 (size before relaxing)
 .debug_str     0x0000000000000be4       0x3a ../niosHello_bsp//libhal_bsp.a(alt_irq_handler.o)
                                        0x1b6 (size before relaxing)
 .debug_str     0x0000000000000c1e       0x17 ../niosHello_bsp//libhal_bsp.a(alt_irq_vars.o)
                                        0x159 (size before relaxing)
 .debug_str     0x0000000000000c35       0x2f ../niosHello_bsp//libhal_bsp.a(alt_open.o)
                                        0x26a (size before relaxing)
 .debug_str     0x0000000000000c64       0x28 ../niosHello_bsp//libhal_bsp.a(alt_release_fd.o)
                                        0x1f2 (size before relaxing)
 .debug_str     0x0000000000000c8c       0x4a ../niosHello_bsp//libhal_bsp.a(alt_tick.o)
                                        0x271 (size before relaxing)
 .debug_str     0x0000000000000cd6       0x3b ../niosHello_bsp//libhal_bsp.a(altera_nios2_gen2_irq.o)
                                        0x17b (size before relaxing)
 .debug_str     0x0000000000000d11       0x24 ../niosHello_bsp//libhal_bsp.a(alt_find_dev.o)
                                        0x20b (size before relaxing)
 .debug_str     0x0000000000000d35       0x26 ../niosHello_bsp//libhal_bsp.a(alt_find_file.o)
                                        0x219 (size before relaxing)
 .debug_str     0x0000000000000d5b       0x30 ../niosHello_bsp//libhal_bsp.a(alt_get_fd.o)
                                        0x23b (size before relaxing)
 .debug_str     0x0000000000000d8b       0x2c ../niosHello_bsp//libhal_bsp.a(alt_icache_flush.o)
                                        0x17a (size before relaxing)
 .debug_str     0x0000000000000db7      0x48b ../niosHello_bsp//libhal_bsp.a(alt_instruction_exception_entry.o)
                                        0x5bf (size before relaxing)
 .debug_str     0x0000000000001242      0x163 /home/bruno/intelFPGA/18.1/nios2eds/bin/gnu/H-x86_64-pc-linux-gnu/bin/../lib/gcc/nios2-elf/5.3.0/../../../../../H-x86_64-pc-linux-gnu/nios2-elf/lib/libc.a(lib_a-atexit.o)
                                        0x208 (size before relaxing)
 .debug_str     0x00000000000013a5      0x3b2 /home/bruno/intelFPGA/18.1/nios2eds/bin/gnu/H-x86_64-pc-linux-gnu/bin/../lib/gcc/nios2-elf/5.3.0/../../../../../H-x86_64-pc-linux-gnu/nios2-elf/lib/libc.a(lib_a-exit.o)
                                        0x5a5 (size before relaxing)
 .debug_str     0x0000000000001757       0xc9 /home/bruno/intelFPGA/18.1/nios2eds/bin/gnu/H-x86_64-pc-linux-gnu/bin/../lib/gcc/nios2-elf/5.3.0/../../../../../H-x86_64-pc-linux-gnu/nios2-elf/lib/libc.a(lib_a-impure.o)
                                        0x59c (size before relaxing)
 .debug_str     0x0000000000001820       0x3c /home/bruno/intelFPGA/18.1/nios2eds/bin/gnu/H-x86_64-pc-linux-gnu/bin/../lib/gcc/nios2-elf/5.3.0/../../../../../H-x86_64-pc-linux-gnu/nios2-elf/lib/libc.a(lib_a-int_errno.o)
                                        0x1c4 (size before relaxing)
 .debug_str     0x000000000000185c       0xcd /home/bruno/intelFPGA/18.1/nios2eds/bin/gnu/H-x86_64-pc-linux-gnu/bin/../lib/gcc/nios2-elf/5.3.0/../../../../../H-x86_64-pc-linux-gnu/nios2-elf/lib/libc.a(lib_a-memcmp.o)
                                        0x1cb (size before relaxing)
 .debug_str     0x0000000000001929       0x68 /home/bruno/intelFPGA/18.1/nios2eds/bin/gnu/H-x86_64-pc-linux-gnu/bin/../lib/gcc/nios2-elf/5.3.0/../../../../../H-x86_64-pc-linux-gnu/nios2-elf/lib/libc.a(lib_a-memcpy.o)
                                        0x1f2 (size before relaxing)
 .debug_str     0x0000000000001991       0x4e /home/bruno/intelFPGA/18.1/nios2eds/bin/gnu/H-x86_64-pc-linux-gnu/bin/../lib/gcc/nios2-elf/5.3.0/../../../../../H-x86_64-pc-linux-gnu/nios2-elf/lib/libc.a(lib_a-strlen.o)
                                        0x1de (size before relaxing)
 .debug_str     0x00000000000019df       0x3c /home/bruno/intelFPGA/18.1/nios2eds/bin/gnu/H-x86_64-pc-linux-gnu/bin/../lib/gcc/nios2-elf/5.3.0/../../../../../H-x86_64-pc-linux-gnu/nios2-elf/lib/libc.a(lib_a-__atexit.o)
                                        0x5dd (size before relaxing)
 .debug_str     0x0000000000001a1b       0x62 /home/bruno/intelFPGA/18.1/nios2eds/bin/gnu/H-x86_64-pc-linux-gnu/bin/../lib/gcc/nios2-elf/5.3.0/../../../../../H-x86_64-pc-linux-gnu/nios2-elf/lib/libc.a(lib_a-__call_atexit.o)
                                        0x5c9 (size before relaxing)
 .debug_str     0x0000000000001a7d      0x16e /home/bruno/intelFPGA/18.1/nios2eds/bin/gnu/H-x86_64-pc-linux-gnu/bin/../lib/gcc/nios2-elf/5.3.0/libgcc.a(lib2-divmod.o)
                                        0x1b9 (size before relaxing)
 .debug_str     0x0000000000001beb       0x2a ../niosHello_bsp//libhal_bsp.a(alt_exit.o)
                                        0x170 (size before relaxing)

.debug_loc      0x0000000000000000      0xc3e
 *(.debug_loc)
 .debug_loc     0x0000000000000000       0x2c /home/bruno/intelFPGA/18.1/nios2eds/bin/gnu/H-x86_64-pc-linux-gnu/bin/../lib/gcc/nios2-elf/5.3.0/../../../../../H-x86_64-pc-linux-gnu/nios2-elf/lib/libc.a(lib_a-atexit.o)
 .debug_loc     0x000000000000002c       0x1e /home/bruno/intelFPGA/18.1/nios2eds/bin/gnu/H-x86_64-pc-linux-gnu/bin/../lib/gcc/nios2-elf/5.3.0/../../../../../H-x86_64-pc-linux-gnu/nios2-elf/lib/libc.a(lib_a-exit.o)
 .debug_loc     0x000000000000004a      0x126 /home/bruno/intelFPGA/18.1/nios2eds/bin/gnu/H-x86_64-pc-linux-gnu/bin/../lib/gcc/nios2-elf/5.3.0/../../../../../H-x86_64-pc-linux-gnu/nios2-elf/lib/libc.a(lib_a-memcmp.o)
 .debug_loc     0x0000000000000170      0x266 /home/bruno/intelFPGA/18.1/nios2eds/bin/gnu/H-x86_64-pc-linux-gnu/bin/../lib/gcc/nios2-elf/5.3.0/../../../../../H-x86_64-pc-linux-gnu/nios2-elf/lib/libc.a(lib_a-memcpy.o)
 .debug_loc     0x00000000000003d6       0x47 /home/bruno/intelFPGA/18.1/nios2eds/bin/gnu/H-x86_64-pc-linux-gnu/bin/../lib/gcc/nios2-elf/5.3.0/../../../../../H-x86_64-pc-linux-gnu/nios2-elf/lib/libc.a(lib_a-strlen.o)
 .debug_loc     0x000000000000041d      0x185 /home/bruno/intelFPGA/18.1/nios2eds/bin/gnu/H-x86_64-pc-linux-gnu/bin/../lib/gcc/nios2-elf/5.3.0/../../../../../H-x86_64-pc-linux-gnu/nios2-elf/lib/libc.a(lib_a-__atexit.o)
 .debug_loc     0x00000000000005a2      0x1ce /home/bruno/intelFPGA/18.1/nios2eds/bin/gnu/H-x86_64-pc-linux-gnu/bin/../lib/gcc/nios2-elf/5.3.0/../../../../../H-x86_64-pc-linux-gnu/nios2-elf/lib/libc.a(lib_a-__call_atexit.o)
 .debug_loc     0x0000000000000770      0x4ce /home/bruno/intelFPGA/18.1/nios2eds/bin/gnu/H-x86_64-pc-linux-gnu/bin/../lib/gcc/nios2-elf/5.3.0/libgcc.a(lib2-divmod.o)

.debug_macinfo
 *(.debug_macinfo)

.debug_weaknames
 *(.debug_weaknames)

.debug_funcnames
 *(.debug_funcnames)

.debug_typenames
 *(.debug_typenames)

.debug_varnames
 *(.debug_varnames)

.debug_alt_sim_info
                0x0000000000000000       0x60
 *(.debug_alt_sim_info)
 .debug_alt_sim_info
                0x0000000000000000       0x30 ../niosHello_bsp//obj/HAL/src/crt0.o
 .debug_alt_sim_info
                0x0000000000000030       0x30 ../niosHello_bsp//libhal_bsp.a(alt_busy_sleep.o)
                0x000000000003d4c0                __alt_data_end = 0x3d4c0
                0x000000000003d4c0                PROVIDE (__alt_stack_pointer, __alt_data_end)
                [!provide]                        PROVIDE (__alt_stack_limit, __alt_stack_base)
                [!provide]                        PROVIDE (__alt_heap_start, end)
                [!provide]                        PROVIDE (__alt_heap_limit, 0x3d4c0)
OUTPUT(niosHello.elf elf32-littlenios2)

.debug_ranges   0x0000000000000000      0x1d8
 .debug_ranges  0x0000000000000000       0x20 ../niosHello_bsp//obj/HAL/src/crt0.o
 .debug_ranges  0x0000000000000020       0x30 ../niosHello_bsp//libhal_bsp.a(altera_avalon_jtag_uart_init.o)
 .debug_ranges  0x0000000000000050       0x18 ../niosHello_bsp//libhal_bsp.a(altera_avalon_jtag_uart_read.o)
 .debug_ranges  0x0000000000000068       0x28 ../niosHello_bsp//libhal_bsp.a(alt_irq_entry.o)
 .debug_ranges  0x0000000000000090       0x10 ../niosHello_bsp//libhal_bsp.a(alt_irq_handler.o)
 .debug_ranges  0x00000000000000a0       0x30 ../niosHello_bsp//libhal_bsp.a(alt_exception_entry.o)
 .debug_ranges  0x00000000000000d0       0x18 ../niosHello_bsp//libhal_bsp.a(alt_instruction_exception_entry.o)
 .debug_ranges  0x00000000000000e8       0x10 /home/bruno/intelFPGA/18.1/nios2eds/bin/gnu/H-x86_64-pc-linux-gnu/bin/../lib/gcc/nios2-elf/5.3.0/../../../../../H-x86_64-pc-linux-gnu/nios2-elf/lib/libc.a(lib_a-atexit.o)
 .debug_ranges  0x00000000000000f8       0x10 /home/bruno/intelFPGA/18.1/nios2eds/bin/gnu/H-x86_64-pc-linux-gnu/bin/../lib/gcc/nios2-elf/5.3.0/../../../../../H-x86_64-pc-linux-gnu/nios2-elf/lib/libc.a(lib_a-exit.o)
 .debug_ranges  0x0000000000000108       0x10 /home/bruno/intelFPGA/18.1/nios2eds/bin/gnu/H-x86_64-pc-linux-gnu/bin/../lib/gcc/nios2-elf/5.3.0/../../../../../H-x86_64-pc-linux-gnu/nios2-elf/lib/libc.a(lib_a-memcmp.o)
 .debug_ranges  0x0000000000000118       0x10 /home/bruno/intelFPGA/18.1/nios2eds/bin/gnu/H-x86_64-pc-linux-gnu/bin/../lib/gcc/nios2-elf/5.3.0/../../../../../H-x86_64-pc-linux-gnu/nios2-elf/lib/libc.a(lib_a-memcpy.o)
 .debug_ranges  0x0000000000000128       0x10 /home/bruno/intelFPGA/18.1/nios2eds/bin/gnu/H-x86_64-pc-linux-gnu/bin/../lib/gcc/nios2-elf/5.3.0/../../../../../H-x86_64-pc-linux-gnu/nios2-elf/lib/libc.a(lib_a-strlen.o)
 .debug_ranges  0x0000000000000138       0x10 /home/bruno/intelFPGA/18.1/nios2eds/bin/gnu/H-x86_64-pc-linux-gnu/bin/../lib/gcc/nios2-elf/5.3.0/../../../../../H-x86_64-pc-linux-gnu/nios2-elf/lib/libc.a(lib_a-__atexit.o)
 .debug_ranges  0x0000000000000148       0x30 /home/bruno/intelFPGA/18.1/nios2eds/bin/gnu/H-x86_64-pc-linux-gnu/bin/../lib/gcc/nios2-elf/5.3.0/../../../../../H-x86_64-pc-linux-gnu/nios2-elf/lib/libc.a(lib_a-__call_atexit.o)
 .debug_ranges  0x0000000000000178       0x60 /home/bruno/intelFPGA/18.1/nios2eds/bin/gnu/H-x86_64-pc-linux-gnu/bin/../lib/gcc/nios2-elf/5.3.0/libgcc.a(lib2-divmod.o)
