Archive member included to satisfy reference by file (symbol)

../niosHello_bsp//libhal_bsp.a(alt_load.o)
                              ../niosHello_bsp//obj/HAL/src/crt0.o (alt_load)
../niosHello_bsp//libhal_bsp.a(alt_main.o)
                              ../niosHello_bsp//obj/HAL/src/crt0.o (alt_main)
../niosHello_bsp//libhal_bsp.a(alt_usleep.o)
                              obj/default/hello_world.o (usleep)
../niosHello_bsp//libhal_bsp.a(alt_sys_init.o)
                              ../niosHello_bsp//libhal_bsp.a(alt_main.o) (alt_irq_init)
../niosHello_bsp//libhal_bsp.a(altera_avalon_jtag_uart_fd.o)
                              ../niosHello_bsp//libhal_bsp.a(alt_sys_init.o) (altera_avalon_jtag_uart_read_fd)
../niosHello_bsp//libhal_bsp.a(altera_avalon_jtag_uart_init.o)
                              ../niosHello_bsp//libhal_bsp.a(alt_sys_init.o) (altera_avalon_jtag_uart_init)
../niosHello_bsp//libhal_bsp.a(altera_avalon_jtag_uart_ioctl.o)
                              ../niosHello_bsp//libhal_bsp.a(altera_avalon_jtag_uart_fd.o) (altera_avalon_jtag_uart_ioctl)
../niosHello_bsp//libhal_bsp.a(altera_avalon_jtag_uart_read.o)
                              ../niosHello_bsp//libhal_bsp.a(altera_avalon_jtag_uart_fd.o) (altera_avalon_jtag_uart_read)
../niosHello_bsp//libhal_bsp.a(altera_avalon_jtag_uart_write.o)
                              ../niosHello_bsp//libhal_bsp.a(altera_avalon_jtag_uart_fd.o) (altera_avalon_jtag_uart_write)
../niosHello_bsp//libhal_bsp.a(alt_alarm_start.o)
                              ../niosHello_bsp//libhal_bsp.a(altera_avalon_jtag_uart_init.o) (alt_alarm_start)
../niosHello_bsp//libhal_bsp.a(alt_busy_sleep.o)
                              ../niosHello_bsp//libhal_bsp.a(alt_usleep.o) (alt_busy_sleep)
../niosHello_bsp//libhal_bsp.a(alt_close.o)
                              ../niosHello_bsp//libhal_bsp.a(alt_main.o) (close)
../niosHello_bsp//libhal_bsp.a(alt_dcache_flush_all.o)
                              ../niosHello_bsp//libhal_bsp.a(alt_load.o) (alt_dcache_flush_all)
../niosHello_bsp//libhal_bsp.a(alt_dev.o)
                              ../niosHello_bsp//libhal_bsp.a(alt_sys_init.o) (alt_dev_list)
../niosHello_bsp//libhal_bsp.a(alt_dev_llist_insert.o)
                              ../niosHello_bsp//libhal_bsp.a(alt_sys_init.o) (alt_dev_llist_insert)
../niosHello_bsp//libhal_bsp.a(alt_do_ctors.o)
                              ../niosHello_bsp//libhal_bsp.a(alt_main.o) (_do_ctors)
../niosHello_bsp//libhal_bsp.a(alt_do_dtors.o)
                              ../niosHello_bsp//libhal_bsp.a(alt_main.o) (_do_dtors)
../niosHello_bsp//libhal_bsp.a(alt_errno.o)
                              ../niosHello_bsp//libhal_bsp.a(alt_close.o) (alt_errno)
../niosHello_bsp//libhal_bsp.a(alt_icache_flush_all.o)
                              ../niosHello_bsp//libhal_bsp.a(alt_load.o) (alt_icache_flush_all)
../niosHello_bsp//libhal_bsp.a(alt_iic.o)
                              ../niosHello_bsp//libhal_bsp.a(altera_avalon_jtag_uart_init.o) (alt_ic_isr_register)
../niosHello_bsp//libhal_bsp.a(alt_iic_isr_register.o)
                              ../niosHello_bsp//libhal_bsp.a(alt_iic.o) (alt_iic_isr_register)
../niosHello_bsp//libhal_bsp.a(alt_io_redirect.o)
                              ../niosHello_bsp//libhal_bsp.a(alt_main.o) (alt_io_redirect)
../niosHello_bsp//libhal_bsp.a(alt_irq_entry.o)
                              ../niosHello_bsp//libhal_bsp.a(alt_iic_isr_register.o) (alt_irq_entry)
../niosHello_bsp//libhal_bsp.a(alt_irq_handler.o)
                              ../niosHello_bsp//libhal_bsp.a(alt_iic_isr_register.o) (alt_irq)
../niosHello_bsp//libhal_bsp.a(alt_irq_vars.o)
                              ../niosHello_bsp//libhal_bsp.a(alt_iic.o) (alt_irq_active)
../niosHello_bsp//libhal_bsp.a(alt_open.o)
                              ../niosHello_bsp//libhal_bsp.a(alt_io_redirect.o) (open)
../niosHello_bsp//libhal_bsp.a(alt_release_fd.o)
                              ../niosHello_bsp//libhal_bsp.a(alt_close.o) (alt_release_fd)
../niosHello_bsp//libhal_bsp.a(alt_tick.o)
                              ../niosHello_bsp//libhal_bsp.a(altera_avalon_jtag_uart_init.o) (_alt_tick_rate)
../niosHello_bsp//libhal_bsp.a(altera_nios2_gen2_irq.o)
                              ../niosHello_bsp//libhal_bsp.a(alt_sys_init.o) (altera_nios2_gen2_irq_init)
../niosHello_bsp//libhal_bsp.a(alt_exception_entry.o)
                              ../niosHello_bsp//libhal_bsp.a(alt_irq_entry.o) (alt_exception)
../niosHello_bsp//libhal_bsp.a(alt_find_dev.o)
                              ../niosHello_bsp//libhal_bsp.a(alt_open.o) (alt_find_dev)
../niosHello_bsp//libhal_bsp.a(alt_find_file.o)
                              ../niosHello_bsp//libhal_bsp.a(alt_open.o) (alt_find_file)
../niosHello_bsp//libhal_bsp.a(alt_get_fd.o)
                              ../niosHello_bsp//libhal_bsp.a(alt_open.o) (alt_get_fd)
../niosHello_bsp//libhal_bsp.a(alt_icache_flush.o)
                              ../niosHello_bsp//libhal_bsp.a(alt_icache_flush_all.o) (alt_icache_flush)
../niosHello_bsp//libhal_bsp.a(alt_instruction_exception_entry.o)
                              ../niosHello_bsp//libhal_bsp.a(alt_exception_entry.o) (alt_instruction_exception_entry)
/home/bruno/intelFPGA/18.1/nios2eds/bin/gnu/H-x86_64-pc-linux-gnu/bin/../lib/gcc/nios2-elf/5.3.0/../../../../../H-x86_64-pc-linux-gnu/nios2-elf/lib/libc.a(lib_a-atexit.o)
                              ../niosHello_bsp//libhal_bsp.a(alt_main.o) (atexit)
/home/bruno/intelFPGA/18.1/nios2eds/bin/gnu/H-x86_64-pc-linux-gnu/bin/../lib/gcc/nios2-elf/5.3.0/../../../../../H-x86_64-pc-linux-gnu/nios2-elf/lib/libc.a(lib_a-exit.o)
                              ../niosHello_bsp//libhal_bsp.a(alt_main.o) (exit)
/home/bruno/intelFPGA/18.1/nios2eds/bin/gnu/H-x86_64-pc-linux-gnu/bin/../lib/gcc/nios2-elf/5.3.0/../../../../../H-x86_64-pc-linux-gnu/nios2-elf/lib/libc.a(lib_a-impure.o)
                              /home/bruno/intelFPGA/18.1/nios2eds/bin/gnu/H-x86_64-pc-linux-gnu/bin/../lib/gcc/nios2-elf/5.3.0/../../../../../H-x86_64-pc-linux-gnu/nios2-elf/lib/libc.a(lib_a-exit.o) (_global_impure_ptr)
/home/bruno/intelFPGA/18.1/nios2eds/bin/gnu/H-x86_64-pc-linux-gnu/bin/../lib/gcc/nios2-elf/5.3.0/../../../../../H-x86_64-pc-linux-gnu/nios2-elf/lib/libc.a(lib_a-int_errno.o)
                              ../niosHello_bsp//libhal_bsp.a(alt_close.o) (errno)
/home/bruno/intelFPGA/18.1/nios2eds/bin/gnu/H-x86_64-pc-linux-gnu/bin/../lib/gcc/nios2-elf/5.3.0/../../../../../H-x86_64-pc-linux-gnu/nios2-elf/lib/libc.a(lib_a-memcmp.o)
                              ../niosHello_bsp//libhal_bsp.a(alt_find_dev.o) (memcmp)
/home/bruno/intelFPGA/18.1/nios2eds/bin/gnu/H-x86_64-pc-linux-gnu/bin/../lib/gcc/nios2-elf/5.3.0/../../../../../H-x86_64-pc-linux-gnu/nios2-elf/lib/libc.a(lib_a-memcpy.o)
                              ../niosHello_bsp//libhal_bsp.a(altera_avalon_jtag_uart_read.o) (memcpy)
/home/bruno/intelFPGA/18.1/nios2eds/bin/gnu/H-x86_64-pc-linux-gnu/bin/../lib/gcc/nios2-elf/5.3.0/../../../../../H-x86_64-pc-linux-gnu/nios2-elf/lib/libc.a(lib_a-strlen.o)
                              ../niosHello_bsp//libhal_bsp.a(alt_find_dev.o) (strlen)
/home/bruno/intelFPGA/18.1/nios2eds/bin/gnu/H-x86_64-pc-linux-gnu/bin/../lib/gcc/nios2-elf/5.3.0/../../../../../H-x86_64-pc-linux-gnu/nios2-elf/lib/libc.a(lib_a-__atexit.o)
                              /home/bruno/intelFPGA/18.1/nios2eds/bin/gnu/H-x86_64-pc-linux-gnu/bin/../lib/gcc/nios2-elf/5.3.0/../../../../../H-x86_64-pc-linux-gnu/nios2-elf/lib/libc.a(lib_a-atexit.o) (__register_exitproc)
/home/bruno/intelFPGA/18.1/nios2eds/bin/gnu/H-x86_64-pc-linux-gnu/bin/../lib/gcc/nios2-elf/5.3.0/../../../../../H-x86_64-pc-linux-gnu/nios2-elf/lib/libc.a(lib_a-__call_atexit.o)
                              /home/bruno/intelFPGA/18.1/nios2eds/bin/gnu/H-x86_64-pc-linux-gnu/bin/../lib/gcc/nios2-elf/5.3.0/../../../../../H-x86_64-pc-linux-gnu/nios2-elf/lib/libc.a(lib_a-exit.o) (__call_exitprocs)
/home/bruno/intelFPGA/18.1/nios2eds/bin/gnu/H-x86_64-pc-linux-gnu/bin/../lib/gcc/nios2-elf/5.3.0/libgcc.a(lib2-divmod.o)
                              ../niosHello_bsp//libhal_bsp.a(alt_busy_sleep.o) (__udivsi3)
../niosHello_bsp//libhal_bsp.a(alt_exit.o)
                              /home/bruno/intelFPGA/18.1/nios2eds/bin/gnu/H-x86_64-pc-linux-gnu/bin/../lib/gcc/nios2-elf/5.3.0/../../../../../H-x86_64-pc-linux-gnu/nios2-elf/lib/libc.a(lib_a-exit.o) (_exit)

Allocating common symbols
Common symbol       size              file

alt_irq             0x100             ../niosHello_bsp//libhal_bsp.a(alt_irq_handler.o)
errno               0x4               /home/bruno/intelFPGA/18.1/nios2eds/bin/gnu/H-x86_64-pc-linux-gnu/bin/../lib/gcc/nios2-elf/5.3.0/../../../../../H-x86_64-pc-linux-gnu/nios2-elf/lib/libc.a(lib_a-int_errno.o)

Memory Configuration

Name             Origin             Length             Attributes
reset            0x0000000000000000 0x0000000000000020
onchip_memory2_0 0x0000000000000020 0x0000000000018680
onchip_memory2_1 0x0000000000020000 0x000000000001d4c0
*default*        0x0000000000000000 0xffffffffffffffff

Linker script and memory map

LOAD ../niosHello_bsp//obj/HAL/src/crt0.o
LOAD obj/default/hello_world.o
LOAD /home/bruno/intelFPGA/18.1/nios2eds/bin/gnu/H-x86_64-pc-linux-gnu/bin/../lib/gcc/nios2-elf/5.3.0/../../../../../H-x86_64-pc-linux-gnu/nios2-elf/lib/libstdc++.a
LOAD /home/bruno/intelFPGA/18.1/nios2eds/bin/gnu/H-x86_64-pc-linux-gnu/bin/../lib/gcc/nios2-elf/5.3.0/../../../../../H-x86_64-pc-linux-gnu/nios2-elf/lib/libm.a
LOAD /home/bruno/intelFPGA/18.1/nios2eds/bin/gnu/H-x86_64-pc-linux-gnu/bin/../lib/gcc/nios2-elf/5.3.0/libgcc.a
START GROUP
LOAD /home/bruno/intelFPGA/18.1/nios2eds/bin/gnu/H-x86_64-pc-linux-gnu/bin/../lib/gcc/nios2-elf/5.3.0/../../../../../H-x86_64-pc-linux-gnu/nios2-elf/lib/libc.a
LOAD /home/bruno/intelFPGA/18.1/nios2eds/bin/gnu/H-x86_64-pc-linux-gnu/bin/../lib/gcc/nios2-elf/5.3.0/libgcc.a
LOAD ../niosHello_bsp//libhal_bsp.a
LOAD /home/bruno/intelFPGA/18.1/nios2eds/bin/gnu/H-x86_64-pc-linux-gnu/bin/../lib/gcc/nios2-elf/5.3.0/../../../../../H-x86_64-pc-linux-gnu/nios2-elf/lib/libm.a
END GROUP
LOAD /home/bruno/intelFPGA/18.1/nios2eds/bin/gnu/H-x86_64-pc-linux-gnu/bin/../lib/gcc/nios2-elf/5.3.0/libgcc.a
                0x0000000000000000                __alt_mem_onchip_memory2_0 = 0x0
                0x0000000000020000                __alt_mem_onchip_memory2_1 = 0x20000

.entry          0x0000000000000000       0x20
 *(.entry)
 .entry         0x0000000000000000       0x20 ../niosHello_bsp//obj/HAL/src/crt0.o
                0x0000000000000000                __reset

.exceptions     0x0000000000000020      0x224
                0x0000000000000020                PROVIDE (__ram_exceptions_start, ABSOLUTE (.))
                0x0000000000000020                . = ALIGN (0x20)
 *(.irq)
 *(.exceptions.entry.label)
 .exceptions.entry.label
                0x0000000000000020        0x0 ../niosHello_bsp//libhal_bsp.a(alt_irq_entry.o)
                0x0000000000000020                alt_irq_entry
 .exceptions.entry.label
                0x0000000000000020        0x0 ../niosHello_bsp//libhal_bsp.a(alt_exception_entry.o)
                0x0000000000000020                alt_exception
 *(.exceptions.entry.user)
 *(.exceptions.entry.ecc_fatal)
 *(.exceptions.entry)
 .exceptions.entry
                0x0000000000000020       0x54 ../niosHello_bsp//libhal_bsp.a(alt_exception_entry.o)
 *(.exceptions.irqtest.user)
 *(.exceptions.irqtest)
 .exceptions.irqtest
                0x0000000000000074       0x10 ../niosHello_bsp//libhal_bsp.a(alt_irq_entry.o)
 *(.exceptions.irqhandler.user)
 *(.exceptions.irqhandler)
 .exceptions.irqhandler
                0x0000000000000084        0x4 ../niosHello_bsp//libhal_bsp.a(alt_irq_entry.o)
 *(.exceptions.irqreturn.user)
 *(.exceptions.irqreturn)
 .exceptions.irqreturn
                0x0000000000000088        0x4 ../niosHello_bsp//libhal_bsp.a(alt_irq_entry.o)
 *(.exceptions.notirq.label)
 .exceptions.notirq.label
                0x000000000000008c        0x0 ../niosHello_bsp//libhal_bsp.a(alt_irq_entry.o)
 *(.exceptions.notirq.user)
 *(.exceptions.notirq)
 .exceptions.notirq
                0x000000000000008c        0x8 ../niosHello_bsp//libhal_bsp.a(alt_exception_entry.o)
 *(.exceptions.soft.user)
 *(.exceptions.soft)
 *(.exceptions.unknown.user)
 *(.exceptions.unknown)
 .exceptions.unknown
                0x0000000000000094       0x14 ../niosHello_bsp//libhal_bsp.a(alt_exception_entry.o)
 *(.exceptions.exit.label)
 .exceptions.exit.label
                0x00000000000000a8        0x0 ../niosHello_bsp//libhal_bsp.a(alt_irq_entry.o)
 .exceptions.exit.label
                0x00000000000000a8        0x0 ../niosHello_bsp//libhal_bsp.a(alt_exception_entry.o)
 *(.exceptions.exit.user)
 *(.exceptions.exit)
 .exceptions.exit
                0x00000000000000a8       0x54 ../niosHello_bsp//libhal_bsp.a(alt_exception_entry.o)
 *(.exceptions)
 .exceptions    0x00000000000000fc       0xd4 ../niosHello_bsp//libhal_bsp.a(alt_irq_handler.o)
                0x00000000000000fc                alt_irq_handler
 .exceptions    0x00000000000001d0       0x74 ../niosHello_bsp//libhal_bsp.a(alt_instruction_exception_entry.o)
                0x00000000000001d0                alt_instruction_exception_entry
                0x0000000000000244                PROVIDE (__ram_exceptions_end, ABSOLUTE (.))
                0x0000000000000020                PROVIDE (__flash_exceptions_start, LOADADDR (.exceptions))

.text           0x0000000000000244     0x261c
                [!provide]                        PROVIDE (stext, ABSOLUTE (.))
 *(.interp)
 *(.hash)
 *(.dynsym)
 *(.dynstr)
 *(.gnu.version)
 *(.gnu.version_d)
 *(.gnu.version_r)
 *(.rel.init)
 *(.rela.init)
 *(.rel.text .rel.text.* .rel.gnu.linkonce.t.*)
 *(.rela.text .rela.text.* .rela.gnu.linkonce.t.*)
 *(.rel.fini)
 *(.rela.fini)
 *(.rel.rodata .rel.rodata.* .rel.gnu.linkonce.r.*)
 *(.rela.rodata .rela.rodata.* .rela.gnu.linkonce.r.*)
 *(.rel.data .rel.data.* .rel.gnu.linkonce.d.*)
 *(.rela.data .rela.data.* .rela.gnu.linkonce.d.*)
 *(.rel.tdata .rel.tdata.* .rel.gnu.linkonce.td.*)
 *(.rela.tdata .rela.tdata.* .rela.gnu.linkonce.td.*)
 *(.rel.tbss .rel.tbss.* .rel.gnu.linkonce.tb.*)
 *(.rela.tbss .rela.tbss.* .rela.gnu.linkonce.tb.*)
 *(.rel.ctors)
 *(.rela.ctors)
 *(.rel.dtors)
 *(.rela.dtors)
 *(.rel.got)
 *(.rela.got)
 *(.rel.sdata .rel.sdata.* .rel.gnu.linkonce.s.*)
 *(.rela.sdata .rela.sdata.* .rela.gnu.linkonce.s.*)
 *(.rel.sbss .rel.sbss.* .rel.gnu.linkonce.sb.*)
 *(.rela.sbss .rela.sbss.* .rela.gnu.linkonce.sb.*)
 *(.rel.sdata2 .rel.sdata2.* .rel.gnu.linkonce.s2.*)
 *(.rela.sdata2 .rela.sdata2.* .rela.gnu.linkonce.s2.*)
 *(.rel.sbss2 .rel.sbss2.* .rel.gnu.linkonce.sb2.*)
 *(.rela.sbss2 .rela.sbss2.* .rela.gnu.linkonce.sb2.*)
 *(.rel.bss .rel.bss.* .rel.gnu.linkonce.b.*)
 *(.rela.bss .rela.bss.* .rela.gnu.linkonce.b.*)
 *(.rel.plt)
 *(.rela.plt)
 *(.rel.dyn)
 *(.init)
 *(.plt)
 *(.text .stub .text.* .gnu.linkonce.t.*)
 .text          0x0000000000000244       0x4c ../niosHello_bsp//obj/HAL/src/crt0.o
                0x0000000000000244                _start
 .text          0x0000000000000290       0x54 obj/default/hello_world.o
                0x0000000000000290                main
 .text          0x00000000000002e4       0xec ../niosHello_bsp//libhal_bsp.a(alt_load.o)
                0x000000000000034c                alt_load
 .text          0x00000000000003d0       0x7c ../niosHello_bsp//libhal_bsp.a(alt_main.o)
                0x00000000000003d0                alt_main
 .text          0x000000000000044c       0x30 ../niosHello_bsp//libhal_bsp.a(alt_usleep.o)
                0x000000000000044c                usleep
 .text          0x000000000000047c       0xb4 ../niosHello_bsp//libhal_bsp.a(alt_sys_init.o)
                0x00000000000004b0                alt_irq_init
                0x00000000000004e8                alt_sys_init
 .text          0x0000000000000530      0x164 ../niosHello_bsp//libhal_bsp.a(altera_avalon_jtag_uart_fd.o)
                0x0000000000000530                altera_avalon_jtag_uart_read_fd
                0x0000000000000590                altera_avalon_jtag_uart_write_fd
                0x00000000000005f0                altera_avalon_jtag_uart_close_fd
                0x0000000000000640                altera_avalon_jtag_uart_ioctl_fd
 .text          0x0000000000000694      0x3d4 ../niosHello_bsp//libhal_bsp.a(altera_avalon_jtag_uart_init.o)
                0x0000000000000694                altera_avalon_jtag_uart_init
                0x0000000000000a00                altera_avalon_jtag_uart_close
 .text          0x0000000000000a68       0xf0 ../niosHello_bsp//libhal_bsp.a(altera_avalon_jtag_uart_ioctl.o)
                0x0000000000000a68                altera_avalon_jtag_uart_ioctl
 .text          0x0000000000000b58      0x21c ../niosHello_bsp//libhal_bsp.a(altera_avalon_jtag_uart_read.o)
                0x0000000000000b58                altera_avalon_jtag_uart_read
 .text          0x0000000000000d74      0x224 ../niosHello_bsp//libhal_bsp.a(altera_avalon_jtag_uart_write.o)
                0x0000000000000d74                altera_avalon_jtag_uart_write
 .text          0x0000000000000f98      0x12c ../niosHello_bsp//libhal_bsp.a(alt_alarm_start.o)
                0x0000000000000f98                alt_alarm_start
 .text          0x00000000000010c4      0x158 ../niosHello_bsp//libhal_bsp.a(alt_busy_sleep.o)
                0x00000000000010c4                alt_busy_sleep
 .text          0x000000000000121c      0x10c ../niosHello_bsp//libhal_bsp.a(alt_close.o)
                0x0000000000001258                close
 .text          0x0000000000001328       0x48 ../niosHello_bsp//libhal_bsp.a(alt_dcache_flush_all.o)
                0x0000000000001328                alt_dcache_flush_all
 .text          0x0000000000001370       0x2c ../niosHello_bsp//libhal_bsp.a(alt_dev.o)
 .text          0x000000000000139c       0xe0 ../niosHello_bsp//libhal_bsp.a(alt_dev_llist_insert.o)
                0x00000000000013d8                alt_dev_llist_insert
 .text          0x000000000000147c       0x60 ../niosHello_bsp//libhal_bsp.a(alt_do_ctors.o)
                0x000000000000147c                _do_ctors
 .text          0x00000000000014dc       0x60 ../niosHello_bsp//libhal_bsp.a(alt_do_dtors.o)
                0x00000000000014dc                _do_dtors
 .text          0x000000000000153c        0x0 ../niosHello_bsp//libhal_bsp.a(alt_errno.o)
 .text          0x000000000000153c       0x34 ../niosHello_bsp//libhal_bsp.a(alt_icache_flush_all.o)
                0x000000000000153c                alt_icache_flush_all
 .text          0x0000000000001570      0x1b0 ../niosHello_bsp//libhal_bsp.a(alt_iic.o)
                0x0000000000001570                alt_ic_isr_register
                0x00000000000015c0                alt_ic_irq_enable
                0x0000000000001648                alt_ic_irq_disable
                0x00000000000016d4                alt_ic_irq_enabled
 .text          0x0000000000001720       0xf0 ../niosHello_bsp//libhal_bsp.a(alt_iic_isr_register.o)
                0x0000000000001720                alt_iic_isr_register
 .text          0x0000000000001810      0x140 ../niosHello_bsp//libhal_bsp.a(alt_io_redirect.o)
                0x00000000000018d4                alt_io_redirect
 .text          0x0000000000001950        0x0 ../niosHello_bsp//libhal_bsp.a(alt_irq_entry.o)
 .text          0x0000000000001950        0x0 ../niosHello_bsp//libhal_bsp.a(alt_irq_handler.o)
 .text          0x0000000000001950        0x0 ../niosHello_bsp//libhal_bsp.a(alt_irq_vars.o)
 .text          0x0000000000001950      0x254 ../niosHello_bsp//libhal_bsp.a(alt_open.o)
                0x0000000000001a50                open
 .text          0x0000000000001ba4       0x64 ../niosHello_bsp//libhal_bsp.a(alt_release_fd.o)
                0x0000000000001ba4                alt_release_fd
 .text          0x0000000000001c08      0x1a4 ../niosHello_bsp//libhal_bsp.a(alt_tick.o)
                0x0000000000001c08                alt_alarm_stop
                0x0000000000001ca4                alt_tick
 .text          0x0000000000001dac       0x24 ../niosHello_bsp//libhal_bsp.a(altera_nios2_gen2_irq.o)
                0x0000000000001dac                altera_nios2_gen2_irq_init
 .text          0x0000000000001dd0        0x0 ../niosHello_bsp//libhal_bsp.a(alt_exception_entry.o)
 .text          0x0000000000001dd0       0x90 ../niosHello_bsp//libhal_bsp.a(alt_find_dev.o)
                0x0000000000001dd0                alt_find_dev
 .text          0x0000000000001e60      0x108 ../niosHello_bsp//libhal_bsp.a(alt_find_file.o)
                0x0000000000001e60                alt_find_file
 .text          0x0000000000001f68       0xa4 ../niosHello_bsp//libhal_bsp.a(alt_get_fd.o)
                0x0000000000001f68                alt_get_fd
 .text          0x000000000000200c       0x90 ../niosHello_bsp//libhal_bsp.a(alt_icache_flush.o)
                0x000000000000200c                alt_icache_flush
 .text          0x000000000000209c       0x9c ../niosHello_bsp//libhal_bsp.a(alt_instruction_exception_entry.o)
                0x000000000000209c                alt_exception_cause_generated_bad_addr
 .text          0x0000000000002138        0x0 /home/bruno/intelFPGA/18.1/nios2eds/bin/gnu/H-x86_64-pc-linux-gnu/bin/../lib/gcc/nios2-elf/5.3.0/../../../../../H-x86_64-pc-linux-gnu/nios2-elf/lib/libc.a(lib_a-atexit.o)
 .text.atexit   0x0000000000002138       0x14 /home/bruno/intelFPGA/18.1/nios2eds/bin/gnu/H-x86_64-pc-linux-gnu/bin/../lib/gcc/nios2-elf/5.3.0/../../../../../H-x86_64-pc-linux-gnu/nios2-elf/lib/libc.a(lib_a-atexit.o)
                0x0000000000002138                atexit
 .text          0x000000000000214c        0x0 /home/bruno/intelFPGA/18.1/nios2eds/bin/gnu/H-x86_64-pc-linux-gnu/bin/../lib/gcc/nios2-elf/5.3.0/../../../../../H-x86_64-pc-linux-gnu/nios2-elf/lib/libc.a(lib_a-exit.o)
 .text.exit     0x000000000000214c       0x38 /home/bruno/intelFPGA/18.1/nios2eds/bin/gnu/H-x86_64-pc-linux-gnu/bin/../lib/gcc/nios2-elf/5.3.0/../../../../../H-x86_64-pc-linux-gnu/nios2-elf/lib/libc.a(lib_a-exit.o)
                0x000000000000214c                exit
 .text          0x0000000000002184        0x0 /home/bruno/intelFPGA/18.1/nios2eds/bin/gnu/H-x86_64-pc-linux-gnu/bin/../lib/gcc/nios2-elf/5.3.0/../../../../../H-x86_64-pc-linux-gnu/nios2-elf/lib/libc.a(lib_a-impure.o)
 .text          0x0000000000002184        0x0 /home/bruno/intelFPGA/18.1/nios2eds/bin/gnu/H-x86_64-pc-linux-gnu/bin/../lib/gcc/nios2-elf/5.3.0/../../../../../H-x86_64-pc-linux-gnu/nios2-elf/lib/libc.a(lib_a-int_errno.o)
 .text          0x0000000000002184        0x0 /home/bruno/intelFPGA/18.1/nios2eds/bin/gnu/H-x86_64-pc-linux-gnu/bin/../lib/gcc/nios2-elf/5.3.0/../../../../../H-x86_64-pc-linux-gnu/nios2-elf/lib/libc.a(lib_a-memcmp.o)
 .text.memcmp   0x0000000000002184       0x7c /home/bruno/intelFPGA/18.1/nios2eds/bin/gnu/H-x86_64-pc-linux-gnu/bin/../lib/gcc/nios2-elf/5.3.0/../../../../../H-x86_64-pc-linux-gnu/nios2-elf/lib/libc.a(lib_a-memcmp.o)
                0x0000000000002184                memcmp
 .text          0x0000000000002200        0x0 /home/bruno/intelFPGA/18.1/nios2eds/bin/gnu/H-x86_64-pc-linux-gnu/bin/../lib/gcc/nios2-elf/5.3.0/../../../../../H-x86_64-pc-linux-gnu/nios2-elf/lib/libc.a(lib_a-memcpy.o)
 .text.memcpy   0x0000000000002200      0x148 /home/bruno/intelFPGA/18.1/nios2eds/bin/gnu/H-x86_64-pc-linux-gnu/bin/../lib/gcc/nios2-elf/5.3.0/../../../../../H-x86_64-pc-linux-gnu/nios2-elf/lib/libc.a(lib_a-memcpy.o)
                0x0000000000002200                memcpy
 .text          0x0000000000002348        0x0 /home/bruno/intelFPGA/18.1/nios2eds/bin/gnu/H-x86_64-pc-linux-gnu/bin/../lib/gcc/nios2-elf/5.3.0/../../../../../H-x86_64-pc-linux-gnu/nios2-elf/lib/libc.a(lib_a-strlen.o)
 .text.strlen   0x0000000000002348       0x98 /home/bruno/intelFPGA/18.1/nios2eds/bin/gnu/H-x86_64-pc-linux-gnu/bin/../lib/gcc/nios2-elf/5.3.0/../../../../../H-x86_64-pc-linux-gnu/nios2-elf/lib/libc.a(lib_a-strlen.o)
                0x0000000000002348                strlen
 .text          0x00000000000023e0        0x0 /home/bruno/intelFPGA/18.1/nios2eds/bin/gnu/H-x86_64-pc-linux-gnu/bin/../lib/gcc/nios2-elf/5.3.0/../../../../../H-x86_64-pc-linux-gnu/nios2-elf/lib/libc.a(lib_a-__atexit.o)
 .text.__register_exitproc
                0x00000000000023e0      0x118 /home/bruno/intelFPGA/18.1/nios2eds/bin/gnu/H-x86_64-pc-linux-gnu/bin/../lib/gcc/nios2-elf/5.3.0/../../../../../H-x86_64-pc-linux-gnu/nios2-elf/lib/libc.a(lib_a-__atexit.o)
                0x00000000000023e0                __register_exitproc
 .text          0x00000000000024f8        0x0 /home/bruno/intelFPGA/18.1/nios2eds/bin/gnu/H-x86_64-pc-linux-gnu/bin/../lib/gcc/nios2-elf/5.3.0/../../../../../H-x86_64-pc-linux-gnu/nios2-elf/lib/libc.a(lib_a-__call_atexit.o)
 .text.__call_exitprocs
                0x00000000000024f8      0x180 /home/bruno/intelFPGA/18.1/nios2eds/bin/gnu/H-x86_64-pc-linux-gnu/bin/../lib/gcc/nios2-elf/5.3.0/../../../../../H-x86_64-pc-linux-gnu/nios2-elf/lib/libc.a(lib_a-__call_atexit.o)
                0x00000000000024f8                __call_exitprocs
 .text          0x0000000000002678      0x1b4 /home/bruno/intelFPGA/18.1/nios2eds/bin/gnu/H-x86_64-pc-linux-gnu/bin/../lib/gcc/nios2-elf/5.3.0/libgcc.a(lib2-divmod.o)
                0x0000000000002678                __divsi3
                0x00000000000026fc                __modsi3
                0x0000000000002770                __udivsi3
                0x00000000000027d4                __umodsi3
 .text          0x000000000000282c       0x34 ../niosHello_bsp//libhal_bsp.a(alt_exit.o)
                0x000000000000282c                _exit
 *(.gnu.warning.*)
 *(.fini)
                [!provide]                        PROVIDE (__etext, ABSOLUTE (.))
                [!provide]                        PROVIDE (_etext, ABSOLUTE (.))
                [!provide]                        PROVIDE (etext, ABSOLUTE (.))
 *(.eh_frame_hdr)
                0x0000000000002860                . = ALIGN (0x4)
                [!provide]                        PROVIDE (__preinit_array_start, ABSOLUTE (.))
 *(.preinit_array)
                [!provide]                        PROVIDE (__preinit_array_end, ABSOLUTE (.))
                [!provide]                        PROVIDE (__init_array_start, ABSOLUTE (.))
 *(.init_array)
                [!provide]                        PROVIDE (__init_array_end, ABSOLUTE (.))
                [!provide]                        PROVIDE (__fini_array_start, ABSOLUTE (.))
 *(.fini_array)
                [!provide]                        PROVIDE (__fini_array_end, ABSOLUTE (.))
 *(.eh_frame)
 *(.gcc_except_table .gcc_except_table.*)
 *(.dynamic)
                0x0000000000002860                PROVIDE (__CTOR_LIST__, ABSOLUTE (.))
 *(.ctors)
 *(SORT(.ctors.*))
                0x0000000000002860                PROVIDE (__CTOR_END__, ABSOLUTE (.))
                0x0000000000002860                PROVIDE (__DTOR_LIST__, ABSOLUTE (.))
 *(.dtors)
 *(SORT(.dtors.*))
                0x0000000000002860                PROVIDE (__DTOR_END__, ABSOLUTE (.))
 *(.jcr)
                0x0000000000002860                . = ALIGN (0x4)

.rodata         0x0000000000020000       0x38
                0x0000000000020000                PROVIDE (__ram_rodata_start, ABSOLUTE (.))
                0x0000000000020000                . = ALIGN (0x4)
 *(.rodata .rodata.* .gnu.linkonce.r.*)
 .rodata        0x0000000000020000       0x11 ../niosHello_bsp//libhal_bsp.a(alt_main.o)
 *fill*         0x0000000000020011        0x3 
 .rodata        0x0000000000020014       0x11 ../niosHello_bsp//libhal_bsp.a(alt_sys_init.o)
 *fill*         0x0000000000020025        0x3 
 .rodata        0x0000000000020028        0xa ../niosHello_bsp//libhal_bsp.a(alt_dev.o)
 *fill*         0x0000000000020032        0x2 
 .rodata.str1.4
                0x0000000000020034        0x4 /home/bruno/intelFPGA/18.1/nios2eds/bin/gnu/H-x86_64-pc-linux-gnu/bin/../lib/gcc/nios2-elf/5.3.0/../../../../../H-x86_64-pc-linux-gnu/nios2-elf/lib/libc.a(lib_a-impure.o)
                                          0x2 (size before relaxing)
 *(.rodata1)
                0x0000000000020038                . = ALIGN (0x4)
                0x0000000000020038                PROVIDE (__ram_rodata_end, ABSOLUTE (.))
                0x0000000000020000                PROVIDE (__flash_rodata_start, LOADADDR (.rodata))

.rwdata         0x0000000000020038     0x1658 load address 0x0000000000002860
                0x0000000000020038                PROVIDE (__ram_rwdata_start, ABSOLUTE (.))
                0x0000000000020038                . = ALIGN (0x4)
 *(.got.plt)
 *(.got)
 *(.data1)
 *(.data .data.* .gnu.linkonce.d.*)
 .data          0x0000000000020038        0x0 ../niosHello_bsp//obj/HAL/src/crt0.o
 .data          0x0000000000020038        0x0 obj/default/hello_world.o
 .data          0x0000000000020038        0x0 ../niosHello_bsp//libhal_bsp.a(alt_load.o)
 .data          0x0000000000020038        0x0 ../niosHello_bsp//libhal_bsp.a(alt_main.o)
 .data          0x0000000000020038        0x0 ../niosHello_bsp//libhal_bsp.a(alt_usleep.o)
 .data          0x0000000000020038     0x1060 ../niosHello_bsp//libhal_bsp.a(alt_sys_init.o)
 .data          0x0000000000021098        0x0 ../niosHello_bsp//libhal_bsp.a(altera_avalon_jtag_uart_fd.o)
 .data          0x0000000000021098        0x0 ../niosHello_bsp//libhal_bsp.a(altera_avalon_jtag_uart_init.o)
 .data          0x0000000000021098        0x0 ../niosHello_bsp//libhal_bsp.a(altera_avalon_jtag_uart_ioctl.o)
 .data          0x0000000000021098        0x0 ../niosHello_bsp//libhal_bsp.a(altera_avalon_jtag_uart_read.o)
 .data          0x0000000000021098        0x0 ../niosHello_bsp//libhal_bsp.a(altera_avalon_jtag_uart_write.o)
 .data          0x0000000000021098        0x0 ../niosHello_bsp//libhal_bsp.a(alt_alarm_start.o)
 .data          0x0000000000021098        0x0 ../niosHello_bsp//libhal_bsp.a(alt_busy_sleep.o)
 .data          0x0000000000021098        0x0 ../niosHello_bsp//libhal_bsp.a(alt_close.o)
 .data          0x0000000000021098        0x0 ../niosHello_bsp//libhal_bsp.a(alt_dcache_flush_all.o)
 .data          0x0000000000021098      0x1a8 ../niosHello_bsp//libhal_bsp.a(alt_dev.o)
                0x0000000000021098                alt_dev_null
                0x00000000000210c0                alt_fd_list
 .data          0x0000000000021240        0x0 ../niosHello_bsp//libhal_bsp.a(alt_dev_llist_insert.o)
 .data          0x0000000000021240        0x0 ../niosHello_bsp//libhal_bsp.a(alt_do_ctors.o)
 .data          0x0000000000021240        0x0 ../niosHello_bsp//libhal_bsp.a(alt_do_dtors.o)
 .data          0x0000000000021240        0x0 ../niosHello_bsp//libhal_bsp.a(alt_errno.o)
 .data          0x0000000000021240        0x0 ../niosHello_bsp//libhal_bsp.a(alt_icache_flush_all.o)
 .data          0x0000000000021240        0x0 ../niosHello_bsp//libhal_bsp.a(alt_iic.o)
 .data          0x0000000000021240        0x0 ../niosHello_bsp//libhal_bsp.a(alt_iic_isr_register.o)
 .data          0x0000000000021240        0x0 ../niosHello_bsp//libhal_bsp.a(alt_io_redirect.o)
 .data          0x0000000000021240        0x0 ../niosHello_bsp//libhal_bsp.a(alt_irq_entry.o)
 .data          0x0000000000021240        0x0 ../niosHello_bsp//libhal_bsp.a(alt_irq_handler.o)
 .data          0x0000000000021240        0x0 ../niosHello_bsp//libhal_bsp.a(alt_irq_vars.o)
 .data          0x0000000000021240        0x0 ../niosHello_bsp//libhal_bsp.a(alt_open.o)
 .data          0x0000000000021240        0x0 ../niosHello_bsp//libhal_bsp.a(alt_release_fd.o)
 .data          0x0000000000021240        0x0 ../niosHello_bsp//libhal_bsp.a(alt_tick.o)
 .data          0x0000000000021240        0x0 ../niosHello_bsp//libhal_bsp.a(altera_nios2_gen2_irq.o)
 .data          0x0000000000021240        0x0 ../niosHello_bsp//libhal_bsp.a(alt_exception_entry.o)
 .data          0x0000000000021240        0x0 ../niosHello_bsp//libhal_bsp.a(alt_find_dev.o)
 .data          0x0000000000021240        0x0 ../niosHello_bsp//libhal_bsp.a(alt_find_file.o)
 .data          0x0000000000021240        0x0 ../niosHello_bsp//libhal_bsp.a(alt_get_fd.o)
 .data          0x0000000000021240        0x0 ../niosHello_bsp//libhal_bsp.a(alt_icache_flush.o)
 .data          0x0000000000021240        0x0 ../niosHello_bsp//libhal_bsp.a(alt_instruction_exception_entry.o)
 .data          0x0000000000021240        0x0 /home/bruno/intelFPGA/18.1/nios2eds/bin/gnu/H-x86_64-pc-linux-gnu/bin/../lib/gcc/nios2-elf/5.3.0/../../../../../H-x86_64-pc-linux-gnu/nios2-elf/lib/libc.a(lib_a-atexit.o)
 .data          0x0000000000021240        0x0 /home/bruno/intelFPGA/18.1/nios2eds/bin/gnu/H-x86_64-pc-linux-gnu/bin/../lib/gcc/nios2-elf/5.3.0/../../../../../H-x86_64-pc-linux-gnu/nios2-elf/lib/libc.a(lib_a-exit.o)
 .data          0x0000000000021240        0x0 /home/bruno/intelFPGA/18.1/nios2eds/bin/gnu/H-x86_64-pc-linux-gnu/bin/../lib/gcc/nios2-elf/5.3.0/../../../../../H-x86_64-pc-linux-gnu/nios2-elf/lib/libc.a(lib_a-impure.o)
 .data.impure_data
                0x0000000000021240      0x424 /home/bruno/intelFPGA/18.1/nios2eds/bin/gnu/H-x86_64-pc-linux-gnu/bin/../lib/gcc/nios2-elf/5.3.0/../../../../../H-x86_64-pc-linux-gnu/nios2-elf/lib/libc.a(lib_a-impure.o)
 .data          0x0000000000021664        0x0 /home/bruno/intelFPGA/18.1/nios2eds/bin/gnu/H-x86_64-pc-linux-gnu/bin/../lib/gcc/nios2-elf/5.3.0/../../../../../H-x86_64-pc-linux-gnu/nios2-elf/lib/libc.a(lib_a-int_errno.o)
 .data          0x0000000000021664        0x0 /home/bruno/intelFPGA/18.1/nios2eds/bin/gnu/H-x86_64-pc-linux-gnu/bin/../lib/gcc/nios2-elf/5.3.0/../../../../../H-x86_64-pc-linux-gnu/nios2-elf/lib/libc.a(lib_a-memcmp.o)
 .data          0x0000000000021664        0x0 /home/bruno/intelFPGA/18.1/nios2eds/bin/gnu/H-x86_64-pc-linux-gnu/bin/../lib/gcc/nios2-elf/5.3.0/../../../../../H-x86_64-pc-linux-gnu/nios2-elf/lib/libc.a(lib_a-memcpy.o)
 .data          0x0000000000021664        0x0 /home/bruno/intelFPGA/18.1/nios2eds/bin/gnu/H-x86_64-pc-linux-gnu/bin/../lib/gcc/nios2-elf/5.3.0/../../../../../H-x86_64-pc-linux-gnu/nios2-elf/lib/libc.a(lib_a-strlen.o)
 .data          0x0000000000021664        0x0 /home/bruno/intelFPGA/18.1/nios2eds/bin/gnu/H-x86_64-pc-linux-gnu/bin/../lib/gcc/nios2-elf/5.3.0/../../../../../H-x86_64-pc-linux-gnu/nios2-elf/lib/libc.a(lib_a-__atexit.o)
 .data          0x0000000000021664        0x0 /home/bruno/intelFPGA/18.1/nios2eds/bin/gnu/H-x86_64-pc-linux-gnu/bin/../lib/gcc/nios2-elf/5.3.0/../../../../../H-x86_64-pc-linux-gnu/nios2-elf/lib/libc.a(lib_a-__call_atexit.o)
 .data          0x0000000000021664        0x0 /home/bruno/intelFPGA/18.1/nios2eds/bin/gnu/H-x86_64-pc-linux-gnu/bin/../lib/gcc/nios2-elf/5.3.0/libgcc.a(lib2-divmod.o)
 .data          0x0000000000021664        0x0 ../niosHello_bsp//libhal_bsp.a(alt_exit.o)
                0x0000000000029664                _gp = ABSOLUTE ((. + 0x8000))
                [!provide]                        PROVIDE (gp, _gp)
 *(.rwdata .rwdata.*)
 *(.sdata .sdata.* .gnu.linkonce.s.*)
 .sdata         0x0000000000021664       0x14 ../niosHello_bsp//libhal_bsp.a(alt_dev.o)
                0x0000000000021664                alt_fs_list
                0x000000000002166c                alt_dev_list
                0x0000000000021674                alt_max_fd
 .sdata         0x0000000000021678        0x4 ../niosHello_bsp//libhal_bsp.a(alt_errno.o)
                0x0000000000021678                alt_errno
 .sdata         0x000000000002167c        0x4 ../niosHello_bsp//libhal_bsp.a(alt_irq_vars.o)
                0x000000000002167c                alt_priority_mask
 .sdata         0x0000000000021680        0x8 ../niosHello_bsp//libhal_bsp.a(alt_tick.o)
                0x0000000000021680                alt_alarm_list
 .sdata._global_impure_ptr
                0x0000000000021688        0x4 /home/bruno/intelFPGA/18.1/nios2eds/bin/gnu/H-x86_64-pc-linux-gnu/bin/../lib/gcc/nios2-elf/5.3.0/../../../../../H-x86_64-pc-linux-gnu/nios2-elf/lib/libc.a(lib_a-impure.o)
                0x0000000000021688                _global_impure_ptr
 .sdata._impure_ptr
                0x000000000002168c        0x4 /home/bruno/intelFPGA/18.1/nios2eds/bin/gnu/H-x86_64-pc-linux-gnu/bin/../lib/gcc/nios2-elf/5.3.0/../../../../../H-x86_64-pc-linux-gnu/nios2-elf/lib/libc.a(lib_a-impure.o)
                0x000000000002168c                _impure_ptr
 *(.sdata2 .sdata2.* .gnu.linkonce.s2.*)
                0x0000000000021690                . = ALIGN (0x4)
                0x0000000000021690                _edata = ABSOLUTE (.)
                [!provide]                        PROVIDE (edata, ABSOLUTE (.))
                0x0000000000021690                PROVIDE (__ram_rwdata_end, ABSOLUTE (.))
                0x0000000000002860                PROVIDE (__flash_rwdata_start, LOADADDR (.rwdata))

.bss            0x0000000000021690      0x120 load address 0x0000000000003eb8
                0x0000000000021690                __bss_start = ABSOLUTE (.)
                [!provide]                        PROVIDE (__sbss_start, ABSOLUTE (.))
                [!provide]                        PROVIDE (___sbss_start, ABSOLUTE (.))
 *(.dynsbss)
 *(.sbss .sbss.* .gnu.linkonce.sb.*)
 .sbss          0x0000000000021690        0xc ../niosHello_bsp//libhal_bsp.a(alt_main.o)
                0x0000000000021690                alt_argc
                0x0000000000021694                alt_argv
                0x0000000000021698                alt_envp
 .sbss          0x000000000002169c        0x4 ../niosHello_bsp//libhal_bsp.a(alt_irq_vars.o)
                0x000000000002169c                alt_irq_active
 .sbss          0x00000000000216a0        0x8 ../niosHello_bsp//libhal_bsp.a(alt_tick.o)
                0x00000000000216a0                _alt_tick_rate
                0x00000000000216a4                _alt_nticks
 .sbss          0x00000000000216a8        0x4 ../niosHello_bsp//libhal_bsp.a(alt_instruction_exception_entry.o)
                0x00000000000216a8                alt_instruction_exception_handler
 .sbss          0x00000000000216ac        0x4 /home/bruno/intelFPGA/18.1/nios2eds/bin/gnu/H-x86_64-pc-linux-gnu/bin/../lib/gcc/nios2-elf/5.3.0/../../../../../H-x86_64-pc-linux-gnu/nios2-elf/lib/libc.a(lib_a-int_errno.o)
                0x00000000000216ac                errno
 *(.sbss2 .sbss2.* .gnu.linkonce.sb2.*)
 *(.scommon)
                [!provide]                        PROVIDE (__sbss_end, ABSOLUTE (.))
                [!provide]                        PROVIDE (___sbss_end, ABSOLUTE (.))
 *(.dynbss)
 *(.bss .bss.* .gnu.linkonce.b.*)
 .bss           0x00000000000216b0        0x0 ../niosHello_bsp//obj/HAL/src/crt0.o
 .bss           0x00000000000216b0        0x0 obj/default/hello_world.o
 .bss           0x00000000000216b0        0x0 ../niosHello_bsp//libhal_bsp.a(alt_load.o)
 .bss           0x00000000000216b0        0x0 ../niosHello_bsp//libhal_bsp.a(alt_main.o)
 .bss           0x00000000000216b0        0x0 ../niosHello_bsp//libhal_bsp.a(alt_usleep.o)
 .bss           0x00000000000216b0        0x0 ../niosHello_bsp//libhal_bsp.a(alt_sys_init.o)
 .bss           0x00000000000216b0        0x0 ../niosHello_bsp//libhal_bsp.a(altera_avalon_jtag_uart_fd.o)
 .bss           0x00000000000216b0        0x0 ../niosHello_bsp//libhal_bsp.a(altera_avalon_jtag_uart_init.o)
 .bss           0x00000000000216b0        0x0 ../niosHello_bsp//libhal_bsp.a(altera_avalon_jtag_uart_ioctl.o)
 .bss           0x00000000000216b0        0x0 ../niosHello_bsp//libhal_bsp.a(altera_avalon_jtag_uart_read.o)
 .bss           0x00000000000216b0        0x0 ../niosHello_bsp//libhal_bsp.a(altera_avalon_jtag_uart_write.o)
 .bss           0x00000000000216b0        0x0 ../niosHello_bsp//libhal_bsp.a(alt_alarm_start.o)
 .bss           0x00000000000216b0        0x0 ../niosHello_bsp//libhal_bsp.a(alt_busy_sleep.o)
 .bss           0x00000000000216b0        0x0 ../niosHello_bsp//libhal_bsp.a(alt_close.o)
 .bss           0x00000000000216b0        0x0 ../niosHello_bsp//libhal_bsp.a(alt_dcache_flush_all.o)
 .bss           0x00000000000216b0        0x0 ../niosHello_bsp//libhal_bsp.a(alt_dev.o)
 .bss           0x00000000000216b0        0x0 ../niosHello_bsp//libhal_bsp.a(alt_dev_llist_insert.o)
 .bss           0x00000000000216b0        0x0 ../niosHello_bsp//libhal_bsp.a(alt_do_ctors.o)
 .bss           0x00000000000216b0        0x0 ../niosHello_bsp//libhal_bsp.a(alt_do_dtors.o)
 .bss           0x00000000000216b0        0x0 ../niosHello_bsp//libhal_bsp.a(alt_errno.o)
 .bss           0x00000000000216b0        0x0 ../niosHello_bsp//libhal_bsp.a(alt_icache_flush_all.o)
 .bss           0x00000000000216b0        0x0 ../niosHello_bsp//libhal_bsp.a(alt_iic.o)
 .bss           0x00000000000216b0        0x0 ../niosHello_bsp//libhal_bsp.a(alt_iic_isr_register.o)
 .bss           0x00000000000216b0        0x0 ../niosHello_bsp//libhal_bsp.a(alt_io_redirect.o)
 .bss           0x00000000000216b0        0x0 ../niosHello_bsp//libhal_bsp.a(alt_irq_entry.o)
 .bss           0x00000000000216b0        0x0 ../niosHello_bsp//libhal_bsp.a(alt_irq_handler.o)
 .bss           0x00000000000216b0        0x0 ../niosHello_bsp//libhal_bsp.a(alt_irq_vars.o)
 .bss           0x00000000000216b0        0x0 ../niosHello_bsp//libhal_bsp.a(alt_open.o)
 .bss           0x00000000000216b0        0x0 ../niosHello_bsp//libhal_bsp.a(alt_release_fd.o)
 .bss           0x00000000000216b0        0x0 ../niosHello_bsp//libhal_bsp.a(alt_tick.o)
 .bss           0x00000000000216b0        0x0 ../niosHello_bsp//libhal_bsp.a(altera_nios2_gen2_irq.o)
 .bss           0x00000000000216b0        0x0 ../niosHello_bsp//libhal_bsp.a(alt_exception_entry.o)
 .bss           0x00000000000216b0        0x0 ../niosHello_bsp//libhal_bsp.a(alt_find_dev.o)
 .bss           0x00000000000216b0        0x0 ../niosHello_bsp//libhal_bsp.a(alt_find_file.o)
 .bss           0x00000000000216b0        0x0 ../niosHello_bsp//libhal_bsp.a(alt_get_fd.o)
 .bss           0x00000000000216b0        0x0 ../niosHello_bsp//libhal_bsp.a(alt_icache_flush.o)
 .bss           0x00000000000216b0        0x0 ../niosHello_bsp//libhal_bsp.a(alt_instruction_exception_entry.o)
 .bss           0x00000000000216b0        0x0 /home/bruno/intelFPGA/18.1/nios2eds/bin/gnu/H-x86_64-pc-linux-gnu/bin/../lib/gcc/nios2-elf/5.3.0/../../../../../H-x86_64-pc-linux-gnu/nios2-elf/lib/libc.a(lib_a-atexit.o)
 .bss           0x00000000000216b0        0x0 /home/bruno/intelFPGA/18.1/nios2eds/bin/gnu/H-x86_64-pc-linux-gnu/bin/../lib/gcc/nios2-elf/5.3.0/../../../../../H-x86_64-pc-linux-gnu/nios2-elf/lib/libc.a(lib_a-exit.o)
 .bss           0x00000000000216b0        0x0 /home/bruno/intelFPGA/18.1/nios2eds/bin/gnu/H-x86_64-pc-linux-gnu/bin/../lib/gcc/nios2-elf/5.3.0/../../../../../H-x86_64-pc-linux-gnu/nios2-elf/lib/libc.a(lib_a-impure.o)
 .bss           0x00000000000216b0        0x0 /home/bruno/intelFPGA/18.1/nios2eds/bin/gnu/H-x86_64-pc-linux-gnu/bin/../lib/gcc/nios2-elf/5.3.0/../../../../../H-x86_64-pc-linux-gnu/nios2-elf/lib/libc.a(lib_a-int_errno.o)
 .bss           0x00000000000216b0        0x0 /home/bruno/intelFPGA/18.1/nios2eds/bin/gnu/H-x86_64-pc-linux-gnu/bin/../lib/gcc/nios2-elf/5.3.0/../../../../../H-x86_64-pc-linux-gnu/nios2-elf/lib/libc.a(lib_a-memcmp.o)
 .bss           0x00000000000216b0        0x0 /home/bruno/intelFPGA/18.1/nios2eds/bin/gnu/H-x86_64-pc-linux-gnu/bin/../lib/gcc/nios2-elf/5.3.0/../../../../../H-x86_64-pc-linux-gnu/nios2-elf/lib/libc.a(lib_a-memcpy.o)
 .bss           0x00000000000216b0        0x0 /home/bruno/intelFPGA/18.1/nios2eds/bin/gnu/H-x86_64-pc-linux-gnu/bin/../lib/gcc/nios2-elf/5.3.0/../../../../../H-x86_64-pc-linux-gnu/nios2-elf/lib/libc.a(lib_a-strlen.o)
 .bss           0x00000000000216b0        0x0 /home/bruno/intelFPGA/18.1/nios2eds/bin/gnu/H-x86_64-pc-linux-gnu/bin/../lib/gcc/nios2-elf/5.3.0/../../../../../H-x86_64-pc-linux-gnu/nios2-elf/lib/libc.a(lib_a-__atexit.o)
 .bss           0x00000000000216b0        0x0 /home/bruno/intelFPGA/18.1/nios2eds/bin/gnu/H-x86_64-pc-linux-gnu/bin/../lib/gcc/nios2-elf/5.3.0/../../../../../H-x86_64-pc-linux-gnu/nios2-elf/lib/libc.a(lib_a-__call_atexit.o)
 .bss           0x00000000000216b0        0x0 /home/bruno/intelFPGA/18.1/nios2eds/bin/gnu/H-x86_64-pc-linux-gnu/bin/../lib/gcc/nios2-elf/5.3.0/libgcc.a(lib2-divmod.o)
 .bss           0x00000000000216b0        0x0 ../niosHello_bsp//libhal_bsp.a(alt_exit.o)
 *(COMMON)
 COMMON         0x00000000000216b0      0x100 ../niosHello_bsp//libhal_bsp.a(alt_irq_handler.o)
                0x00000000000216b0                alt_irq
                0x00000000000217b0                . = ALIGN (0x4)
                0x00000000000217b0                __bss_end = ABSOLUTE (.)

.onchip_memory2_0
                0x0000000000003eb8        0x0
                [!provide]                        PROVIDE (_alt_partition_onchip_memory2_0_start, ABSOLUTE (.))
 *(.onchip_memory2_0 .onchip_memory2_0. onchip_memory2_0.*)
                0x0000000000003eb8                . = ALIGN (0x4)
                [!provide]                        PROVIDE (_alt_partition_onchip_memory2_0_end, ABSOLUTE (.))
                [!provide]                        PROVIDE (_alt_partition_onchip_memory2_0_load_addr, LOADADDR (.onchip_memory2_0))

.onchip_memory2_1
                0x00000000000217b0        0x0 load address 0x0000000000003eb8
                [!provide]                        PROVIDE (_alt_partition_onchip_memory2_1_start, ABSOLUTE (.))
 *(.onchip_memory2_1 .onchip_memory2_1. onchip_memory2_1.*)
                0x00000000000217b0                . = ALIGN (0x4)
                [!provide]                        PROVIDE (_alt_partition_onchip_memory2_1_end, ABSOLUTE (.))
                0x00000000000217b0                _end = ABSOLUTE (.)
                0x00000000000217b0                end = ABSOLUTE (.)
                0x00000000000217b0                __alt_stack_base = ABSOLUTE (.)
                [!provide]                        PROVIDE (_alt_partition_onchip_memory2_1_load_addr, LOADADDR (.onchip_memory2_1))

.stab
 *(.stab)

.stabstr
 *(.stabstr)

.stab.excl
 *(.stab.excl)

.stab.exclstr
 *(.stab.exclstr)

.stab.index
 *(.stab.index)

.stab.indexstr
 *(.stab.indexstr)

.comment        0x0000000000000000       0x23
 *(.comment)
 .comment       0x0000000000000000       0x23 obj/default/hello_world.o
                                         0x24 (size before relaxing)
 .comment       0x0000000000000023       0x24 ../niosHello_bsp//libhal_bsp.a(alt_load.o)
 .comment       0x0000000000000023       0x24 ../niosHello_bsp//libhal_bsp.a(alt_main.o)
 .comment       0x0000000000000023       0x24 ../niosHello_bsp//libhal_bsp.a(alt_usleep.o)
 .comment       0x0000000000000023       0x24 ../niosHello_bsp//libhal_bsp.a(alt_sys_init.o)
 .comment       0x0000000000000023       0x24 ../niosHello_bsp//libhal_bsp.a(altera_avalon_jtag_uart_fd.o)
 .comment       0x0000000000000023       0x24 ../niosHello_bsp//libhal_bsp.a(altera_avalon_jtag_uart_init.o)
 .comment       0x0000000000000023       0x24 ../niosHello_bsp//libhal_bsp.a(altera_avalon_jtag_uart_ioctl.o)
 .comment       0x0000000000000023       0x24 ../niosHello_bsp//libhal_bsp.a(altera_avalon_jtag_uart_read.o)
 .comment       0x0000000000000023       0x24 ../niosHello_bsp//libhal_bsp.a(altera_avalon_jtag_uart_write.o)
 .comment       0x0000000000000023       0x24 ../niosHello_bsp//libhal_bsp.a(alt_alarm_start.o)
 .comment       0x0000000000000023       0x24 ../niosHello_bsp//libhal_bsp.a(alt_busy_sleep.o)
 .comment       0x0000000000000023       0x24 ../niosHello_bsp//libhal_bsp.a(alt_close.o)
 .comment       0x0000000000000023       0x24 ../niosHello_bsp//libhal_bsp.a(alt_dcache_flush_all.o)
 .comment       0x0000000000000023       0x24 ../niosHello_bsp//libhal_bsp.a(alt_dev.o)
 .comment       0x0000000000000023       0x24 ../niosHello_bsp//libhal_bsp.a(alt_dev_llist_insert.o)
 .comment       0x0000000000000023       0x24 ../niosHello_bsp//libhal_bsp.a(alt_do_ctors.o)
 .comment       0x0000000000000023       0x24 ../niosHello_bsp//libhal_bsp.a(alt_do_dtors.o)
 .comment       0x0000000000000023       0x24 ../niosHello_bsp//libhal_bsp.a(alt_errno.o)
 .comment       0x0000000000000023       0x24 ../niosHello_bsp//libhal_bsp.a(alt_icache_flush_all.o)
 .comment       0x0000000000000023       0x24 ../niosHello_bsp//libhal_bsp.a(alt_iic.o)
 .comment       0x0000000000000023       0x24 ../niosHello_bsp//libhal_bsp.a(alt_iic_isr_register.o)
 .comment       0x0000000000000023       0x24 ../niosHello_bsp//libhal_bsp.a(alt_io_redirect.o)
 .comment       0x0000000000000023       0x24 ../niosHello_bsp//libhal_bsp.a(alt_irq_handler.o)
 .comment       0x0000000000000023       0x24 ../niosHello_bsp//libhal_bsp.a(alt_irq_vars.o)
 .comment       0x0000000000000023       0x24 ../niosHello_bsp//libhal_bsp.a(alt_open.o)
 .comment       0x0000000000000023       0x24 ../niosHello_bsp//libhal_bsp.a(alt_release_fd.o)
 .comment       0x0000000000000023       0x24 ../niosHello_bsp//libhal_bsp.a(alt_tick.o)
 .comment       0x0000000000000023       0x24 ../niosHello_bsp//libhal_bsp.a(altera_nios2_gen2_irq.o)
 .comment       0x0000000000000023       0x24 ../niosHello_bsp//libhal_bsp.a(alt_find_dev.o)
 .comment       0x0000000000000023       0x24 ../niosHello_bsp//libhal_bsp.a(alt_find_file.o)
 .comment       0x0000000000000023       0x24 ../niosHello_bsp//libhal_bsp.a(alt_get_fd.o)
 .comment       0x0000000000000023       0x24 ../niosHello_bsp//libhal_bsp.a(alt_icache_flush.o)
 .comment       0x0000000000000023       0x24 ../niosHello_bsp//libhal_bsp.a(alt_instruction_exception_entry.o)
 .comment       0x0000000000000023       0x24 /home/bruno/intelFPGA/18.1/nios2eds/bin/gnu/H-x86_64-pc-linux-gnu/bin/../lib/gcc/nios2-elf/5.3.0/../../../../../H-x86_64-pc-linux-gnu/nios2-elf/lib/libc.a(lib_a-atexit.o)
 .comment       0x0000000000000023       0x24 /home/bruno/intelFPGA/18.1/nios2eds/bin/gnu/H-x86_64-pc-linux-gnu/bin/../lib/gcc/nios2-elf/5.3.0/../../../../../H-x86_64-pc-linux-gnu/nios2-elf/lib/libc.a(lib_a-exit.o)
 .comment       0x0000000000000023       0x24 /home/bruno/intelFPGA/18.1/nios2eds/bin/gnu/H-x86_64-pc-linux-gnu/bin/../lib/gcc/nios2-elf/5.3.0/../../../../../H-x86_64-pc-linux-gnu/nios2-elf/lib/libc.a(lib_a-impure.o)
 .comment       0x0000000000000023       0x24 /home/bruno/intelFPGA/18.1/nios2eds/bin/gnu/H-x86_64-pc-linux-gnu/bin/../lib/gcc/nios2-elf/5.3.0/../../../../../H-x86_64-pc-linux-gnu/nios2-elf/lib/libc.a(lib_a-int_errno.o)
 .comment       0x0000000000000023       0x24 /home/bruno/intelFPGA/18.1/nios2eds/bin/gnu/H-x86_64-pc-linux-gnu/bin/../lib/gcc/nios2-elf/5.3.0/../../../../../H-x86_64-pc-linux-gnu/nios2-elf/lib/libc.a(lib_a-memcmp.o)
 .comment       0x0000000000000023       0x24 /home/bruno/intelFPGA/18.1/nios2eds/bin/gnu/H-x86_64-pc-linux-gnu/bin/../lib/gcc/nios2-elf/5.3.0/../../../../../H-x86_64-pc-linux-gnu/nios2-elf/lib/libc.a(lib_a-memcpy.o)
 .comment       0x0000000000000023       0x24 /home/bruno/intelFPGA/18.1/nios2eds/bin/gnu/H-x86_64-pc-linux-gnu/bin/../lib/gcc/nios2-elf/5.3.0/../../../../../H-x86_64-pc-linux-gnu/nios2-elf/lib/libc.a(lib_a-strlen.o)
 .comment       0x0000000000000023       0x24 /home/bruno/intelFPGA/18.1/nios2eds/bin/gnu/H-x86_64-pc-linux-gnu/bin/../lib/gcc/nios2-elf/5.3.0/../../../../../H-x86_64-pc-linux-gnu/nios2-elf/lib/libc.a(lib_a-__atexit.o)
 .comment       0x0000000000000023       0x24 /home/bruno/intelFPGA/18.1/nios2eds/bin/gnu/H-x86_64-pc-linux-gnu/bin/../lib/gcc/nios2-elf/5.3.0/../../../../../H-x86_64-pc-linux-gnu/nios2-elf/lib/libc.a(lib_a-__call_atexit.o)
 .comment       0x0000000000000023       0x24 /home/bruno/intelFPGA/18.1/nios2eds/bin/gnu/H-x86_64-pc-linux-gnu/bin/../lib/gcc/nios2-elf/5.3.0/libgcc.a(lib2-divmod.o)
 .comment       0x0000000000000023       0x24 ../niosHello_bsp//libhal_bsp.a(alt_exit.o)

.debug
 *(.debug)

.line
 *(.line)

.debug_srcinfo
 *(.debug_srcinfo)

.debug_sfnames
 *(.debug_sfnames)

.debug_aranges  0x0000000000000000      0x618
 *(.debug_aranges)
 .debug_aranges
                0x0000000000000000       0x28 ../niosHello_bsp//obj/HAL/src/crt0.o
 .debug_aranges
                0x0000000000000028       0x20 obj/default/hello_world.o
 .debug_aranges
                0x0000000000000048       0x20 ../niosHello_bsp//libhal_bsp.a(alt_load.o)
 .debug_aranges
                0x0000000000000068       0x20 ../niosHello_bsp//libhal_bsp.a(alt_main.o)
 .debug_aranges
                0x0000000000000088       0x20 ../niosHello_bsp//libhal_bsp.a(alt_usleep.o)
 .debug_aranges
                0x00000000000000a8       0x20 ../niosHello_bsp//libhal_bsp.a(alt_sys_init.o)
 .debug_aranges
                0x00000000000000c8       0x20 ../niosHello_bsp//libhal_bsp.a(altera_avalon_jtag_uart_fd.o)
 .debug_aranges
                0x00000000000000e8       0x20 ../niosHello_bsp//libhal_bsp.a(altera_avalon_jtag_uart_init.o)
 .debug_aranges
                0x0000000000000108       0x20 ../niosHello_bsp//libhal_bsp.a(altera_avalon_jtag_uart_ioctl.o)
 .debug_aranges
                0x0000000000000128       0x20 ../niosHello_bsp//libhal_bsp.a(altera_avalon_jtag_uart_read.o)
 .debug_aranges
                0x0000000000000148       0x20 ../niosHello_bsp//libhal_bsp.a(altera_avalon_jtag_uart_write.o)
 .debug_aranges
                0x0000000000000168       0x20 ../niosHello_bsp//libhal_bsp.a(alt_alarm_start.o)
 .debug_aranges
                0x0000000000000188       0x20 ../niosHello_bsp//libhal_bsp.a(alt_busy_sleep.o)
 .debug_aranges
                0x00000000000001a8       0x20 ../niosHello_bsp//libhal_bsp.a(alt_close.o)
 .debug_aranges
                0x00000000000001c8       0x20 ../niosHello_bsp//libhal_bsp.a(alt_dcache_flush_all.o)
 .debug_aranges
                0x00000000000001e8       0x20 ../niosHello_bsp//libhal_bsp.a(alt_dev.o)
 .debug_aranges
                0x0000000000000208       0x20 ../niosHello_bsp//libhal_bsp.a(alt_dev_llist_insert.o)
 .debug_aranges
                0x0000000000000228       0x20 ../niosHello_bsp//libhal_bsp.a(alt_do_ctors.o)
 .debug_aranges
                0x0000000000000248       0x20 ../niosHello_bsp//libhal_bsp.a(alt_do_dtors.o)
 .debug_aranges
                0x0000000000000268       0x18 ../niosHello_bsp//libhal_bsp.a(alt_errno.o)
 .debug_aranges
                0x0000000000000280       0x20 ../niosHello_bsp//libhal_bsp.a(alt_icache_flush_all.o)
 .debug_aranges
                0x00000000000002a0       0x20 ../niosHello_bsp//libhal_bsp.a(alt_iic.o)
 .debug_aranges
                0x00000000000002c0       0x20 ../niosHello_bsp//libhal_bsp.a(alt_iic_isr_register.o)
 .debug_aranges
                0x00000000000002e0       0x20 ../niosHello_bsp//libhal_bsp.a(alt_io_redirect.o)
 .debug_aranges
                0x0000000000000300       0x30 ../niosHello_bsp//libhal_bsp.a(alt_irq_entry.o)
 .debug_aranges
                0x0000000000000330       0x20 ../niosHello_bsp//libhal_bsp.a(alt_irq_handler.o)
 .debug_aranges
                0x0000000000000350       0x18 ../niosHello_bsp//libhal_bsp.a(alt_irq_vars.o)
 .debug_aranges
                0x0000000000000368       0x20 ../niosHello_bsp//libhal_bsp.a(alt_open.o)
 .debug_aranges
                0x0000000000000388       0x20 ../niosHello_bsp//libhal_bsp.a(alt_release_fd.o)
 .debug_aranges
                0x00000000000003a8       0x20 ../niosHello_bsp//libhal_bsp.a(alt_tick.o)
 .debug_aranges
                0x00000000000003c8       0x20 ../niosHello_bsp//libhal_bsp.a(altera_nios2_gen2_irq.o)
 .debug_aranges
                0x00000000000003e8       0x38 ../niosHello_bsp//libhal_bsp.a(alt_exception_entry.o)
 .debug_aranges
                0x0000000000000420       0x20 ../niosHello_bsp//libhal_bsp.a(alt_find_dev.o)
 .debug_aranges
                0x0000000000000440       0x20 ../niosHello_bsp//libhal_bsp.a(alt_find_file.o)
 .debug_aranges
                0x0000000000000460       0x20 ../niosHello_bsp//libhal_bsp.a(alt_get_fd.o)
 .debug_aranges
                0x0000000000000480       0x20 ../niosHello_bsp//libhal_bsp.a(alt_icache_flush.o)
 .debug_aranges
                0x00000000000004a0       0x28 ../niosHello_bsp//libhal_bsp.a(alt_instruction_exception_entry.o)
 .debug_aranges
                0x00000000000004c8       0x20 /home/bruno/intelFPGA/18.1/nios2eds/bin/gnu/H-x86_64-pc-linux-gnu/bin/../lib/gcc/nios2-elf/5.3.0/../../../../../H-x86_64-pc-linux-gnu/nios2-elf/lib/libc.a(lib_a-atexit.o)
 .debug_aranges
                0x00000000000004e8       0x20 /home/bruno/intelFPGA/18.1/nios2eds/bin/gnu/H-x86_64-pc-linux-gnu/bin/../lib/gcc/nios2-elf/5.3.0/../../../../../H-x86_64-pc-linux-gnu/nios2-elf/lib/libc.a(lib_a-exit.o)
 .debug_aranges
                0x0000000000000508       0x18 /home/bruno/intelFPGA/18.1/nios2eds/bin/gnu/H-x86_64-pc-linux-gnu/bin/../lib/gcc/nios2-elf/5.3.0/../../../../../H-x86_64-pc-linux-gnu/nios2-elf/lib/libc.a(lib_a-impure.o)
 .debug_aranges
                0x0000000000000520       0x18 /home/bruno/intelFPGA/18.1/nios2eds/bin/gnu/H-x86_64-pc-linux-gnu/bin/../lib/gcc/nios2-elf/5.3.0/../../../../../H-x86_64-pc-linux-gnu/nios2-elf/lib/libc.a(lib_a-int_errno.o)
 .debug_aranges
                0x0000000000000538       0x20 /home/bruno/intelFPGA/18.1/nios2eds/bin/gnu/H-x86_64-pc-linux-gnu/bin/../lib/gcc/nios2-elf/5.3.0/../../../../../H-x86_64-pc-linux-gnu/nios2-elf/lib/libc.a(lib_a-memcmp.o)
 .debug_aranges
                0x0000000000000558       0x20 /home/bruno/intelFPGA/18.1/nios2eds/bin/gnu/H-x86_64-pc-linux-gnu/bin/../lib/gcc/nios2-elf/5.3.0/../../../../../H-x86_64-pc-linux-gnu/nios2-elf/lib/libc.a(lib_a-memcpy.o)
 .debug_aranges
                0x0000000000000578       0x20 /home/bruno/intelFPGA/18.1/nios2eds/bin/gnu/H-x86_64-pc-linux-gnu/bin/../lib/gcc/nios2-elf/5.3.0/../../../../../H-x86_64-pc-linux-gnu/nios2-elf/lib/libc.a(lib_a-strlen.o)
 .debug_aranges
                0x0000000000000598       0x20 /home/bruno/intelFPGA/18.1/nios2eds/bin/gnu/H-x86_64-pc-linux-gnu/bin/../lib/gcc/nios2-elf/5.3.0/../../../../../H-x86_64-pc-linux-gnu/nios2-elf/lib/libc.a(lib_a-__atexit.o)
 .debug_aranges
                0x00000000000005b8       0x20 /home/bruno/intelFPGA/18.1/nios2eds/bin/gnu/H-x86_64-pc-linux-gnu/bin/../lib/gcc/nios2-elf/5.3.0/../../../../../H-x86_64-pc-linux-gnu/nios2-elf/lib/libc.a(lib_a-__call_atexit.o)
 .debug_aranges
                0x00000000000005d8       0x20 /home/bruno/intelFPGA/18.1/nios2eds/bin/gnu/H-x86_64-pc-linux-gnu/bin/../lib/gcc/nios2-elf/5.3.0/libgcc.a(lib2-divmod.o)
 .debug_aranges
                0x00000000000005f8       0x20 ../niosHello_bsp//libhal_bsp.a(alt_exit.o)

.debug_pubnames
 *(.debug_pubnames)

.debug_info     0x0000000000000000     0x79fa
 *(.debug_info .gnu.linkonce.wi.*)
 .debug_info    0x0000000000000000       0x90 ../niosHello_bsp//obj/HAL/src/crt0.o
 .debug_info    0x0000000000000090       0xc7 obj/default/hello_world.o
 .debug_info    0x0000000000000157      0x145 ../niosHello_bsp//libhal_bsp.a(alt_load.o)
 .debug_info    0x000000000000029c      0x131 ../niosHello_bsp//libhal_bsp.a(alt_main.o)
 .debug_info    0x00000000000003cd       0xb0 ../niosHello_bsp//libhal_bsp.a(alt_usleep.o)
 .debug_info    0x000000000000047d      0x4c3 ../niosHello_bsp//libhal_bsp.a(alt_sys_init.o)
 .debug_info    0x0000000000000940      0x52e ../niosHello_bsp//libhal_bsp.a(altera_avalon_jtag_uart_fd.o)
 .debug_info    0x0000000000000e6e      0x3a0 ../niosHello_bsp//libhal_bsp.a(altera_avalon_jtag_uart_init.o)
 .debug_info    0x000000000000120e      0x280 ../niosHello_bsp//libhal_bsp.a(altera_avalon_jtag_uart_ioctl.o)
 .debug_info    0x000000000000148e      0x345 ../niosHello_bsp//libhal_bsp.a(altera_avalon_jtag_uart_read.o)
 .debug_info    0x00000000000017d3      0x340 ../niosHello_bsp//libhal_bsp.a(altera_avalon_jtag_uart_write.o)
 .debug_info    0x0000000000001b13      0x2cc ../niosHello_bsp//libhal_bsp.a(alt_alarm_start.o)
 .debug_info    0x0000000000001ddf       0xd7 ../niosHello_bsp//libhal_bsp.a(alt_busy_sleep.o)
 .debug_info    0x0000000000001eb6      0x321 ../niosHello_bsp//libhal_bsp.a(alt_close.o)
 .debug_info    0x00000000000021d7       0xa5 ../niosHello_bsp//libhal_bsp.a(alt_dcache_flush_all.o)
 .debug_info    0x000000000000227c      0x49c ../niosHello_bsp//libhal_bsp.a(alt_dev.o)
 .debug_info    0x0000000000002718      0x1a9 ../niosHello_bsp//libhal_bsp.a(alt_dev_llist_insert.o)
 .debug_info    0x00000000000028c1       0x83 ../niosHello_bsp//libhal_bsp.a(alt_do_ctors.o)
 .debug_info    0x0000000000002944       0x83 ../niosHello_bsp//libhal_bsp.a(alt_do_dtors.o)
 .debug_info    0x00000000000029c7       0xa6 ../niosHello_bsp//libhal_bsp.a(alt_errno.o)
 .debug_info    0x0000000000002a6d       0x92 ../niosHello_bsp//libhal_bsp.a(alt_icache_flush_all.o)
 .debug_info    0x0000000000002aff      0x350 ../niosHello_bsp//libhal_bsp.a(alt_iic.o)
 .debug_info    0x0000000000002e4f      0x1ef ../niosHello_bsp//libhal_bsp.a(alt_iic_isr_register.o)
 .debug_info    0x000000000000303e      0x4a5 ../niosHello_bsp//libhal_bsp.a(alt_io_redirect.o)
 .debug_info    0x00000000000034e3       0x99 ../niosHello_bsp//libhal_bsp.a(alt_irq_entry.o)
 .debug_info    0x000000000000357c      0x187 ../niosHello_bsp//libhal_bsp.a(alt_irq_handler.o)
 .debug_info    0x0000000000003703       0x88 ../niosHello_bsp//libhal_bsp.a(alt_irq_vars.o)
 .debug_info    0x000000000000378b      0x3bb ../niosHello_bsp//libhal_bsp.a(alt_open.o)
 .debug_info    0x0000000000003b46      0x2b0 ../niosHello_bsp//libhal_bsp.a(alt_release_fd.o)
 .debug_info    0x0000000000003df6      0x299 ../niosHello_bsp//libhal_bsp.a(alt_tick.o)
 .debug_info    0x000000000000408f       0x92 ../niosHello_bsp//libhal_bsp.a(altera_nios2_gen2_irq.o)
 .debug_info    0x0000000000004121       0x9f ../niosHello_bsp//libhal_bsp.a(alt_exception_entry.o)
 .debug_info    0x00000000000041c0      0x2e9 ../niosHello_bsp//libhal_bsp.a(alt_find_dev.o)
 .debug_info    0x00000000000044a9      0x2e6 ../niosHello_bsp//libhal_bsp.a(alt_find_file.o)
 .debug_info    0x000000000000478f      0x310 ../niosHello_bsp//libhal_bsp.a(alt_get_fd.o)
 .debug_info    0x0000000000004a9f       0xdc ../niosHello_bsp//libhal_bsp.a(alt_icache_flush.o)
 .debug_info    0x0000000000004b7b      0x1e7 ../niosHello_bsp//libhal_bsp.a(alt_instruction_exception_entry.o)
 .debug_info    0x0000000000004d62       0xfe /home/bruno/intelFPGA/18.1/nios2eds/bin/gnu/H-x86_64-pc-linux-gnu/bin/../lib/gcc/nios2-elf/5.3.0/../../../../../H-x86_64-pc-linux-gnu/nios2-elf/lib/libc.a(lib_a-atexit.o)
 .debug_info    0x0000000000004e60      0x8e4 /home/bruno/intelFPGA/18.1/nios2eds/bin/gnu/H-x86_64-pc-linux-gnu/bin/../lib/gcc/nios2-elf/5.3.0/../../../../../H-x86_64-pc-linux-gnu/nios2-elf/lib/libc.a(lib_a-exit.o)
 .debug_info    0x0000000000005744      0x8a1 /home/bruno/intelFPGA/18.1/nios2eds/bin/gnu/H-x86_64-pc-linux-gnu/bin/../lib/gcc/nios2-elf/5.3.0/../../../../../H-x86_64-pc-linux-gnu/nios2-elf/lib/libc.a(lib_a-impure.o)
 .debug_info    0x0000000000005fe5       0x8a /home/bruno/intelFPGA/18.1/nios2eds/bin/gnu/H-x86_64-pc-linux-gnu/bin/../lib/gcc/nios2-elf/5.3.0/../../../../../H-x86_64-pc-linux-gnu/nios2-elf/lib/libc.a(lib_a-int_errno.o)
 .debug_info    0x000000000000606f      0x11a /home/bruno/intelFPGA/18.1/nios2eds/bin/gnu/H-x86_64-pc-linux-gnu/bin/../lib/gcc/nios2-elf/5.3.0/../../../../../H-x86_64-pc-linux-gnu/nios2-elf/lib/libc.a(lib_a-memcmp.o)
 .debug_info    0x0000000000006189      0x144 /home/bruno/intelFPGA/18.1/nios2eds/bin/gnu/H-x86_64-pc-linux-gnu/bin/../lib/gcc/nios2-elf/5.3.0/../../../../../H-x86_64-pc-linux-gnu/nios2-elf/lib/libc.a(lib_a-memcpy.o)
 .debug_info    0x00000000000062cd       0xe2 /home/bruno/intelFPGA/18.1/nios2eds/bin/gnu/H-x86_64-pc-linux-gnu/bin/../lib/gcc/nios2-elf/5.3.0/../../../../../H-x86_64-pc-linux-gnu/nios2-elf/lib/libc.a(lib_a-strlen.o)
 .debug_info    0x00000000000063af      0x934 /home/bruno/intelFPGA/18.1/nios2eds/bin/gnu/H-x86_64-pc-linux-gnu/bin/../lib/gcc/nios2-elf/5.3.0/../../../../../H-x86_64-pc-linux-gnu/nios2-elf/lib/libc.a(lib_a-__atexit.o)
 .debug_info    0x0000000000006ce3      0x965 /home/bruno/intelFPGA/18.1/nios2eds/bin/gnu/H-x86_64-pc-linux-gnu/bin/../lib/gcc/nios2-elf/5.3.0/../../../../../H-x86_64-pc-linux-gnu/nios2-elf/lib/libc.a(lib_a-__call_atexit.o)
 .debug_info    0x0000000000007648      0x2c6 /home/bruno/intelFPGA/18.1/nios2eds/bin/gnu/H-x86_64-pc-linux-gnu/bin/../lib/gcc/nios2-elf/5.3.0/libgcc.a(lib2-divmod.o)
 .debug_info    0x000000000000790e       0xec ../niosHello_bsp//libhal_bsp.a(alt_exit.o)

.debug_abbrev   0x0000000000000000     0x2b54
 *(.debug_abbrev)
 .debug_abbrev  0x0000000000000000       0x12 ../niosHello_bsp//obj/HAL/src/crt0.o
 .debug_abbrev  0x0000000000000012       0x7f obj/default/hello_world.o
 .debug_abbrev  0x0000000000000091       0x9f ../niosHello_bsp//libhal_bsp.a(alt_load.o)
 .debug_abbrev  0x0000000000000130       0xba ../niosHello_bsp//libhal_bsp.a(alt_main.o)
 .debug_abbrev  0x00000000000001ea       0x60 ../niosHello_bsp//libhal_bsp.a(alt_usleep.o)
 .debug_abbrev  0x000000000000024a      0x187 ../niosHello_bsp//libhal_bsp.a(alt_sys_init.o)
 .debug_abbrev  0x00000000000003d1      0x127 ../niosHello_bsp//libhal_bsp.a(altera_avalon_jtag_uart_fd.o)
 .debug_abbrev  0x00000000000004f8      0x19e ../niosHello_bsp//libhal_bsp.a(altera_avalon_jtag_uart_init.o)
 .debug_abbrev  0x0000000000000696      0x111 ../niosHello_bsp//libhal_bsp.a(altera_avalon_jtag_uart_ioctl.o)
 .debug_abbrev  0x00000000000007a7      0x1aa ../niosHello_bsp//libhal_bsp.a(altera_avalon_jtag_uart_read.o)
 .debug_abbrev  0x0000000000000951      0x1a8 ../niosHello_bsp//libhal_bsp.a(altera_avalon_jtag_uart_write.o)
 .debug_abbrev  0x0000000000000af9      0x162 ../niosHello_bsp//libhal_bsp.a(alt_alarm_start.o)
 .debug_abbrev  0x0000000000000c5b       0x7e ../niosHello_bsp//libhal_bsp.a(alt_busy_sleep.o)
 .debug_abbrev  0x0000000000000cd9      0x11f ../niosHello_bsp//libhal_bsp.a(alt_close.o)
 .debug_abbrev  0x0000000000000df8       0x5a ../niosHello_bsp//libhal_bsp.a(alt_dcache_flush_all.o)
 .debug_abbrev  0x0000000000000e52       0xd9 ../niosHello_bsp//libhal_bsp.a(alt_dev.o)
 .debug_abbrev  0x0000000000000f2b      0x114 ../niosHello_bsp//libhal_bsp.a(alt_dev_llist_insert.o)
 .debug_abbrev  0x000000000000103f       0x79 ../niosHello_bsp//libhal_bsp.a(alt_do_ctors.o)
 .debug_abbrev  0x00000000000010b8       0x79 ../niosHello_bsp//libhal_bsp.a(alt_do_dtors.o)
 .debug_abbrev  0x0000000000001131       0x5a ../niosHello_bsp//libhal_bsp.a(alt_errno.o)
 .debug_abbrev  0x000000000000118b       0x42 ../niosHello_bsp//libhal_bsp.a(alt_icache_flush_all.o)
 .debug_abbrev  0x00000000000011cd      0x163 ../niosHello_bsp//libhal_bsp.a(alt_iic.o)
 .debug_abbrev  0x0000000000001330      0x169 ../niosHello_bsp//libhal_bsp.a(alt_iic_isr_register.o)
 .debug_abbrev  0x0000000000001499      0x114 ../niosHello_bsp//libhal_bsp.a(alt_io_redirect.o)
 .debug_abbrev  0x00000000000015ad       0x12 ../niosHello_bsp//libhal_bsp.a(alt_irq_entry.o)
 .debug_abbrev  0x00000000000015bf      0x122 ../niosHello_bsp//libhal_bsp.a(alt_irq_handler.o)
 .debug_abbrev  0x00000000000016e1       0x40 ../niosHello_bsp//libhal_bsp.a(alt_irq_vars.o)
 .debug_abbrev  0x0000000000001721      0x148 ../niosHello_bsp//libhal_bsp.a(alt_open.o)
 .debug_abbrev  0x0000000000001869       0xde ../niosHello_bsp//libhal_bsp.a(alt_release_fd.o)
 .debug_abbrev  0x0000000000001947      0x15a ../niosHello_bsp//libhal_bsp.a(alt_tick.o)
 .debug_abbrev  0x0000000000001aa1       0x42 ../niosHello_bsp//libhal_bsp.a(altera_nios2_gen2_irq.o)
 .debug_abbrev  0x0000000000001ae3       0x12 ../niosHello_bsp//libhal_bsp.a(alt_exception_entry.o)
 .debug_abbrev  0x0000000000001af5       0xf0 ../niosHello_bsp//libhal_bsp.a(alt_find_dev.o)
 .debug_abbrev  0x0000000000001be5       0xf0 ../niosHello_bsp//libhal_bsp.a(alt_find_file.o)
 .debug_abbrev  0x0000000000001cd5      0x10d ../niosHello_bsp//libhal_bsp.a(alt_get_fd.o)
 .debug_abbrev  0x0000000000001de2       0x8c ../niosHello_bsp//libhal_bsp.a(alt_icache_flush.o)
 .debug_abbrev  0x0000000000001e6e       0xdc ../niosHello_bsp//libhal_bsp.a(alt_instruction_exception_entry.o)
 .debug_abbrev  0x0000000000001f4a       0xaa /home/bruno/intelFPGA/18.1/nios2eds/bin/gnu/H-x86_64-pc-linux-gnu/bin/../lib/gcc/nios2-elf/5.3.0/../../../../../H-x86_64-pc-linux-gnu/nios2-elf/lib/libc.a(lib_a-atexit.o)
 .debug_abbrev  0x0000000000001ff4      0x1e5 /home/bruno/intelFPGA/18.1/nios2eds/bin/gnu/H-x86_64-pc-linux-gnu/bin/../lib/gcc/nios2-elf/5.3.0/../../../../../H-x86_64-pc-linux-gnu/nios2-elf/lib/libc.a(lib_a-exit.o)
 .debug_abbrev  0x00000000000021d9      0x18f /home/bruno/intelFPGA/18.1/nios2eds/bin/gnu/H-x86_64-pc-linux-gnu/bin/../lib/gcc/nios2-elf/5.3.0/../../../../../H-x86_64-pc-linux-gnu/nios2-elf/lib/libc.a(lib_a-impure.o)
 .debug_abbrev  0x0000000000002368       0x37 /home/bruno/intelFPGA/18.1/nios2eds/bin/gnu/H-x86_64-pc-linux-gnu/bin/../lib/gcc/nios2-elf/5.3.0/../../../../../H-x86_64-pc-linux-gnu/nios2-elf/lib/libc.a(lib_a-int_errno.o)
 .debug_abbrev  0x000000000000239f       0x7f /home/bruno/intelFPGA/18.1/nios2eds/bin/gnu/H-x86_64-pc-linux-gnu/bin/../lib/gcc/nios2-elf/5.3.0/../../../../../H-x86_64-pc-linux-gnu/nios2-elf/lib/libc.a(lib_a-memcmp.o)
 .debug_abbrev  0x000000000000241e       0xa3 /home/bruno/intelFPGA/18.1/nios2eds/bin/gnu/H-x86_64-pc-linux-gnu/bin/../lib/gcc/nios2-elf/5.3.0/../../../../../H-x86_64-pc-linux-gnu/nios2-elf/lib/libc.a(lib_a-memcpy.o)
 .debug_abbrev  0x00000000000024c1       0x90 /home/bruno/intelFPGA/18.1/nios2eds/bin/gnu/H-x86_64-pc-linux-gnu/bin/../lib/gcc/nios2-elf/5.3.0/../../../../../H-x86_64-pc-linux-gnu/nios2-elf/lib/libc.a(lib_a-strlen.o)
 .debug_abbrev  0x0000000000002551      0x21e /home/bruno/intelFPGA/18.1/nios2eds/bin/gnu/H-x86_64-pc-linux-gnu/bin/../lib/gcc/nios2-elf/5.3.0/../../../../../H-x86_64-pc-linux-gnu/nios2-elf/lib/libc.a(lib_a-__atexit.o)
 .debug_abbrev  0x000000000000276f      0x22e /home/bruno/intelFPGA/18.1/nios2eds/bin/gnu/H-x86_64-pc-linux-gnu/bin/../lib/gcc/nios2-elf/5.3.0/../../../../../H-x86_64-pc-linux-gnu/nios2-elf/lib/libc.a(lib_a-__call_atexit.o)
 .debug_abbrev  0x000000000000299d      0x10e /home/bruno/intelFPGA/18.1/nios2eds/bin/gnu/H-x86_64-pc-linux-gnu/bin/../lib/gcc/nios2-elf/5.3.0/libgcc.a(lib2-divmod.o)
 .debug_abbrev  0x0000000000002aab       0xa9 ../niosHello_bsp//libhal_bsp.a(alt_exit.o)

.debug_line     0x0000000000000000     0x2beb
 *(.debug_line)
 .debug_line    0x0000000000000000       0x72 ../niosHello_bsp//obj/HAL/src/crt0.o
 .debug_line    0x0000000000000072       0x6b obj/default/hello_world.o
 .debug_line    0x00000000000000dd       0x8e ../niosHello_bsp//libhal_bsp.a(alt_load.o)
 .debug_line    0x000000000000016b       0xa4 ../niosHello_bsp//libhal_bsp.a(alt_main.o)
 .debug_line    0x000000000000020f       0xb6 ../niosHello_bsp//libhal_bsp.a(alt_usleep.o)
 .debug_line    0x00000000000002c5      0x136 ../niosHello_bsp//libhal_bsp.a(alt_sys_init.o)
 .debug_line    0x00000000000003fb      0x12f ../niosHello_bsp//libhal_bsp.a(altera_avalon_jtag_uart_fd.o)
 .debug_line    0x000000000000052a      0x18b ../niosHello_bsp//libhal_bsp.a(altera_avalon_jtag_uart_init.o)
 .debug_line    0x00000000000006b5      0x131 ../niosHello_bsp//libhal_bsp.a(altera_avalon_jtag_uart_ioctl.o)
 .debug_line    0x00000000000007e6      0x171 ../niosHello_bsp//libhal_bsp.a(altera_avalon_jtag_uart_read.o)
 .debug_line    0x0000000000000957      0x170 ../niosHello_bsp//libhal_bsp.a(altera_avalon_jtag_uart_write.o)
 .debug_line    0x0000000000000ac7       0xf9 ../niosHello_bsp//libhal_bsp.a(alt_alarm_start.o)
 .debug_line    0x0000000000000bc0       0xa0 ../niosHello_bsp//libhal_bsp.a(alt_busy_sleep.o)
 .debug_line    0x0000000000000c60      0x16e ../niosHello_bsp//libhal_bsp.a(alt_close.o)
 .debug_line    0x0000000000000dce       0x61 ../niosHello_bsp//libhal_bsp.a(alt_dcache_flush_all.o)
 .debug_line    0x0000000000000e2f      0x101 ../niosHello_bsp//libhal_bsp.a(alt_dev.o)
 .debug_line    0x0000000000000f30       0xcf ../niosHello_bsp//libhal_bsp.a(alt_dev_llist_insert.o)
 .debug_line    0x0000000000000fff       0x59 ../niosHello_bsp//libhal_bsp.a(alt_do_ctors.o)
 .debug_line    0x0000000000001058       0x59 ../niosHello_bsp//libhal_bsp.a(alt_do_dtors.o)
 .debug_line    0x00000000000010b1       0x51 ../niosHello_bsp//libhal_bsp.a(alt_errno.o)
 .debug_line    0x0000000000001102       0x50 ../niosHello_bsp//libhal_bsp.a(alt_icache_flush_all.o)
 .debug_line    0x0000000000001152       0xeb ../niosHello_bsp//libhal_bsp.a(alt_iic.o)
 .debug_line    0x000000000000123d       0xdb ../niosHello_bsp//libhal_bsp.a(alt_iic_isr_register.o)
 .debug_line    0x0000000000001318      0x13c ../niosHello_bsp//libhal_bsp.a(alt_io_redirect.o)
 .debug_line    0x0000000000001454       0x6b ../niosHello_bsp//libhal_bsp.a(alt_irq_entry.o)
 .debug_line    0x00000000000014bf       0xaa ../niosHello_bsp//libhal_bsp.a(alt_irq_handler.o)
 .debug_line    0x0000000000001569       0x50 ../niosHello_bsp//libhal_bsp.a(alt_irq_vars.o)
 .debug_line    0x00000000000015b9      0x128 ../niosHello_bsp//libhal_bsp.a(alt_open.o)
 .debug_line    0x00000000000016e1       0xae ../niosHello_bsp//libhal_bsp.a(alt_release_fd.o)
 .debug_line    0x000000000000178f       0xff ../niosHello_bsp//libhal_bsp.a(alt_tick.o)
 .debug_line    0x000000000000188e       0x51 ../niosHello_bsp//libhal_bsp.a(altera_nios2_gen2_irq.o)
 .debug_line    0x00000000000018df       0xb3 ../niosHello_bsp//libhal_bsp.a(alt_exception_entry.o)
 .debug_line    0x0000000000001992       0xb5 ../niosHello_bsp//libhal_bsp.a(alt_find_dev.o)
 .debug_line    0x0000000000001a47       0xd1 ../niosHello_bsp//libhal_bsp.a(alt_find_file.o)
 .debug_line    0x0000000000001b18       0xd4 ../niosHello_bsp//libhal_bsp.a(alt_get_fd.o)
 .debug_line    0x0000000000001bec       0x81 ../niosHello_bsp//libhal_bsp.a(alt_icache_flush.o)
 .debug_line    0x0000000000001c6d       0xba ../niosHello_bsp//libhal_bsp.a(alt_instruction_exception_entry.o)
 .debug_line    0x0000000000001d27       0xe4 /home/bruno/intelFPGA/18.1/nios2eds/bin/gnu/H-x86_64-pc-linux-gnu/bin/../lib/gcc/nios2-elf/5.3.0/../../../../../H-x86_64-pc-linux-gnu/nios2-elf/lib/libc.a(lib_a-atexit.o)
 .debug_line    0x0000000000001e0b      0x1f9 /home/bruno/intelFPGA/18.1/nios2eds/bin/gnu/H-x86_64-pc-linux-gnu/bin/../lib/gcc/nios2-elf/5.3.0/../../../../../H-x86_64-pc-linux-gnu/nios2-elf/lib/libc.a(lib_a-exit.o)
 .debug_line    0x0000000000002004      0x15d /home/bruno/intelFPGA/18.1/nios2eds/bin/gnu/H-x86_64-pc-linux-gnu/bin/../lib/gcc/nios2-elf/5.3.0/../../../../../H-x86_64-pc-linux-gnu/nios2-elf/lib/libc.a(lib_a-impure.o)
 .debug_line    0x0000000000002161       0x5c /home/bruno/intelFPGA/18.1/nios2eds/bin/gnu/H-x86_64-pc-linux-gnu/bin/../lib/gcc/nios2-elf/5.3.0/../../../../../H-x86_64-pc-linux-gnu/nios2-elf/lib/libc.a(lib_a-int_errno.o)
 .debug_line    0x00000000000021bd      0x173 /home/bruno/intelFPGA/18.1/nios2eds/bin/gnu/H-x86_64-pc-linux-gnu/bin/../lib/gcc/nios2-elf/5.3.0/../../../../../H-x86_64-pc-linux-gnu/nios2-elf/lib/libc.a(lib_a-memcmp.o)
 .debug_line    0x0000000000002330      0x189 /home/bruno/intelFPGA/18.1/nios2eds/bin/gnu/H-x86_64-pc-linux-gnu/bin/../lib/gcc/nios2-elf/5.3.0/../../../../../H-x86_64-pc-linux-gnu/nios2-elf/lib/libc.a(lib_a-memcpy.o)
 .debug_line    0x00000000000024b9      0x16c /home/bruno/intelFPGA/18.1/nios2eds/bin/gnu/H-x86_64-pc-linux-gnu/bin/../lib/gcc/nios2-elf/5.3.0/../../../../../H-x86_64-pc-linux-gnu/nios2-elf/lib/libc.a(lib_a-strlen.o)
 .debug_line    0x0000000000002625      0x21c /home/bruno/intelFPGA/18.1/nios2eds/bin/gnu/H-x86_64-pc-linux-gnu/bin/../lib/gcc/nios2-elf/5.3.0/../../../../../H-x86_64-pc-linux-gnu/nios2-elf/lib/libc.a(lib_a-__atexit.o)
 .debug_line    0x0000000000002841      0x237 /home/bruno/intelFPGA/18.1/nios2eds/bin/gnu/H-x86_64-pc-linux-gnu/bin/../lib/gcc/nios2-elf/5.3.0/../../../../../H-x86_64-pc-linux-gnu/nios2-elf/lib/libc.a(lib_a-__call_atexit.o)
 .debug_line    0x0000000000002a78      0x102 /home/bruno/intelFPGA/18.1/nios2eds/bin/gnu/H-x86_64-pc-linux-gnu/bin/../lib/gcc/nios2-elf/5.3.0/libgcc.a(lib2-divmod.o)
 .debug_line    0x0000000000002b7a       0x71 ../niosHello_bsp//libhal_bsp.a(alt_exit.o)

.debug_frame    0x0000000000000000      0xb60
 *(.debug_frame)
 .debug_frame   0x0000000000000000       0x2c obj/default/hello_world.o
 .debug_frame   0x000000000000002c       0x5c ../niosHello_bsp//libhal_bsp.a(alt_load.o)
 .debug_frame   0x0000000000000088       0x2c ../niosHello_bsp//libhal_bsp.a(alt_main.o)
 .debug_frame   0x00000000000000b4       0x38 ../niosHello_bsp//libhal_bsp.a(alt_usleep.o)
 .debug_frame   0x00000000000000ec       0x88 ../niosHello_bsp//libhal_bsp.a(alt_sys_init.o)
 .debug_frame   0x0000000000000174       0xb0 ../niosHello_bsp//libhal_bsp.a(altera_avalon_jtag_uart_fd.o)
 .debug_frame   0x0000000000000224       0xa4 ../niosHello_bsp//libhal_bsp.a(altera_avalon_jtag_uart_init.o)
 .debug_frame   0x00000000000002c8       0x34 ../niosHello_bsp//libhal_bsp.a(altera_avalon_jtag_uart_ioctl.o)
 .debug_frame   0x00000000000002fc       0x38 ../niosHello_bsp//libhal_bsp.a(altera_avalon_jtag_uart_read.o)
 .debug_frame   0x0000000000000334       0x38 ../niosHello_bsp//libhal_bsp.a(altera_avalon_jtag_uart_write.o)
 .debug_frame   0x000000000000036c       0x34 ../niosHello_bsp//libhal_bsp.a(alt_alarm_start.o)
 .debug_frame   0x00000000000003a0       0x38 ../niosHello_bsp//libhal_bsp.a(alt_busy_sleep.o)
 .debug_frame   0x00000000000003d8       0x60 ../niosHello_bsp//libhal_bsp.a(alt_close.o)
 .debug_frame   0x0000000000000438       0x34 ../niosHello_bsp//libhal_bsp.a(alt_dcache_flush_all.o)
 .debug_frame   0x000000000000046c       0x34 ../niosHello_bsp//libhal_bsp.a(alt_dev.o)
 .debug_frame   0x00000000000004a0       0x60 ../niosHello_bsp//libhal_bsp.a(alt_dev_llist_insert.o)
 .debug_frame   0x0000000000000500       0x38 ../niosHello_bsp//libhal_bsp.a(alt_do_ctors.o)
 .debug_frame   0x0000000000000538       0x38 ../niosHello_bsp//libhal_bsp.a(alt_do_dtors.o)
 .debug_frame   0x0000000000000570       0x38 ../niosHello_bsp//libhal_bsp.a(alt_icache_flush_all.o)
 .debug_frame   0x00000000000005a8       0xa4 ../niosHello_bsp//libhal_bsp.a(alt_iic.o)
 .debug_frame   0x000000000000064c       0x38 ../niosHello_bsp//libhal_bsp.a(alt_iic_isr_register.o)
 .debug_frame   0x0000000000000684       0x60 ../niosHello_bsp//libhal_bsp.a(alt_io_redirect.o)
 .debug_frame   0x00000000000006e4       0x38 ../niosHello_bsp//libhal_bsp.a(alt_irq_handler.o)
 .debug_frame   0x000000000000071c       0x84 ../niosHello_bsp//libhal_bsp.a(alt_open.o)
 .debug_frame   0x00000000000007a0       0x34 ../niosHello_bsp//libhal_bsp.a(alt_release_fd.o)
 .debug_frame   0x00000000000007d4       0x5c ../niosHello_bsp//libhal_bsp.a(alt_tick.o)
 .debug_frame   0x0000000000000830       0x34 ../niosHello_bsp//libhal_bsp.a(altera_nios2_gen2_irq.o)
 .debug_frame   0x0000000000000864       0x38 ../niosHello_bsp//libhal_bsp.a(alt_find_dev.o)
 .debug_frame   0x000000000000089c       0x38 ../niosHello_bsp//libhal_bsp.a(alt_find_file.o)
 .debug_frame   0x00000000000008d4       0x34 ../niosHello_bsp//libhal_bsp.a(alt_get_fd.o)
 .debug_frame   0x0000000000000908       0x34 ../niosHello_bsp//libhal_bsp.a(alt_icache_flush.o)
 .debug_frame   0x000000000000093c       0x5c ../niosHello_bsp//libhal_bsp.a(alt_instruction_exception_entry.o)
 .debug_frame   0x0000000000000998       0x20 /home/bruno/intelFPGA/18.1/nios2eds/bin/gnu/H-x86_64-pc-linux-gnu/bin/../lib/gcc/nios2-elf/5.3.0/../../../../../H-x86_64-pc-linux-gnu/nios2-elf/lib/libc.a(lib_a-atexit.o)
 .debug_frame   0x00000000000009b8       0x28 /home/bruno/intelFPGA/18.1/nios2eds/bin/gnu/H-x86_64-pc-linux-gnu/bin/../lib/gcc/nios2-elf/5.3.0/../../../../../H-x86_64-pc-linux-gnu/nios2-elf/lib/libc.a(lib_a-exit.o)
 .debug_frame   0x00000000000009e0       0x20 /home/bruno/intelFPGA/18.1/nios2eds/bin/gnu/H-x86_64-pc-linux-gnu/bin/../lib/gcc/nios2-elf/5.3.0/../../../../../H-x86_64-pc-linux-gnu/nios2-elf/lib/libc.a(lib_a-memcmp.o)
 .debug_frame   0x0000000000000a00       0x38 /home/bruno/intelFPGA/18.1/nios2eds/bin/gnu/H-x86_64-pc-linux-gnu/bin/../lib/gcc/nios2-elf/5.3.0/../../../../../H-x86_64-pc-linux-gnu/nios2-elf/lib/libc.a(lib_a-memcpy.o)
 .debug_frame   0x0000000000000a38       0x20 /home/bruno/intelFPGA/18.1/nios2eds/bin/gnu/H-x86_64-pc-linux-gnu/bin/../lib/gcc/nios2-elf/5.3.0/../../../../../H-x86_64-pc-linux-gnu/nios2-elf/lib/libc.a(lib_a-strlen.o)
 .debug_frame   0x0000000000000a58       0x38 /home/bruno/intelFPGA/18.1/nios2eds/bin/gnu/H-x86_64-pc-linux-gnu/bin/../lib/gcc/nios2-elf/5.3.0/../../../../../H-x86_64-pc-linux-gnu/nios2-elf/lib/libc.a(lib_a-__atexit.o)
 .debug_frame   0x0000000000000a90       0x54 /home/bruno/intelFPGA/18.1/nios2eds/bin/gnu/H-x86_64-pc-linux-gnu/bin/../lib/gcc/nios2-elf/5.3.0/../../../../../H-x86_64-pc-linux-gnu/nios2-elf/lib/libc.a(lib_a-__call_atexit.o)
 .debug_frame   0x0000000000000ae4       0x50 /home/bruno/intelFPGA/18.1/nios2eds/bin/gnu/H-x86_64-pc-linux-gnu/bin/../lib/gcc/nios2-elf/5.3.0/libgcc.a(lib2-divmod.o)
 .debug_frame   0x0000000000000b34       0x2c ../niosHello_bsp//libhal_bsp.a(alt_exit.o)

.debug_str      0x0000000000000000     0x1c0e
 *(.debug_str)
 .debug_str     0x0000000000000000      0x11f obj/default/hello_world.o
                                        0x15d (size before relaxing)
 .debug_str     0x000000000000011f      0x14d ../niosHello_bsp//libhal_bsp.a(alt_load.o)
                                        0x231 (size before relaxing)
 .debug_str     0x000000000000026c       0x70 ../niosHello_bsp//libhal_bsp.a(alt_main.o)
                                        0x1bc (size before relaxing)
 .debug_str     0x00000000000002dc       0x20 ../niosHello_bsp//libhal_bsp.a(alt_usleep.o)
                                        0x167 (size before relaxing)
 .debug_str     0x00000000000002fc      0x19b ../niosHello_bsp//libhal_bsp.a(alt_sys_init.o)
                                        0x377 (size before relaxing)
 .debug_str     0x0000000000000497       0xb9 ../niosHello_bsp//libhal_bsp.a(altera_avalon_jtag_uart_fd.o)
                                        0x3c3 (size before relaxing)
 .debug_str     0x0000000000000550       0xd1 ../niosHello_bsp//libhal_bsp.a(altera_avalon_jtag_uart_init.o)
                                        0x357 (size before relaxing)
 .debug_str     0x0000000000000621       0x4a ../niosHello_bsp//libhal_bsp.a(altera_avalon_jtag_uart_ioctl.o)
                                        0x2b2 (size before relaxing)
 .debug_str     0x000000000000066b       0x7f ../niosHello_bsp//libhal_bsp.a(altera_avalon_jtag_uart_read.o)
                                        0x307 (size before relaxing)
 .debug_str     0x00000000000006ea       0x4a ../niosHello_bsp//libhal_bsp.a(altera_avalon_jtag_uart_write.o)
                                        0x308 (size before relaxing)
 .debug_str     0x0000000000000734       0x59 ../niosHello_bsp//libhal_bsp.a(alt_alarm_start.o)
                                        0x29d (size before relaxing)
 .debug_str     0x000000000000078d       0x42 ../niosHello_bsp//libhal_bsp.a(alt_busy_sleep.o)
                                        0x18a (size before relaxing)
 .debug_str     0x00000000000007cf       0x44 ../niosHello_bsp//libhal_bsp.a(alt_close.o)
                                        0x22a (size before relaxing)
 .debug_str     0x0000000000000813       0x34 ../niosHello_bsp//libhal_bsp.a(alt_dcache_flush_all.o)
                                        0x174 (size before relaxing)
 .debug_str     0x0000000000000847      0x120 ../niosHello_bsp//libhal_bsp.a(alt_dev.o)
                                        0x324 (size before relaxing)
 .debug_str     0x0000000000000967       0x34 ../niosHello_bsp//libhal_bsp.a(alt_dev_llist_insert.o)
                                        0x1eb (size before relaxing)
 .debug_str     0x000000000000099b       0x48 ../niosHello_bsp//libhal_bsp.a(alt_do_ctors.o)
                                         0xef (size before relaxing)
 .debug_str     0x00000000000009e3       0x4c ../niosHello_bsp//libhal_bsp.a(alt_do_dtors.o)
                                         0xee (size before relaxing)
 .debug_str     0x0000000000000a2f       0x14 ../niosHello_bsp//libhal_bsp.a(alt_errno.o)
                                        0x164 (size before relaxing)
 .debug_str     0x0000000000000a43       0x34 ../niosHello_bsp//libhal_bsp.a(alt_icache_flush_all.o)
                                        0x174 (size before relaxing)
 .debug_str     0x0000000000000a77       0xc4 ../niosHello_bsp//libhal_bsp.a(alt_iic.o)
                                        0x25d (size before relaxing)
 .debug_str     0x0000000000000b3b       0x4c ../niosHello_bsp//libhal_bsp.a(alt_iic_isr_register.o)
                                        0x207 (size before relaxing)
 .debug_str     0x0000000000000b87       0x56 ../niosHello_bsp//libhal_bsp.a(alt_io_redirect.o)
                                        0x335 (size before relaxing)
 .debug_str     0x0000000000000bdd       0x3a ../niosHello_bsp//libhal_bsp.a(alt_irq_handler.o)
                                        0x1b6 (size before relaxing)
 .debug_str     0x0000000000000c17       0x17 ../niosHello_bsp//libhal_bsp.a(alt_irq_vars.o)
                                        0x159 (size before relaxing)
 .debug_str     0x0000000000000c2e       0x2f ../niosHello_bsp//libhal_bsp.a(alt_open.o)
                                        0x26a (size before relaxing)
 .debug_str     0x0000000000000c5d       0x28 ../niosHello_bsp//libhal_bsp.a(alt_release_fd.o)
                                        0x1f2 (size before relaxing)
 .debug_str     0x0000000000000c85       0x4a ../niosHello_bsp//libhal_bsp.a(alt_tick.o)
                                        0x271 (size before relaxing)
 .debug_str     0x0000000000000ccf       0x3b ../niosHello_bsp//libhal_bsp.a(altera_nios2_gen2_irq.o)
                                        0x17b (size before relaxing)
 .debug_str     0x0000000000000d0a       0x24 ../niosHello_bsp//libhal_bsp.a(alt_find_dev.o)
                                        0x20b (size before relaxing)
 .debug_str     0x0000000000000d2e       0x26 ../niosHello_bsp//libhal_bsp.a(alt_find_file.o)
                                        0x219 (size before relaxing)
 .debug_str     0x0000000000000d54       0x30 ../niosHello_bsp//libhal_bsp.a(alt_get_fd.o)
                                        0x23b (size before relaxing)
 .debug_str     0x0000000000000d84       0x2c ../niosHello_bsp//libhal_bsp.a(alt_icache_flush.o)
                                        0x17a (size before relaxing)
 .debug_str     0x0000000000000db0      0x48b ../niosHello_bsp//libhal_bsp.a(alt_instruction_exception_entry.o)
                                        0x5bf (size before relaxing)
 .debug_str     0x000000000000123b      0x163 /home/bruno/intelFPGA/18.1/nios2eds/bin/gnu/H-x86_64-pc-linux-gnu/bin/../lib/gcc/nios2-elf/5.3.0/../../../../../H-x86_64-pc-linux-gnu/nios2-elf/lib/libc.a(lib_a-atexit.o)
                                        0x208 (size before relaxing)
 .debug_str     0x000000000000139e      0x3b2 /home/bruno/intelFPGA/18.1/nios2eds/bin/gnu/H-x86_64-pc-linux-gnu/bin/../lib/gcc/nios2-elf/5.3.0/../../../../../H-x86_64-pc-linux-gnu/nios2-elf/lib/libc.a(lib_a-exit.o)
                                        0x5a5 (size before relaxing)
 .debug_str     0x0000000000001750       0xc9 /home/bruno/intelFPGA/18.1/nios2eds/bin/gnu/H-x86_64-pc-linux-gnu/bin/../lib/gcc/nios2-elf/5.3.0/../../../../../H-x86_64-pc-linux-gnu/nios2-elf/lib/libc.a(lib_a-impure.o)
                                        0x59c (size before relaxing)
 .debug_str     0x0000000000001819       0x3c /home/bruno/intelFPGA/18.1/nios2eds/bin/gnu/H-x86_64-pc-linux-gnu/bin/../lib/gcc/nios2-elf/5.3.0/../../../../../H-x86_64-pc-linux-gnu/nios2-elf/lib/libc.a(lib_a-int_errno.o)
                                        0x1c4 (size before relaxing)
 .debug_str     0x0000000000001855       0xcd /home/bruno/intelFPGA/18.1/nios2eds/bin/gnu/H-x86_64-pc-linux-gnu/bin/../lib/gcc/nios2-elf/5.3.0/../../../../../H-x86_64-pc-linux-gnu/nios2-elf/lib/libc.a(lib_a-memcmp.o)
                                        0x1cb (size before relaxing)
 .debug_str     0x0000000000001922       0x68 /home/bruno/intelFPGA/18.1/nios2eds/bin/gnu/H-x86_64-pc-linux-gnu/bin/../lib/gcc/nios2-elf/5.3.0/../../../../../H-x86_64-pc-linux-gnu/nios2-elf/lib/libc.a(lib_a-memcpy.o)
                                        0x1f2 (size before relaxing)
 .debug_str     0x000000000000198a       0x4e /home/bruno/intelFPGA/18.1/nios2eds/bin/gnu/H-x86_64-pc-linux-gnu/bin/../lib/gcc/nios2-elf/5.3.0/../../../../../H-x86_64-pc-linux-gnu/nios2-elf/lib/libc.a(lib_a-strlen.o)
                                        0x1de (size before relaxing)
 .debug_str     0x00000000000019d8       0x3c /home/bruno/intelFPGA/18.1/nios2eds/bin/gnu/H-x86_64-pc-linux-gnu/bin/../lib/gcc/nios2-elf/5.3.0/../../../../../H-x86_64-pc-linux-gnu/nios2-elf/lib/libc.a(lib_a-__atexit.o)
                                        0x5dd (size before relaxing)
 .debug_str     0x0000000000001a14       0x62 /home/bruno/intelFPGA/18.1/nios2eds/bin/gnu/H-x86_64-pc-linux-gnu/bin/../lib/gcc/nios2-elf/5.3.0/../../../../../H-x86_64-pc-linux-gnu/nios2-elf/lib/libc.a(lib_a-__call_atexit.o)
                                        0x5c9 (size before relaxing)
 .debug_str     0x0000000000001a76      0x16e /home/bruno/intelFPGA/18.1/nios2eds/bin/gnu/H-x86_64-pc-linux-gnu/bin/../lib/gcc/nios2-elf/5.3.0/libgcc.a(lib2-divmod.o)
                                        0x1b9 (size before relaxing)
 .debug_str     0x0000000000001be4       0x2a ../niosHello_bsp//libhal_bsp.a(alt_exit.o)
                                        0x170 (size before relaxing)

.debug_loc      0x0000000000000000      0xc3e
 *(.debug_loc)
 .debug_loc     0x0000000000000000       0x2c /home/bruno/intelFPGA/18.1/nios2eds/bin/gnu/H-x86_64-pc-linux-gnu/bin/../lib/gcc/nios2-elf/5.3.0/../../../../../H-x86_64-pc-linux-gnu/nios2-elf/lib/libc.a(lib_a-atexit.o)
 .debug_loc     0x000000000000002c       0x1e /home/bruno/intelFPGA/18.1/nios2eds/bin/gnu/H-x86_64-pc-linux-gnu/bin/../lib/gcc/nios2-elf/5.3.0/../../../../../H-x86_64-pc-linux-gnu/nios2-elf/lib/libc.a(lib_a-exit.o)
 .debug_loc     0x000000000000004a      0x126 /home/bruno/intelFPGA/18.1/nios2eds/bin/gnu/H-x86_64-pc-linux-gnu/bin/../lib/gcc/nios2-elf/5.3.0/../../../../../H-x86_64-pc-linux-gnu/nios2-elf/lib/libc.a(lib_a-memcmp.o)
 .debug_loc     0x0000000000000170      0x266 /home/bruno/intelFPGA/18.1/nios2eds/bin/gnu/H-x86_64-pc-linux-gnu/bin/../lib/gcc/nios2-elf/5.3.0/../../../../../H-x86_64-pc-linux-gnu/nios2-elf/lib/libc.a(lib_a-memcpy.o)
 .debug_loc     0x00000000000003d6       0x47 /home/bruno/intelFPGA/18.1/nios2eds/bin/gnu/H-x86_64-pc-linux-gnu/bin/../lib/gcc/nios2-elf/5.3.0/../../../../../H-x86_64-pc-linux-gnu/nios2-elf/lib/libc.a(lib_a-strlen.o)
 .debug_loc     0x000000000000041d      0x185 /home/bruno/intelFPGA/18.1/nios2eds/bin/gnu/H-x86_64-pc-linux-gnu/bin/../lib/gcc/nios2-elf/5.3.0/../../../../../H-x86_64-pc-linux-gnu/nios2-elf/lib/libc.a(lib_a-__atexit.o)
 .debug_loc     0x00000000000005a2      0x1ce /home/bruno/intelFPGA/18.1/nios2eds/bin/gnu/H-x86_64-pc-linux-gnu/bin/../lib/gcc/nios2-elf/5.3.0/../../../../../H-x86_64-pc-linux-gnu/nios2-elf/lib/libc.a(lib_a-__call_atexit.o)
 .debug_loc     0x0000000000000770      0x4ce /home/bruno/intelFPGA/18.1/nios2eds/bin/gnu/H-x86_64-pc-linux-gnu/bin/../lib/gcc/nios2-elf/5.3.0/libgcc.a(lib2-divmod.o)

.debug_macinfo
 *(.debug_macinfo)

.debug_weaknames
 *(.debug_weaknames)

.debug_funcnames
 *(.debug_funcnames)

.debug_typenames
 *(.debug_typenames)

.debug_varnames
 *(.debug_varnames)

.debug_alt_sim_info
                0x0000000000000000       0x60
 *(.debug_alt_sim_info)
 .debug_alt_sim_info
                0x0000000000000000       0x30 ../niosHello_bsp//obj/HAL/src/crt0.o
 .debug_alt_sim_info
                0x0000000000000030       0x30 ../niosHello_bsp//libhal_bsp.a(alt_busy_sleep.o)
                0x000000000003d4c0                __alt_data_end = 0x3d4c0
                0x000000000003d4c0                PROVIDE (__alt_stack_pointer, __alt_data_end)
                [!provide]                        PROVIDE (__alt_stack_limit, __alt_stack_base)
                [!provide]                        PROVIDE (__alt_heap_start, end)
                [!provide]                        PROVIDE (__alt_heap_limit, 0x3d4c0)
OUTPUT(niosHello.elf elf32-littlenios2)

.debug_ranges   0x0000000000000000      0x1d8
 .debug_ranges  0x0000000000000000       0x20 ../niosHello_bsp//obj/HAL/src/crt0.o
 .debug_ranges  0x0000000000000020       0x30 ../niosHello_bsp//libhal_bsp.a(altera_avalon_jtag_uart_init.o)
 .debug_ranges  0x0000000000000050       0x18 ../niosHello_bsp//libhal_bsp.a(altera_avalon_jtag_uart_read.o)
 .debug_ranges  0x0000000000000068       0x28 ../niosHello_bsp//libhal_bsp.a(alt_irq_entry.o)
 .debug_ranges  0x0000000000000090       0x10 ../niosHello_bsp//libhal_bsp.a(alt_irq_handler.o)
 .debug_ranges  0x00000000000000a0       0x30 ../niosHello_bsp//libhal_bsp.a(alt_exception_entry.o)
 .debug_ranges  0x00000000000000d0       0x18 ../niosHello_bsp//libhal_bsp.a(alt_instruction_exception_entry.o)
 .debug_ranges  0x00000000000000e8       0x10 /home/bruno/intelFPGA/18.1/nios2eds/bin/gnu/H-x86_64-pc-linux-gnu/bin/../lib/gcc/nios2-elf/5.3.0/../../../../../H-x86_64-pc-linux-gnu/nios2-elf/lib/libc.a(lib_a-atexit.o)
 .debug_ranges  0x00000000000000f8       0x10 /home/bruno/intelFPGA/18.1/nios2eds/bin/gnu/H-x86_64-pc-linux-gnu/bin/../lib/gcc/nios2-elf/5.3.0/../../../../../H-x86_64-pc-linux-gnu/nios2-elf/lib/libc.a(lib_a-exit.o)
 .debug_ranges  0x0000000000000108       0x10 /home/bruno/intelFPGA/18.1/nios2eds/bin/gnu/H-x86_64-pc-linux-gnu/bin/../lib/gcc/nios2-elf/5.3.0/../../../../../H-x86_64-pc-linux-gnu/nios2-elf/lib/libc.a(lib_a-memcmp.o)
 .debug_ranges  0x0000000000000118       0x10 /home/bruno/intelFPGA/18.1/nios2eds/bin/gnu/H-x86_64-pc-linux-gnu/bin/../lib/gcc/nios2-elf/5.3.0/../../../../../H-x86_64-pc-linux-gnu/nios2-elf/lib/libc.a(lib_a-memcpy.o)
 .debug_ranges  0x0000000000000128       0x10 /home/bruno/intelFPGA/18.1/nios2eds/bin/gnu/H-x86_64-pc-linux-gnu/bin/../lib/gcc/nios2-elf/5.3.0/../../../../../H-x86_64-pc-linux-gnu/nios2-elf/lib/libc.a(lib_a-strlen.o)
 .debug_ranges  0x0000000000000138       0x10 /home/bruno/intelFPGA/18.1/nios2eds/bin/gnu/H-x86_64-pc-linux-gnu/bin/../lib/gcc/nios2-elf/5.3.0/../../../../../H-x86_64-pc-linux-gnu/nios2-elf/lib/libc.a(lib_a-__atexit.o)
 .debug_ranges  0x0000000000000148       0x30 /home/bruno/intelFPGA/18.1/nios2eds/bin/gnu/H-x86_64-pc-linux-gnu/bin/../lib/gcc/nios2-elf/5.3.0/../../../../../H-x86_64-pc-linux-gnu/nios2-elf/lib/libc.a(lib_a-__call_atexit.o)
 .debug_ranges  0x0000000000000178       0x60 /home/bruno/intelFPGA/18.1/nios2eds/bin/gnu/H-x86_64-pc-linux-gnu/bin/../lib/gcc/nios2-elf/5.3.0/libgcc.a(lib2-divmod.o)
